Archive member included to satisfy reference by file (symbol)

/Applications/STM32CubeIDE.app/Contents/Eclipse/plugins/com.st.stm32cube.ide.mcu.externaltools.gnu-tools-for-stm32.12.3.rel1.macos64_1.0.100.202403111906/tools/bin/../lib/gcc/arm-none-eabi/12.3.1/../../../../arm-none-eabi/lib/thumb/v7e-m+fp/hard/libc_nano.a(libc_a-exit.o)
                              /Applications/STM32CubeIDE.app/Contents/Eclipse/plugins/com.st.stm32cube.ide.mcu.externaltools.gnu-tools-for-stm32.12.3.rel1.macos64_1.0.100.202403111906/tools/bin/../lib/gcc/arm-none-eabi/12.3.1/../../../../arm-none-eabi/lib/thumb/v7e-m+fp/hard/crt0.o (exit)
/Applications/STM32CubeIDE.app/Contents/Eclipse/plugins/com.st.stm32cube.ide.mcu.externaltools.gnu-tools-for-stm32.12.3.rel1.macos64_1.0.100.202403111906/tools/bin/../lib/gcc/arm-none-eabi/12.3.1/../../../../arm-none-eabi/lib/thumb/v7e-m+fp/hard/libc_nano.a(libc_a-malloc.o)
                              ./Middlewares/ST/STM32_USB_Host_Library/Class/CDC/Src/usbh_cdc.o (malloc)
/Applications/STM32CubeIDE.app/Contents/Eclipse/plugins/com.st.stm32cube.ide.mcu.externaltools.gnu-tools-for-stm32.12.3.rel1.macos64_1.0.100.202403111906/tools/bin/../lib/gcc/arm-none-eabi/12.3.1/../../../../arm-none-eabi/lib/thumb/v7e-m+fp/hard/libc_nano.a(libc_a-mallocr.o)
                              /Applications/STM32CubeIDE.app/Contents/Eclipse/plugins/com.st.stm32cube.ide.mcu.externaltools.gnu-tools-for-stm32.12.3.rel1.macos64_1.0.100.202403111906/tools/bin/../lib/gcc/arm-none-eabi/12.3.1/../../../../arm-none-eabi/lib/thumb/v7e-m+fp/hard/libc_nano.a(libc_a-malloc.o) (_malloc_r)
/Applications/STM32CubeIDE.app/Contents/Eclipse/plugins/com.st.stm32cube.ide.mcu.externaltools.gnu-tools-for-stm32.12.3.rel1.macos64_1.0.100.202403111906/tools/bin/../lib/gcc/arm-none-eabi/12.3.1/../../../../arm-none-eabi/lib/thumb/v7e-m+fp/hard/libc_nano.a(libc_a-mlock.o)
                              /Applications/STM32CubeIDE.app/Contents/Eclipse/plugins/com.st.stm32cube.ide.mcu.externaltools.gnu-tools-for-stm32.12.3.rel1.macos64_1.0.100.202403111906/tools/bin/../lib/gcc/arm-none-eabi/12.3.1/../../../../arm-none-eabi/lib/thumb/v7e-m+fp/hard/libc_nano.a(libc_a-mallocr.o) (__malloc_lock)
/Applications/STM32CubeIDE.app/Contents/Eclipse/plugins/com.st.stm32cube.ide.mcu.externaltools.gnu-tools-for-stm32.12.3.rel1.macos64_1.0.100.202403111906/tools/bin/../lib/gcc/arm-none-eabi/12.3.1/../../../../arm-none-eabi/lib/thumb/v7e-m+fp/hard/libc_nano.a(libc_a-findfp.o)
                              /Applications/STM32CubeIDE.app/Contents/Eclipse/plugins/com.st.stm32cube.ide.mcu.externaltools.gnu-tools-for-stm32.12.3.rel1.macos64_1.0.100.202403111906/tools/bin/../lib/gcc/arm-none-eabi/12.3.1/../../../../arm-none-eabi/lib/thumb/v7e-m+fp/hard/libc_nano.a(libc_a-exit.o) (__stdio_exit_handler)
/Applications/STM32CubeIDE.app/Contents/Eclipse/plugins/com.st.stm32cube.ide.mcu.externaltools.gnu-tools-for-stm32.12.3.rel1.macos64_1.0.100.202403111906/tools/bin/../lib/gcc/arm-none-eabi/12.3.1/../../../../arm-none-eabi/lib/thumb/v7e-m+fp/hard/libc_nano.a(libc_a-fwalk.o)
                              /Applications/STM32CubeIDE.app/Contents/Eclipse/plugins/com.st.stm32cube.ide.mcu.externaltools.gnu-tools-for-stm32.12.3.rel1.macos64_1.0.100.202403111906/tools/bin/../lib/gcc/arm-none-eabi/12.3.1/../../../../arm-none-eabi/lib/thumb/v7e-m+fp/hard/libc_nano.a(libc_a-findfp.o) (_fwalk_sglue)
/Applications/STM32CubeIDE.app/Contents/Eclipse/plugins/com.st.stm32cube.ide.mcu.externaltools.gnu-tools-for-stm32.12.3.rel1.macos64_1.0.100.202403111906/tools/bin/../lib/gcc/arm-none-eabi/12.3.1/../../../../arm-none-eabi/lib/thumb/v7e-m+fp/hard/libc_nano.a(libc_a-memset.o)
                              /Applications/STM32CubeIDE.app/Contents/Eclipse/plugins/com.st.stm32cube.ide.mcu.externaltools.gnu-tools-for-stm32.12.3.rel1.macos64_1.0.100.202403111906/tools/bin/../lib/gcc/arm-none-eabi/12.3.1/../../../../arm-none-eabi/lib/thumb/v7e-m+fp/hard/crt0.o (memset)
/Applications/STM32CubeIDE.app/Contents/Eclipse/plugins/com.st.stm32cube.ide.mcu.externaltools.gnu-tools-for-stm32.12.3.rel1.macos64_1.0.100.202403111906/tools/bin/../lib/gcc/arm-none-eabi/12.3.1/../../../../arm-none-eabi/lib/thumb/v7e-m+fp/hard/libc_nano.a(libc_a-impure.o)
                              /Applications/STM32CubeIDE.app/Contents/Eclipse/plugins/com.st.stm32cube.ide.mcu.externaltools.gnu-tools-for-stm32.12.3.rel1.macos64_1.0.100.202403111906/tools/bin/../lib/gcc/arm-none-eabi/12.3.1/../../../../arm-none-eabi/lib/thumb/v7e-m+fp/hard/libc_nano.a(libc_a-malloc.o) (_impure_ptr)
/Applications/STM32CubeIDE.app/Contents/Eclipse/plugins/com.st.stm32cube.ide.mcu.externaltools.gnu-tools-for-stm32.12.3.rel1.macos64_1.0.100.202403111906/tools/bin/../lib/gcc/arm-none-eabi/12.3.1/../../../../arm-none-eabi/lib/thumb/v7e-m+fp/hard/libc_nano.a(libc_a-sbrkr.o)
[...]
Memory Configuration

Name             Origin             Length             Attributes
CCMRAM           0x10000000         0x00010000         xrw
RAM              0x20000000         0x00020000         xrw
FLASH            0x08000000         0x00100000         xr
*default*        0x00000000         0xffffffff

Linker script and memory map

LOAD /Applications/STM32CubeIDE.app/Contents/Eclipse/plugins/com.st.stm32cube.ide.mcu.externaltools.gnu-tools-for-stm32.12.3.rel1.macos64_1.0.100.202403111906/tools/bin/../lib/gcc/arm-none-eabi/12.3.1/thumb/v7e-m+fp/hard/crti.o
LOAD /Applications/STM32CubeIDE.app/Contents/Eclipse/plugins/com.st.stm32cube.ide.mcu.externaltools.gnu-tools-for-stm32.12.3.rel1.macos64_1.0.100.202403111906/tools/bin/../lib/gcc/arm-none-eabi/12.3.1/thumb/v7e-m+fp/hard/crtbegin.o
LOAD /Applications/STM32CubeIDE.app/Contents/Eclipse/plugins/com.st.stm32cube.ide.mcu.externaltools.gnu-tools-for-stm32.12.3.rel1.macos64_1.0.100.202403111906/tools/bin/../lib/gcc/arm-none-eabi/12.3.1/../../../../arm-none-eabi/lib/thumb/v7e-m+fp/hard/crt0.o
LOAD ./Core/Src/decompose.o
LOAD ./Core/Src/encoding.o
LOAD ./Core/Src/fast_exp_asm.o
LOAD ./Core/Src/fast_sampler.o
LOAD ./Core/Src/fft.o
LOAD ./Core/Src/fips202.o
LOAD ./Core/Src/fixpoint.o
LOAD ./Core/Src/fp84_76.o
LOAD ./Core/Src/keccakf1600.o
LOAD ./Core/Src/main.o
LOAD ./Core/Src/ntt332.o
LOAD ./Core/Src/packing.o
LOAD ./Core/Src/poly.o
LOAD ./Core/Src/polyfix.o
LOAD ./Core/Src/polymat.o
LOAD ./Core/Src/polyvec.o
LOAD ./Core/Src/randombytes.o
LOAD ./Core/Src/reduce.o
LOAD ./Core/Src/sampler.o
LOAD ./Core/Src/sign.o
LOAD ./Core/Src/stm32f4xx_hal_msp.o
LOAD ./Core/Src/stm32f4xx_it.o
LOAD ./Core/Src/symmetric-shake.o
LOAD ./Core/Src/syscalls.o
LOAD ./Core/Src/sysmem.o
LOAD ./Core/Src/system_stm32f4xx.o
LOAD ./Core/Startup/startup_stm32f407vgtx.o
LOAD ./Drivers/STM32F4xx_HAL_Driver/Src/stm32f4xx_hal.o
LOAD ./Drivers/STM32F4xx_HAL_Driver/Src/stm32f4xx_hal_cortex.o
LOAD ./Drivers/STM32F4xx_HAL_Driver/Src/stm32f4xx_hal_dma.o
LOAD ./Drivers/STM32F4xx_HAL_Driver/Src/stm32f4xx_hal_dma_ex.o
LOAD ./Drivers/STM32F4xx_HAL_Driver/Src/stm32f4xx_hal_exti.o
LOAD ./Drivers/STM32F4xx_HAL_Driver/Src/stm32f4xx_hal_flash.o
LOAD ./Drivers/STM32F4xx_HAL_Driver/Src/stm32f4xx_hal_flash_ex.o
LOAD ./Drivers/STM32F4xx_HAL_Driver/Src/stm32f4xx_hal_flash_ramfunc.o
LOAD ./Drivers/STM32F4xx_HAL_Driver/Src/stm32f4xx_hal_gpio.o
LOAD ./Drivers/STM32F4xx_HAL_Driver/Src/stm32f4xx_hal_hcd.o
LOAD ./Drivers/STM32F4xx_HAL_Driver/Src/stm32f4xx_hal_i2c.o
LOAD ./Drivers/STM32F4xx_HAL_Driver/Src/stm32f4xx_hal_i2c_ex.o
LOAD ./Drivers/STM32F4xx_HAL_Driver/Src/stm32f4xx_hal_i2s.o
LOAD ./Drivers/STM32F4xx_HAL_Driver/Src/stm32f4xx_hal_i2s_ex.o
LOAD ./Drivers/STM32F4xx_HAL_Driver/Src/stm32f4xx_hal_pwr.o
LOAD ./Drivers/STM32F4xx_HAL_Driver/Src/stm32f4xx_hal_pwr_ex.o
LOAD ./Drivers/STM32F4xx_HAL_Driver/Src/stm32f4xx_hal_rcc.o
LOAD ./Drivers/STM32F4xx_HAL_Driver/Src/stm32f4xx_hal_rcc_ex.o
LOAD ./Drivers/STM32F4xx_HAL_Driver/Src/stm32f4xx_hal_spi.o
LOAD ./Drivers/STM32F4xx_HAL_Driver/Src/stm32f4xx_hal_tim.o
LOAD ./Drivers/STM32F4xx_HAL_Driver/Src/stm32f4xx_hal_tim_ex.o
LOAD ./Drivers/STM32F4xx_HAL_Driver/Src/stm32f4xx_ll_usb.o
LOAD ./Middlewares/ST/STM32_USB_Host_Library/Class/CDC/Src/usbh_cdc.o
LOAD ./Middlewares/ST/STM32_USB_Host_Library/Core/Src/usbh_core.o
LOAD ./Middlewares/ST/STM32_USB_Host_Library/Core/Src/usbh_ctlreq.o
LOAD ./Middlewares/ST/STM32_USB_Host_Library/Core/Src/usbh_ioreq.o
LOAD ./Middlewares/ST/STM32_USB_Host_Library/Core/Src/usbh_pipes.o
LOAD ./USB_HOST/App/usb_host.o
LOAD ./USB_HOST/Target/usbh_conf.o
LOAD ./USB_HOST/Target/usbh_platform.o
START GROUP
LOAD /Applications/STM32CubeIDE.app/Contents/Eclipse/plugins/com.st.stm32cube.ide.mcu.externaltools.gnu-tools-for-stm32.12.3.rel1.macos64_1.0.100.202403111906/tools/bin/../lib/gcc/arm-none-eabi/12.3.1/../../../../arm-none-eabi/lib/thumb/v7e-m+fp/hard/libc_nano.a
LOAD /Applications/STM32CubeIDE.app/Contents/Eclipse/plugins/com.st.stm32cube.ide.mcu.externaltools.gnu-tools-for-stm32.12.3.rel1.macos64_1.0.100.202403111906/tools/bin/../lib/gcc/arm-none-eabi/12.3.1/../../../../arm-none-eabi/lib/thumb/v7e-m+fp/hard/libm.a
END GROUP
START GROUP
LOAD /Applications/STM32CubeIDE.app/Contents/Eclipse/plugins/com.st.stm32cube.ide.mcu.externaltools.gnu-tools-for-stm32.12.3.rel1.macos64_1.0.100.202403111906/tools/bin/../lib/gcc/arm-none-eabi/12.3.1/thumb/v7e-m+fp/hard/libgcc.a
LOAD /Applications/STM32CubeIDE.app/Contents/Eclipse/plugins/com.st.stm32cube.ide.mcu.externaltools.gnu-tools-for-stm32.12.3.rel1.macos64_1.0.100.202403111906/tools/bin/../lib/gcc/arm-none-eabi/12.3.1/../../../../arm-none-eabi/lib/thumb/v7e-m+fp/hard/libc_nano.a
END GROUP
START GROUP
LOAD /Applications/STM32CubeIDE.app/Contents/Eclipse/plugins/com.st.stm32cube.ide.mcu.externaltools.gnu-tools-for-stm32.12.3.rel1.macos64_1.0.100.202403111906/tools/bin/../lib/gcc/arm-none-eabi/12.3.1/thumb/v7e-m+fp/hard/libgcc.a
LOAD /Applications/STM32CubeIDE.app/Contents/Eclipse/plugins/com.st.stm32cube.ide.mcu.externaltools.gnu-tools-for-stm32.12.3.rel1.macos64_1.0.100.202403111906/tools/bin/../lib/gcc/arm-none-eabi/12.3.1/../../../../arm-none-eabi/lib/thumb/v7e-m+fp/hard/libc_nano.a
LOAD /Applications/STM32CubeIDE.app/Contents/Eclipse/plugins/com.st.stm32cube.ide.mcu.externaltools.gnu-tools-for-stm32.12.3.rel1.macos64_1.0.100.202403111906/tools/bin/../lib/gcc/arm-none-eabi/12.3.1/../../../../arm-none-eabi/lib/thumb/v7e-m+fp/hard/libnosys.a
END GROUP
START GROUP
LOAD /Applications/STM32CubeIDE.app/Contents/Eclipse/plugins/com.st.stm32cube.ide.mcu.externaltools.gnu-tools-for-stm32.12.3.rel1.macos64_1.0.100.202403111906/tools/bin/../lib/gcc/arm-none-eabi/12.3.1/thumb/v7e-m+fp/hard/libgcc.a
LOAD /Applications/STM32CubeIDE.app/Contents/Eclipse/plugins/com.st.stm32cube.ide.mcu.externaltools.gnu-tools-for-stm32.12.3.rel1.macos64_1.0.100.202403111906/tools/bin/../lib/gcc/arm-none-eabi/12.3.1/../../../../arm-none-eabi/lib/thumb/v7e-m+fp/hard/libc_nano.a
LOAD /Applications/STM32CubeIDE.app/Contents/Eclipse/plugins/com.st.stm32cube.ide.mcu.externaltools.gnu-tools-for-stm32.12.3.rel1.macos64_1.0.100.202403111906/tools/bin/../lib/gcc/arm-none-eabi/12.3.1/../../../../arm-none-eabi/lib/thumb/v7e-m+fp/hard/libnosys.a
END GROUP
LOAD /Applications/STM32CubeIDE.app/Contents/Eclipse/plugins/com.st.stm32cube.ide.mcu.externaltools.gnu-tools-for-stm32.12.3.rel1.macos64_1.0.100.202403111906/tools/bin/../lib/gcc/arm-none-eabi/12.3.1/thumb/v7e-m+fp/hard/crtend.o
LOAD /Applications/STM32CubeIDE.app/Contents/Eclipse/plugins/com.st.stm32cube.ide.mcu.externaltools.gnu-tools-for-stm32.12.3.rel1.macos64_1.0.100.202403111906/tools/bin/../lib/gcc/arm-none-eabi/12.3.1/thumb/v7e-m+fp/hard/crtn.o
                0x20020000                        _estack = (ORIGIN (RAM) + LENGTH (RAM))
                0x00000200                        _Min_Heap_Size = 0x200
                0x00000400                        _Min_Stack_Size = 0x400

.isr_vector     0x08000000      0x188
                0x08000000                        . = ALIGN (0x4)
 *(.isr_vector)
 .isr_vector    0x08000000      0x188 ./Core/Startup/startup_stm32f407vgtx.o
                0x08000000                g_pfnVectors
                0x08000188                        . = ALIGN (0x4)

.text           0x08000190    0x15578
                0x08000190                        . = ALIGN (0x4)
 *(.text)
 .text          0x08000190       0x40 /Applications/STM32CubeIDE.app/Contents/Eclipse/plugins/com.st.stm32cube.ide.mcu.externaltools.gnu-tools-for-stm32.12.3.rel1.macos64_1.0.100.202403111906/tools/bin/../lib/gcc/arm-none-eabi/12.3.1/thumb/v7e-m+fp/hard/crtbegin.o
 .text          0x080001d0      0x25c ./Core/Src/fast_exp_asm.o
                0x080001d0                haetae_approx_exp_asm
 *fill*         0x0800042c        0x4 
 .text          0x08000430       0xf0 ./Core/Src/fast_sampler.o
                0x08000434                haetae_fast_sample_gauss16
 .text          0x08000520      0xa08 ./Core/Src/ntt332.o
                0x08000524                haetae_ntt332
                0x08000aec                haetae_invntt332_tomont
 .text          0x08000f28      0x378 /Applications/STM32CubeIDE.app/Contents/Eclipse/plugins/com.st.stm32cube.ide.mcu.externaltools.gnu-tools-for-stm32.12.3.rel1.macos64_1.0.100.202403111906/tools/bin/../lib/gcc/arm-none-eabi/12.3.1/thumb/v7e-m+fp/hard/libgcc.a(_arm_addsubdf3.o)
                0x08000f28                __aeabi_drsub
                0x08000f30                __subdf3
                0x08000f30                __aeabi_dsub
                0x08000f34                __aeabi_dadd
                0x08000f34                __adddf3
                0x080011ac                __aeabi_ui2d
                0x080011ac                __floatunsidf
                0x080011cc                __floatsidf
                0x080011cc                __aeabi_i2d
                0x080011f0                __extendsfdf2
                0x080011f0                __aeabi_f2d
                0x08001234                __aeabi_ul2d
                0x08001234                __floatundidf
                0x08001244                __aeabi_l2d
                0x08001244                __floatdidf
 .text          0x080012a0      0x110 /Applications/STM32CubeIDE.app/Contents/Eclipse/plugins/com.st.stm32cube.ide.mcu.externaltools.gnu-tools-for-stm32.12.3.rel1.macos64_1.0.100.202403111906/tools/bin/../lib/gcc/arm-none-eabi/12.3.1/thumb/v7e-m+fp/hard/libgcc.a(_arm_cmpdf2.o)
                0x080012a0                __gedf2
                0x080012a0                __gtdf2
                0x080012a8                __ledf2
                0x080012a8                __ltdf2
                0x080012b0                __cmpdf2
                0x080012b0                __eqdf2
                0x080012b0                __nedf2
                0x0800132c                __aeabi_cdrcmple
                0x0800133c                __aeabi_cdcmple
                0x0800133c                __aeabi_cdcmpeq
                0x0800134c                __aeabi_dcmpeq
                0x08001360                __aeabi_dcmplt
                0x08001374                __aeabi_dcmple
                0x08001388                __aeabi_dcmpge
                0x0800139c                __aeabi_dcmpgt
 .text          0x080013b0       0x30 /Applications/STM32CubeIDE.app/Contents/Eclipse/plugins/com.st.stm32cube.ide.mcu.externaltools.gnu-tools-for-stm32.12.3.rel1.macos64_1.0.100.202403111906/tools/bin/../lib/gcc/arm-none-eabi/12.3.1/thumb/v7e-m+fp/hard/libgcc.a(_aeabi_uldivmod.o)
                0x080013b0                __aeabi_uldivmod
 .text          0x080013e0      0x2bc /Applications/STM32CubeIDE.app/Contents/Eclipse/plugins/com.st.stm32cube.ide.mcu.externaltools.gnu-tools-for-stm32.12.3.rel1.macos64_1.0.100.202403111906/tools/bin/../lib/gcc/arm-none-eabi/12.3.1/thumb/v7e-m+fp/hard/libgcc.a(_udivmoddi4.o)
                0x080013e0                __udivmoddi4
 .text          0x0800169c        0x4 /Applications/STM32CubeIDE.app/Contents/Eclipse/plugins/com.st.stm32cube.ide.mcu.externaltools.gnu-tools-for-stm32.12.3.rel1.macos64_1.0.100.202403111906/tools/bin/../lib/gcc/arm-none-eabi/12.3.1/thumb/v7e-m+fp/hard/libgcc.a(_dvmd_tls.o)
                0x0800169c                __aeabi_ldiv0
                0x0800169c                __aeabi_idiv0
 *(.text*)
 .text.decompose_z1
                0x080016a0       0x60 ./Core/Src/decompose.o
                0x080016a0                decompose_z1
 .text.decompose_hint
                0x08001700       0x3c ./Core/Src/decompose.o
                0x08001700                decompose_hint
 .text.decompose_vk
                0x0800173c       0x40 ./Core/Src/decompose.o
                0x0800173c                decompose_vk
 .text.RansEncInit
                0x0800177c       0x1c ./Core/Src/encoding.o
 .text.RansEncFlush
                0x08001798       0x5a ./Core/Src/encoding.o
 .text.RansDecInit
                0x080017f2       0x72 ./Core/Src/encoding.o
 .text.RansDecGet
                0x08001864       0x26 ./Core/Src/encoding.o
 .text.RansDecAdvance
                0x0800188a       0x8c ./Core/Src/encoding.o
 .text.RansEncPutSymbol
                0x08001916       0xaa ./Core/Src/encoding.o
 .text.RansDecAdvanceSymbol
                0x080019c0       0x34 ./Core/Src/encoding.o
 .text.RansDecVerify
                0x080019f4       0x24 ./Core/Src/encoding.o
 .text.encode_h
                0x08001a18      0x118 ./Core/Src/encoding.o
                0x08001a18                encode_h
 .text.decode_h
                0x08001b30       0xe4 ./Core/Src/encoding.o
                0x08001b30                decode_h
 .text.encode_hb_z1
                0x08001c14      0x10c ./Core/Src/encoding.o
                0x08001c14                encode_hb_z1
 .text.decode_hb_z1
                0x08001d20       0xd8 ./Core/Src/encoding.o
                0x08001d20                decode_hb_z1
 .text._mulrnd16
                0x08001df8       0x5c ./Core/Src/fft.o
 .text._complex_mul_real
                0x08001e54       0x3a ./Core/Src/fft.o
 .text._complex_mul_imag
                0x08001e8e       0x3a ./Core/Src/fft.o
 .text._complex_mul
                0x08001ec8       0x48 ./Core/Src/fft.o
 .text.fft_bitrev
                0x08001f10       0x90 ./Core/Src/fft.o
                0x08001f10                fft_bitrev
 .text.complex_fp_sqabs
                0x08001fa0       0x32 ./Core/Src/fft.o
                0x08001fa0                complex_fp_sqabs
 *fill*         0x08001fd2        0x2 
 .text.fft      0x08001fd4       0xf4 ./Core/Src/fft.o
                0x08001fd4                fft
 .text.keccak_inc_init
                0x080020c8       0x4c ./Core/Src/fips202.o
 .text.keccak_inc_absorb
                0x08002114       0xdc ./Core/Src/fips202.o
 .text.keccak_inc_finalize
                0x080021f0       0x84 ./Core/Src/fips202.o
 .text.keccak_inc_squeeze
                0x08002274       0xe0 ./Core/Src/fips202.o
 .text.shake128_inc_init
                0x08002354       0x18 ./Core/Src/fips202.o
                0x08002354                shake128_inc_init
 .text.shake128_inc_absorb
                0x0800236c       0x20 ./Core/Src/fips202.o
                0x0800236c                shake128_inc_absorb
 .text.shake128_inc_finalize
                0x0800238c       0x1c ./Core/Src/fips202.o
                0x0800238c                shake128_inc_finalize
 .text.shake128_inc_squeeze
                0x080023a8       0x20 ./Core/Src/fips202.o
                0x080023a8                shake128_inc_squeeze
 .text.shake256_inc_init
                0x080023c8       0x18 ./Core/Src/fips202.o
                0x080023c8                shake256_inc_init
 .text.shake256_inc_absorb
                0x080023e0       0x20 ./Core/Src/fips202.o
                0x080023e0                shake256_inc_absorb
 .text.shake256_inc_finalize
                0x08002400       0x1c ./Core/Src/fips202.o
                0x08002400                shake256_inc_finalize
 .text.shake256_inc_squeeze
                0x0800241c       0x20 ./Core/Src/fips202.o
                0x0800241c                shake256_inc_squeeze
 .text.shake256
                0x0800243c       0x4a ./Core/Src/fips202.o
                0x0800243c                shake256
 .text.renormalize
                0x08002486       0x4e ./Core/Src/fixpoint.o
 .text.mul64    0x080024d4      0x1a2 ./Core/Src/fixpoint.o
 .text.sq64     0x08002676       0xf6 ./Core/Src/fixpoint.o
 .text.mul48    0x0800276c       0x8a ./Core/Src/fixpoint.o
 .text.mulacc48
                0x080027f6       0x60 ./Core/Src/fixpoint.o
 .text.sq48     0x08002856      0x15e ./Core/Src/fixpoint.o
 .text.__cneg   0x080029b4       0xbe ./Core/Src/fixpoint.o
 .text.__copy_cneg
                0x08002a72       0xbe ./Core/Src/fixpoint.o
 .text.fixpoint_mul
                0x08002b30      0x21a ./Core/Src/fixpoint.o
 .text.fixpoint_unsigned_signed_mul
                0x08002d4a       0x5a ./Core/Src/fixpoint.o
 .text.fixpoint_sub
                0x08002da4       0x30 ./Core/Src/fixpoint.o
 .text.fixpoint_sub_from_threehalves
                0x08002dd4       0x32 ./Core/Src/fixpoint.o
 .text.fixpoint_square
                0x08002e06      0x1be ./Core/Src/fixpoint.o
                0x08002e06                fixpoint_square
 .text.fixpoint_newton_invsqrt
                0x08002fc4       0x7c ./Core/Src/fixpoint.o
                0x08002fc4                fixpoint_newton_invsqrt
 .text.fixpoint_mul_rnd13
                0x08003040       0x98 ./Core/Src/fixpoint.o
                0x08003040                fixpoint_mul_rnd13
 .text.fixpoint_add
                0x080030d8       0x4c ./Core/Src/fixpoint.o
                0x080030d8                fixpoint_add
 .text.low_word
                0x08003124       0x18 ./Core/Src/fp84_76.o
 .text.extract_bits_20_to_27
                0x0800313c       0x1a ./Core/Src/fp84_76.o
 .text.assemble_8_and_20_bits
                0x08003156       0x22 ./Core/Src/fp84_76.o
 .text.fp84_76_square
                0x08003178      0x3c8 ./Core/Src/fp84_76.o
                0x08003178                fp84_76_square
 .text.convert_fp112_76_to_fp96_76
                0x08003540      0x114 ./Core/Src/fp84_76.o
                0x08003540                convert_fp112_76_to_fp96_76
 .text.conditional_accumulate_fp112_96
                0x08003654       0x54 ./Core/Src/fp84_76.o
                0x08003654                conditional_accumulate_fp112_96
 .text.normalize_fp112_96
                0x080036a8       0x8c ./Core/Src/fp84_76.o
                0x080036a8                normalize_fp112_96
 .text.set_to_zero_112
                0x08003734       0x2c ./Core/Src/fp84_76.o
                0x08003734                set_to_zero_112
 .text.KeccakF1600_StateExtractBytes
                0x08003760       0x72 ./Core/Src/keccakf1600.o
                0x08003760                KeccakF1600_StateExtractBytes
 .text.KeccakF1600_StateXORBytes
                0x080037d2       0x96 ./Core/Src/keccakf1600.o
                0x080037d2                KeccakF1600_StateXORBytes
 .text.KeccakF1600_StatePermute
                0x08003868     0x30d0 ./Core/Src/keccakf1600.o
                0x08003868                KeccakF1600_StatePermute
 .text.main     0x08006938      0x1ae ./Core/Src/main.o
                0x08006938                main
 *fill*         0x08006ae6        0x2 
 .text.SystemClock_Config
                0x08006ae8       0xd4 ./Core/Src/main.o
                0x08006ae8                SystemClock_Config
 .text.MX_I2C1_Init
                0x08006bbc       0x5c ./Core/Src/main.o
 .text.MX_I2S3_Init
                0x08006c18       0x60 ./Core/Src/main.o
 .text.MX_SPI1_Init
                0x08006c78       0x6c ./Core/Src/main.o
 .text.MX_GPIO_Init
                0x08006ce4      0x1fc ./Core/Src/main.o
 .text.Error_Handler
                0x08006ee0        0xc ./Core/Src/main.o
                0x08006ee0                Error_Handler
 .text.pack_pk  0x08006eec       0x56 ./Core/Src/packing.o
                0x08006eec                pack_pk
 .text.unpack_pk
                0x08006f42       0x56 ./Core/Src/packing.o
                0x08006f42                unpack_pk
 .text.pack_sk  0x08006f98       0x98 ./Core/Src/packing.o
                0x08006f98                pack_sk
 .text.unpack_sk
                0x08007030       0xc8 ./Core/Src/packing.o
                0x08007030                unpack_sk
 .text.pack_sig
                0x080070f8      0x260 ./Core/Src/packing.o
                0x080070f8                pack_sig
 .text.unpack_sig
                0x08007358      0x11e ./Core/Src/packing.o
                0x08007358                unpack_sig
 .text.poly_decompose_vk
                0x08007476       0x46 ./Core/Src/poly.o
                0x08007476                poly_decompose_vk
 .text.poly_clone
                0x080074bc       0x3a ./Core/Src/poly.o
                0x080074bc                poly_clone
 .text.poly_add
                0x080074f6       0x46 ./Core/Src/poly.o
                0x080074f6                poly_add
 .text.poly_sub
                0x0800753c       0x46 ./Core/Src/poly.o
                0x0800753c                poly_sub
 .text.poly_cneg
                0x08007582       0x48 ./Core/Src/poly.o
                0x08007582                poly_cneg
 .text.poly_shl
                0x080075ca       0x42 ./Core/Src/poly.o
                0x080075ca                poly_shl
 .text.poly_double
                0x0800760c       0x3a ./Core/Src/poly.o
                0x0800760c                poly_double
 .text.poly_pointwise_montgomery
                0x08007646       0x6c ./Core/Src/poly.o
                0x08007646                poly_pointwise_montgomery
 .text.poly_pointwise_montgomery_mixed
                0x080076b2       0x6e ./Core/Src/poly.o
                0x080076b2                poly_pointwise_montgomery_mixed
 .text.poly_reduce2q
                0x08007720       0x3c ./Core/Src/poly.o
                0x08007720                poly_reduce2q
 .text.poly_freeze2q
                0x0800775c       0x3c ./Core/Src/poly.o
                0x0800775c                poly_freeze2q
 .text.poly_freeze
                0x08007798       0x3c ./Core/Src/poly.o
                0x08007798                poly_freeze
 .text.poly_highbits
                0x080077d4       0x40 ./Core/Src/poly.o
                0x080077d4                poly_highbits
 .text.poly_lowbits
                0x08007814       0x48 ./Core/Src/poly.o
                0x08007814                poly_lowbits
 .text.poly_compose
                0x0800785c       0x4c ./Core/Src/poly.o
                0x0800785c                poly_compose
 .text.poly_lsb
                0x080078a8       0x3e ./Core/Src/poly.o
                0x080078a8                poly_lsb
 .text.poly_uniform
                0x080078e6      0x136 ./Core/Src/poly.o
                0x080078e6                poly_uniform
 .text.poly_uniform_frozen
                0x08007a1c      0x136 ./Core/Src/poly.o
                0x08007a1c                poly_uniform_frozen
 .text.poly_uniform_eta
                0x08007b52       0xca ./Core/Src/poly.o
                0x08007b52                poly_uniform_eta
 .text.poly_challenge
                0x08007c1c      0x12c ./Core/Src/poly.o
                0x08007c1c                poly_challenge
 .text.poly_decomposed_pack
                0x08007d48       0x3c ./Core/Src/poly.o
                0x08007d48                poly_decomposed_pack
 .text.poly_decomposed_unpack
                0x08007d84       0x3e ./Core/Src/poly.o
                0x08007d84                poly_decomposed_unpack
 .text.poly_caddDQ2ALPHA
                0x08007dc2       0x48 ./Core/Src/poly.o
                0x08007dc2                poly_caddDQ2ALPHA
 .text.poly_highbits_hint
                0x08007e0a       0x3c ./Core/Src/poly.o
                0x08007e0a                poly_highbits_hint
 .text.poly_pack_highbits
                0x08007e46      0x2f6 ./Core/Src/poly.o
                0x08007e46                poly_pack_highbits
 .text.poly_pack_lsb
                0x0800813c       0x70 ./Core/Src/poly.o
                0x0800813c                poly_pack_lsb
 .text.polyq_pack
                0x080081ac      0x25a ./Core/Src/poly.o
                0x080081ac                polyq_pack
 .text.polyq_unpack
                0x08008406      0x206 ./Core/Src/poly.o
                0x08008406                polyq_unpack
 .text.polyeta_pack
                0x0800860c       0xe4 ./Core/Src/poly.o
                0x0800860c                polyeta_pack
 .text.polyeta_unpack
                0x080086f0      0x15e ./Core/Src/poly.o
                0x080086f0                polyeta_unpack
 .text.poly2eta_pack
                0x0800884e      0x168 ./Core/Src/poly.o
                0x0800884e                poly2eta_pack
 .text.poly2eta_unpack
                0x080089b6      0x254 ./Core/Src/poly.o
                0x080089b6                poly2eta_unpack
 .text.poly_fromcrt
                0x08008c0a       0x5e ./Core/Src/poly.o
                0x08008c0a                poly_fromcrt
 .text.poly_fromcrt0
                0x08008c68       0x4e ./Core/Src/poly.o
                0x08008c68                poly_fromcrt0
 .text.poly_ntt
                0x08008cb6       0x18 ./Core/Src/poly.o
                0x08008cb6                poly_ntt
 .text.poly_invntt_tomont
                0x08008cce       0x18 ./Core/Src/poly.o
                0x08008cce                poly_invntt_tomont
 .text.renormalize
                0x08008ce6       0x4e ./Core/Src/polyfix.o
 .text.mul64    0x08008d34      0x1a2 ./Core/Src/polyfix.o
 .text.mul48    0x08008ed6       0x8a ./Core/Src/polyfix.o
 .text.fixpoint_mul_high
                0x08008f60      0x120 ./Core/Src/polyfix.o
 .text.polyfix_add
                0x08009080       0x48 ./Core/Src/polyfix.o
                0x08009080                polyfix_add
 .text.polyfix_sub
                0x080090c8       0x46 ./Core/Src/polyfix.o
                0x080090c8                polyfix_sub
 .text.fix_round
                0x0800910e       0x3c ./Core/Src/polyfix.o
                0x0800910e                fix_round
 .text.polyfix_round
                0x0800914a       0x3e ./Core/Src/polyfix.o
                0x0800914a                polyfix_round
 .text.polyfixveck_round
                0x08009188       0x3c ./Core/Src/polyfix.o
                0x08009188                polyfixveck_round
 .text.polyfix_double
                0x080091c4       0x3c ./Core/Src/polyfix.o
                0x080091c4                polyfix_double
 .text.polyfix_sqnorm2
                0x08009200       0x84 ./Core/Src/polyfix.o
                0x08009200                polyfix_sqnorm2
 .text.polyfixveclk_sqnorm2
                0x08009284       0x86 ./Core/Src/polyfix.o
                0x08009284                polyfixveclk_sqnorm2
 *fill*         0x0800930a        0x2 
 .text.polyfixveclk_sample_hyperball
                0x0800930c      0x5c8 ./Core/Src/polyfix.o
                0x0800930c                polyfixveclk_sample_hyperball
 .text.expand_a_gen_mod_q_elem
                0x080098d4       0x3a ./Core/Src/polymat.o
 .text.expand_b_mod_q_elem
                0x0800990e       0xd4 ./Core/Src/polymat.o
 .text.expand_pk_matrix_elem_frozen
                0x080099e2       0xd6 ./Core/Src/polymat.o
                0x080099e2                expand_pk_matrix_elem_frozen
 .text.polyveck_add
                0x08009ab8       0x46 ./Core/Src/polyvec.o
                0x08009ab8                polyveck_add
 .text.polyveck_double
                0x08009afe       0x32 ./Core/Src/polyvec.o
                0x08009afe                polyveck_double
 .text.polyveck_freeze2q
                0x08009b30       0x32 ./Core/Src/polyvec.o
                0x08009b30                polyveck_freeze2q
 .text.polyveck_poly_fromcrt
                0x08009b62       0x4a ./Core/Src/polyvec.o
                0x08009b62                polyveck_poly_fromcrt
 .text.polyveck_highbits_hint
                0x08009bac       0x5a ./Core/Src/polyvec.o
                0x08009bac                polyveck_highbits_hint
 .text.polyveck_pack_highbits
                0x08009c06       0x44 ./Core/Src/polyvec.o
                0x08009c06                polyveck_pack_highbits
 .text.polyveck_ntt
                0x08009c4a       0x32 ./Core/Src/polyvec.o
                0x08009c4a                polyveck_ntt
 .text.polyveck_invntt_tomont
                0x08009c7c       0x32 ./Core/Src/polyvec.o
                0x08009c7c                polyveck_invntt_tomont
 .text.polyveck_sqnorm2
                0x08009cae       0x96 ./Core/Src/polyvec.o
                0x08009cae                polyveck_sqnorm2
 .text.polyvecl_sqnorm2
                0x08009d44       0x96 ./Core/Src/polyvec.o
                0x08009d44                polyvecl_sqnorm2
 .text.polyvecm_ntt
                0x08009dda       0x32 ./Core/Src/polyvec.o
                0x08009dda                polyvecm_ntt
 .text.minmax   0x08009e0c       0x64 ./Core/Src/polyvec.o
 .text.minmaxmask
                0x08009e70       0x7a ./Core/Src/polyvec.o
 .text.polyvecmk_sqsing_value
                0x08009eea      0x51a ./Core/Src/polyvec.o
                0x08009eea                polyvecmk_sqsing_value
 .text.surf     0x0800a404      0x254 ./Core/Src/randombytes.o
 .text.randombytes_regen
                0x0800a658       0xd4 ./Core/Src/randombytes.o
                0x0800a658                randombytes_regen
 .text.randombytes
                0x0800a72c       0x54 ./Core/Src/randombytes.o
                0x0800a72c                randombytes
 .text.montgomery_reduce
                0x0800a780       0x1c ./Core/Src/reduce.o
                0x0800a780                montgomery_reduce
 .text._montgomery_reduce
                0x0800a79c       0x88 ./Core/Src/reduce.o
                0x0800a79c                _montgomery_reduce
 .text.freeze   0x0800a824      0x1d8 ./Core/Src/reduce.o
                0x0800a824                freeze
 .text.reduce32_2q
                0x0800a9fc      0x274 ./Core/Src/reduce.o
                0x0800a9fc                reduce32_2q
 .text.freeze2q
                0x0800ac70      0x1ec ./Core/Src/reduce.o
                0x0800ac70                freeze2q
 .text.rej_uniform
                0x0800ae5c       0x72 ./Core/Src/sampler.o
                0x0800ae5c                rej_uniform
 .text.rej_uniform_frozen
                0x0800aece       0x78 ./Core/Src/sampler.o
                0x0800aece                rej_uniform_frozen
 .text.mod3     0x0800af46       0x60 ./Core/Src/sampler.o
 .text.mod3_leq26
                0x0800afa6       0x52 ./Core/Src/sampler.o
 .text.mod3_leq8
                0x0800aff8       0x44 ./Core/Src/sampler.o
 .text.rej_eta  0x0800b03c      0x13e ./Core/Src/sampler.o
                0x0800b03c                rej_eta
 .text.read_gauss16_asm
                0x0800b17a       0x1c ./Core/Src/sampler.o
 .text.read_rej_asm
                0x0800b196       0x4c ./Core/Src/sampler.o
 .text.read_y   0x0800b1e2       0x42 ./Core/Src/sampler.o
 .text.signed_clear_lsb
                0x0800b224       0x24 ./Core/Src/sampler.o
 .text.compute_y84_rnd
                0x0800b248       0x8a ./Core/Src/sampler.o
 .text.compute_exp_in
                0x0800b2d2       0x74 ./Core/Src/sampler.o
 .text.is_zero  0x0800b346       0x3a ./Core/Src/sampler.o
 .text.sample_gauss_sigma76
                0x0800b380       0xce ./Core/Src/sampler.o
                0x0800b380                sample_gauss_sigma76
 .text.sample_gauss
                0x0800b44e       0xa4 ./Core/Src/sampler.o
                0x0800b44e                sample_gauss
 *fill*         0x0800b4f2        0x2 
 .text.sample_gauss_N
                0x0800b4f4      0x2e8 ./Core/Src/sampler.o
                0x0800b4f4                sample_gauss_N
 .text.generate_seed_from_one_source
                0x0800b7dc       0x32 ./Core/Src/sign.o
 .text.generate_seed_from_two_sources
                0x0800b80e       0x3a ./Core/Src/sign.o
 .text.nonce_a  0x0800b848       0x1e ./Core/Src/sign.o
 .text.nonce_A_gen
                0x0800b866       0x26 ./Core/Src/sign.o
 .text.nonce_s_gen
                0x0800b88c       0x22 ./Core/Src/sign.o
 .text.nonce_e_gen
                0x0800b8ae       0x26 ./Core/Src/sign.o
 .text.pointwise_montgomery_by_A_gen_elem_frozen
                0x0800b8d4       0x34 ./Core/Src/sign.o
 .text.keypair  0x0800b908      0x660 ./Core/Src/sign.o
                0x0800b908                keypair
 .text.make_hint_veck
                0x0800bf68       0xfe ./Core/Src/sign.o
 .text.decompose_z1_vecl
                0x0800c066       0xa6 ./Core/Src/sign.o
 .text.compute_z_veckl
                0x0800c10c      0x1b4 ./Core/Src/sign.o
 .text.is_norm_of_z_geq_big_b_prime
                0x0800c2c0       0x58 ./Core/Src/sign.o
 .text.is_rejected_in_intersection
                0x0800c318      0x1c8 ./Core/Src/sign.o
 .text.multiply_a1_by_rounded_y1_mod_q
                0x0800c4e0      0x186 ./Core/Src/sign.o
 .text.accumulate_two_times_rounded_y2_mod_q
                0x0800c666       0x60 ./Core/Src/sign.o
 .text.compute_challenge_polynomial
                0x0800c6c6      0x116 ./Core/Src/sign.o
 .text.compress_and_pack_signature
                0x0800c7dc       0xb6 ./Core/Src/sign.o
 .text.signature
                0x0800c892      0x38e ./Core/Src/sign.o
                0x0800c892                signature
 .text.unpack_cseed_z1_and_hint_from_sig
                0x0800cc20       0xf2 ./Core/Src/sign.o
 .text.poly_csubDQ2ALPHA
                0x0800cd12       0x4c ./Core/Src/sign.o
 .text.poly_mul_alpha
                0x0800cd5e       0x3c ./Core/Src/sign.o
 .text.poly_div2
                0x0800cd9a       0x3a ./Core/Src/sign.o
 .text.verify   0x0800cdd4      0x5f0 ./Core/Src/sign.o
                0x0800cdd4                verify
 .text.HAL_MspInit
                0x0800d3c4       0x50 ./Core/Src/stm32f4xx_hal_msp.o
                0x0800d3c4                HAL_MspInit
 .text.HAL_I2C_MspInit
                0x0800d414       0x90 ./Core/Src/stm32f4xx_hal_msp.o
                0x0800d414                HAL_I2C_MspInit
 .text.HAL_I2S_MspInit
                0x0800d4a4      0x100 ./Core/Src/stm32f4xx_hal_msp.o
                0x0800d4a4                HAL_I2S_MspInit
 .text.HAL_SPI_MspInit
                0x0800d5a4       0x90 ./Core/Src/stm32f4xx_hal_msp.o
                0x0800d5a4                HAL_SPI_MspInit
 .text.NMI_Handler
                0x0800d634        0x8 ./Core/Src/stm32f4xx_it.o
                0x0800d634                NMI_Handler
 .text.HardFault_Handler
                0x0800d63c        0x8 ./Core/Src/stm32f4xx_it.o
                0x0800d63c                HardFault_Handler
 .text.MemManage_Handler
                0x0800d644        0x8 ./Core/Src/stm32f4xx_it.o
                0x0800d644                MemManage_Handler
 .text.BusFault_Handler
                0x0800d64c        0x8 ./Core/Src/stm32f4xx_it.o
                0x0800d64c                BusFault_Handler
 .text.UsageFault_Handler
                0x0800d654        0x8 ./Core/Src/stm32f4xx_it.o
                0x0800d654                UsageFault_Handler
 .text.SVC_Handler
                0x0800d65c        0xe ./Core/Src/stm32f4xx_it.o
                0x0800d65c                SVC_Handler
 .text.DebugMon_Handler
                0x0800d66a        0xe ./Core/Src/stm32f4xx_it.o
                0x0800d66a                DebugMon_Handler
 .text.PendSV_Handler
                0x0800d678        0xe ./Core/Src/stm32f4xx_it.o
                0x0800d678                PendSV_Handler
 .text.SysTick_Handler
                0x0800d686        0xc ./Core/Src/stm32f4xx_it.o
                0x0800d686                SysTick_Handler
 *fill*         0x0800d692        0x2 
 .text.OTG_FS_IRQHandler
                0x0800d694       0x14 ./Core/Src/stm32f4xx_it.o
                0x0800d694                OTG_FS_IRQHandler
 .text.haetae_shake128_stream_init
                0x0800d6a8       0x4a ./Core/Src/symmetric-shake.o
                0x0800d6a8                haetae_shake128_stream_init
 .text.haetae_shake256_stream_init
                0x0800d6f2       0x4a ./Core/Src/symmetric-shake.o
                0x0800d6f2                haetae_shake256_stream_init
 .text.haetae_shake256_absorb_twice
                0x0800d73c       0x36 ./Core/Src/symmetric-shake.o
                0x0800d73c                haetae_shake256_absorb_twice
 .text.haetae_shake256_absorb_once
                0x0800d772       0x2a ./Core/Src/symmetric-shake.o
                0x0800d772                haetae_shake256_absorb_once
 .text.haetae_shake256_squeezeblocks
                0x0800d79c       0x28 ./Core/Src/symmetric-shake.o
                0x0800d79c                haetae_shake256_squeezeblocks
 .text.haetae_shake128_stream_squeezeblocks
                0x0800d7c4       0x26 ./Core/Src/symmetric-shake.o
                0x0800d7c4                haetae_shake128_stream_squeezeblocks
 .text.haetae_shake256_stream_squeezeblocks
                0x0800d7ea       0x28 ./Core/Src/symmetric-shake.o
                0x0800d7ea                haetae_shake256_stream_squeezeblocks
 *fill*         0x0800d812        0x2 
 .text._sbrk    0x0800d814       0x6c ./Core/Src/sysmem.o
                0x0800d814                _sbrk
 .text.SystemInit
                0x0800d880       0x24 ./Core/Src/system_stm32f4xx.o
                0x0800d880                SystemInit
 .text.Reset_Handler
                0x0800d8a4       0x50 ./Core/Startup/startup_stm32f407vgtx.o
                0x0800d8a4                Reset_Handler
 .text.Default_Handler
                0x0800d8f4        0x2 ./Core/Startup/startup_stm32f407vgtx.o
                0x0800d8f4                DMA1_Stream3_IRQHandler
                0x0800d8f4                HASH_RNG_IRQHandler
                0x0800d8f4                EXTI2_IRQHandler
                0x0800d8f4                TIM8_CC_IRQHandler
                0x0800d8f4                TIM1_CC_IRQHandler
                0x0800d8f4                DMA2_Stream5_IRQHandler
                0x0800d8f4                DMA1_Stream5_IRQHandler
                0x0800d8f4                PVD_IRQHandler
                0x0800d8f4                SDIO_IRQHandler
                0x0800d8f4                TAMP_STAMP_IRQHandler
                0x0800d8f4                CAN2_RX1_IRQHandler
                0x0800d8f4                EXTI3_IRQHandler
                0x0800d8f4                TIM8_TRG_COM_TIM14_IRQHandler
                0x0800d8f4                TIM1_UP_TIM10_IRQHandler
                0x0800d8f4                TIM8_UP_TIM13_IRQHandler
                0x0800d8f4                I2C3_ER_IRQHandler
                0x0800d8f4                EXTI0_IRQHandler
                0x0800d8f4                I2C2_EV_IRQHandler
                0x0800d8f4                DMA1_Stream2_IRQHandler
                0x0800d8f4                CAN1_RX0_IRQHandler
                0x0800d8f4                FPU_IRQHandler
                0x0800d8f4                OTG_HS_WKUP_IRQHandler
                0x0800d8f4                CAN2_SCE_IRQHandler
                0x0800d8f4                DMA2_Stream2_IRQHandler
                0x0800d8f4                SPI1_IRQHandler
                0x0800d8f4                TIM6_DAC_IRQHandler
                0x0800d8f4                TIM1_BRK_TIM9_IRQHandler
                0x0800d8f4                DCMI_IRQHandler
                0x0800d8f4                CAN2_RX0_IRQHandler
                0x0800d8f4                DMA2_Stream3_IRQHandler
                0x0800d8f4                USART6_IRQHandler
                0x0800d8f4                USART3_IRQHandler
                0x0800d8f4                CAN1_RX1_IRQHandler
                0x0800d8f4                UART5_IRQHandler
                0x0800d8f4                DMA2_Stream0_IRQHandler
                0x0800d8f4                TIM4_IRQHandler
                0x0800d8f4                I2C1_EV_IRQHandler
                0x0800d8f4                DMA1_Stream6_IRQHandler
                0x0800d8f4                DMA1_Stream1_IRQHandler
                0x0800d8f4                UART4_IRQHandler
                0x0800d8f4                TIM3_IRQHandler
                0x0800d8f4                RCC_IRQHandler
                0x0800d8f4                TIM8_BRK_TIM12_IRQHandler
                0x0800d8f4                Default_Handler
                0x0800d8f4                EXTI15_10_IRQHandler
                0x0800d8f4                ADC_IRQHandler
                0x0800d8f4                DMA1_Stream7_IRQHandler
                0x0800d8f4                TIM7_IRQHandler
                0x0800d8f4                CAN2_TX_IRQHandler
                0x0800d8f4                TIM5_IRQHandler
                0x0800d8f4                DMA2_Stream7_IRQHandler
                0x0800d8f4                I2C3_EV_IRQHandler
                0x0800d8f4                EXTI9_5_IRQHandler
                0x0800d8f4                RTC_WKUP_IRQHandler
                0x0800d8f4                ETH_WKUP_IRQHandler
                0x0800d8f4                SPI2_IRQHandler
                0x0800d8f4                OTG_HS_EP1_IN_IRQHandler
                0x0800d8f4                DMA1_Stream0_IRQHandler
                0x0800d8f4                CAN1_TX_IRQHandler
                0x0800d8f4                EXTI4_IRQHandler
                0x0800d8f4                FSMC_IRQHandler
                0x0800d8f4                ETH_IRQHandler
                0x0800d8f4                OTG_HS_EP1_OUT_IRQHandler
                0x0800d8f4                WWDG_IRQHandler
                0x0800d8f4                TIM2_IRQHandler
                0x0800d8f4                OTG_FS_WKUP_IRQHandler
                0x0800d8f4                TIM1_TRG_COM_TIM11_IRQHandler
                0x0800d8f4                OTG_HS_IRQHandler
                0x0800d8f4                EXTI1_IRQHandler
                0x0800d8f4                USART2_IRQHandler
                0x0800d8f4                I2C2_ER_IRQHandler
                0x0800d8f4                DMA2_Stream1_IRQHandler
                0x0800d8f4                CAN1_SCE_IRQHandler
                0x0800d8f4                FLASH_IRQHandler
                0x0800d8f4                DMA2_Stream4_IRQHandler
                0x0800d8f4                USART1_IRQHandler
                0x0800d8f4                SPI3_IRQHandler
                0x0800d8f4                DMA1_Stream4_IRQHandler
                0x0800d8f4                I2C1_ER_IRQHandler
                0x0800d8f4                DMA2_Stream6_IRQHandler
                0x0800d8f4                RTC_Alarm_IRQHandler
 *fill*         0x0800d8f6        0x2 
 .text.HAL_Init
                0x0800d8f8       0x44 ./Drivers/STM32F4xx_HAL_Driver/Src/stm32f4xx_hal.o
                0x0800d8f8                HAL_Init
 .text.HAL_InitTick
                0x0800d93c       0x60 ./Drivers/STM32F4xx_HAL_Driver/Src/stm32f4xx_hal.o
                0x0800d93c                HAL_InitTick
 .text.HAL_IncTick
                0x0800d99c       0x28 ./Drivers/STM32F4xx_HAL_Driver/Src/stm32f4xx_hal.o
                0x0800d99c                HAL_IncTick
 .text.HAL_GetTick
                0x0800d9c4       0x18 ./Drivers/STM32F4xx_HAL_Driver/Src/stm32f4xx_hal.o
                0x0800d9c4                HAL_GetTick
 .text.HAL_Delay
                0x0800d9dc       0x48 ./Drivers/STM32F4xx_HAL_Driver/Src/stm32f4xx_hal.o
                0x0800d9dc                HAL_Delay
 .text.__NVIC_SetPriorityGrouping
                0x0800da24       0x48 ./Drivers/STM32F4xx_HAL_Driver/Src/stm32f4xx_hal_cortex.o
 .text.__NVIC_GetPriorityGrouping
                0x0800da6c       0x1c ./Drivers/STM32F4xx_HAL_Driver/Src/stm32f4xx_hal_cortex.o
 .text.__NVIC_EnableIRQ
                0x0800da88       0x3c ./Drivers/STM32F4xx_HAL_Driver/Src/stm32f4xx_hal_cortex.o
 .text.__NVIC_SetPriority
                0x0800dac4       0x54 ./Drivers/STM32F4xx_HAL_Driver/Src/stm32f4xx_hal_cortex.o
 .text.NVIC_EncodePriority
                0x0800db18       0x66 ./Drivers/STM32F4xx_HAL_Driver/Src/stm32f4xx_hal_cortex.o
 *fill*         0x0800db7e        0x2 
 .text.SysTick_Config
                0x0800db80       0x44 ./Drivers/STM32F4xx_HAL_Driver/Src/stm32f4xx_hal_cortex.o
 .text.HAL_NVIC_SetPriorityGrouping
                0x0800dbc4       0x16 ./Drivers/STM32F4xx_HAL_Driver/Src/stm32f4xx_hal_cortex.o
                0x0800dbc4                HAL_NVIC_SetPriorityGrouping
 .text.HAL_NVIC_SetPriority
                0x0800dbda       0x38 ./Drivers/STM32F4xx_HAL_Driver/Src/stm32f4xx_hal_cortex.o
                0x0800dbda                HAL_NVIC_SetPriority
 .text.HAL_NVIC_EnableIRQ
                0x0800dc12       0x1c ./Drivers/STM32F4xx_HAL_Driver/Src/stm32f4xx_hal_cortex.o
                0x0800dc12                HAL_NVIC_EnableIRQ
 .text.HAL_SYSTICK_Config
                0x0800dc2e       0x18 ./Drivers/STM32F4xx_HAL_Driver/Src/stm32f4xx_hal_cortex.o
                0x0800dc2e                HAL_SYSTICK_Config
 *fill*         0x0800dc46        0x2 
 .text.HAL_GPIO_Init
                0x0800dc48      0x338 ./Drivers/STM32F4xx_HAL_Driver/Src/stm32f4xx_hal_gpio.o
                0x0800dc48                HAL_GPIO_Init
 .text.HAL_GPIO_WritePin
                0x0800df80       0x32 ./Drivers/STM32F4xx_HAL_Driver/Src/stm32f4xx_hal_gpio.o
                0x0800df80                HAL_GPIO_WritePin
 .text.HAL_HCD_Init
                0x0800dfb2       0xce ./Drivers/STM32F4xx_HAL_Driver/Src/stm32f4xx_hal_hcd.o
                0x0800dfb2                HAL_HCD_Init
 .text.HAL_HCD_HC_Init
                0x0800e080      0x170 ./Drivers/STM32F4xx_HAL_Driver/Src/stm32f4xx_hal_hcd.o
                0x0800e080                HAL_HCD_HC_Init
 .text.HAL_HCD_HC_Halt
                0x0800e1f0       0x46 ./Drivers/STM32F4xx_HAL_Driver/Src/stm32f4xx_hal_hcd.o
                0x0800e1f0                HAL_HCD_HC_Halt
 *fill*         0x0800e236        0x2 
 .text.HAL_HCD_HC_SubmitRequest
                0x0800e238      0x33c ./Drivers/STM32F4xx_HAL_Driver/Src/stm32f4xx_hal_hcd.o
                0x0800e238                HAL_HCD_HC_SubmitRequest
 .text.HAL_HCD_IRQHandler
                0x0800e574      0x220 ./Drivers/STM32F4xx_HAL_Driver/Src/stm32f4xx_hal_hcd.o
                0x0800e574                HAL_HCD_IRQHandler
 .text.HAL_HCD_Start
                0x0800e794       0x46 ./Drivers/STM32F4xx_HAL_Driver/Src/stm32f4xx_hal_hcd.o
                0x0800e794                HAL_HCD_Start
 .text.HAL_HCD_Stop
                0x0800e7da       0x3a ./Drivers/STM32F4xx_HAL_Driver/Src/stm32f4xx_hal_hcd.o
                0x0800e7da                HAL_HCD_Stop
 .text.HAL_HCD_ResetPort
                0x0800e814       0x1c ./Drivers/STM32F4xx_HAL_Driver/Src/stm32f4xx_hal_hcd.o
                0x0800e814                HAL_HCD_ResetPort
 .text.HAL_HCD_HC_GetURBState
                0x0800e830       0x2a ./Drivers/STM32F4xx_HAL_Driver/Src/stm32f4xx_hal_hcd.o
                0x0800e830                HAL_HCD_HC_GetURBState
 .text.HAL_HCD_HC_GetXferCount
                0x0800e85a       0x2a ./Drivers/STM32F4xx_HAL_Driver/Src/stm32f4xx_hal_hcd.o
                0x0800e85a                HAL_HCD_HC_GetXferCount
 .text.HAL_HCD_GetCurrentFrame
                0x0800e884       0x1c ./Drivers/STM32F4xx_HAL_Driver/Src/stm32f4xx_hal_hcd.o
                0x0800e884                HAL_HCD_GetCurrentFrame
 .text.HAL_HCD_GetCurrentSpeed
                0x0800e8a0       0x1c ./Drivers/STM32F4xx_HAL_Driver/Src/stm32f4xx_hal_hcd.o
                0x0800e8a0                HAL_HCD_GetCurrentSpeed
 .text.HAL_HCD_HC_ClearHubInfo
                0x0800e8bc       0x6a ./Drivers/STM32F4xx_HAL_Driver/Src/stm32f4xx_hal_hcd.o
                0x0800e8bc                HAL_HCD_HC_ClearHubInfo
 .text.HCD_HC_IN_IRQHandler
                0x0800e926      0xcd2 ./Drivers/STM32F4xx_HAL_Driver/Src/stm32f4xx_hal_hcd.o
 .text.HCD_HC_OUT_IRQHandler
                0x0800f5f8      0x94a ./Drivers/STM32F4xx_HAL_Driver/Src/stm32f4xx_hal_hcd.o
 .text.HCD_RXQLVL_IRQHandler
                0x0800ff42      0x1be ./Drivers/STM32F4xx_HAL_Driver/Src/stm32f4xx_hal_hcd.o
 .text.HCD_Port_IRQHandler
                0x08010100       0xe6 ./Drivers/STM32F4xx_HAL_Driver/Src/stm32f4xx_hal_hcd.o
 *fill*         0x080101e6        0x2 
 .text.HAL_I2C_Init
                0x080101e8      0x288 ./Drivers/STM32F4xx_HAL_Driver/Src/stm32f4xx_hal_i2c.o
                0x080101e8                HAL_I2C_Init
 .text.HAL_I2S_Init
                0x08010470      0x280 ./Drivers/STM32F4xx_HAL_Driver/Src/stm32f4xx_hal_i2s.o
                0x08010470                HAL_I2S_Init
 .text.HAL_I2S_TxCpltCallback
                0x080106f0       0x14 ./Drivers/STM32F4xx_HAL_Driver/Src/stm32f4xx_hal_i2s.o
                0x080106f0                HAL_I2S_TxCpltCallback
 .text.HAL_I2S_RxCpltCallback
                0x08010704       0x14 ./Drivers/STM32F4xx_HAL_Driver/Src/stm32f4xx_hal_i2s.o
                0x08010704                HAL_I2S_RxCpltCallback
 .text.HAL_I2S_ErrorCallback
                0x08010718       0x14 ./Drivers/STM32F4xx_HAL_Driver/Src/stm32f4xx_hal_i2s.o
                0x08010718                HAL_I2S_ErrorCallback
 .text.I2S_Transmit_IT
                0x0801072c       0x5c ./Drivers/STM32F4xx_HAL_Driver/Src/stm32f4xx_hal_i2s.o
 .text.I2S_Receive_IT
                0x08010788       0x5e ./Drivers/STM32F4xx_HAL_Driver/Src/stm32f4xx_hal_i2s.o
 .text.I2S_IRQHandler
                0x080107e6      0x114 ./Drivers/STM32F4xx_HAL_Driver/Src/stm32f4xx_hal_i2s.o
 *fill*         0x080108fa        0x2 
 .text.HAL_I2SEx_FullDuplex_IRQHandler
                0x080108fc      0x2a8 ./Drivers/STM32F4xx_HAL_Driver/Src/stm32f4xx_hal_i2s_ex.o
                0x080108fc                HAL_I2SEx_FullDuplex_IRQHandler
 .text.HAL_I2SEx_TxRxCpltCallback
                0x08010ba4       0x14 ./Drivers/STM32F4xx_HAL_Driver/Src/stm32f4xx_hal_i2s_ex.o
                0x08010ba4                HAL_I2SEx_TxRxCpltCallback
 .text.I2SEx_TxISR_I2S
                0x08010bb8       0x62 ./Drivers/STM32F4xx_HAL_Driver/Src/stm32f4xx_hal_i2s_ex.o
 *fill*         0x08010c1a        0x2 
 .text.I2SEx_TxISR_I2SExt
                0x08010c1c       0x98 ./Drivers/STM32F4xx_HAL_Driver/Src/stm32f4xx_hal_i2s_ex.o
 .text.I2SEx_RxISR_I2S
                0x08010cb4       0x64 ./Drivers/STM32F4xx_HAL_Driver/Src/stm32f4xx_hal_i2s_ex.o
 .text.I2SEx_RxISR_I2SExt
                0x08010d18       0x98 ./Drivers/STM32F4xx_HAL_Driver/Src/stm32f4xx_hal_i2s_ex.o
 .text.HAL_RCC_OscConfig
                0x08010db0      0x4f0 ./Drivers/STM32F4xx_HAL_Driver/Src/stm32f4xx_hal_rcc.o
                0x08010db0                HAL_RCC_OscConfig
 .text.HAL_RCC_ClockConfig
                0x080112a0      0x1cc ./Drivers/STM32F4xx_HAL_Driver/Src/stm32f4xx_hal_rcc.o
                0x080112a0                HAL_RCC_ClockConfig
 .text.HAL_RCC_GetSysClockFreq
                0x0801146c      0x20c ./Drivers/STM32F4xx_HAL_Driver/Src/stm32f4xx_hal_rcc.o
                0x0801146c                HAL_RCC_GetSysClockFreq
 .text.HAL_RCC_GetHCLKFreq
                0x08011678       0x18 ./Drivers/STM32F4xx_HAL_Driver/Src/stm32f4xx_hal_rcc.o
                0x08011678                HAL_RCC_GetHCLKFreq
 .text.HAL_RCC_GetPCLK1Freq
                0x08011690       0x28 ./Drivers/STM32F4xx_HAL_Driver/Src/stm32f4xx_hal_rcc.o
                0x08011690                HAL_RCC_GetPCLK1Freq
 .text.HAL_RCCEx_PeriphCLKConfig
                0x080116b8      0x1c4 ./Drivers/STM32F4xx_HAL_Driver/Src/stm32f4xx_hal_rcc_ex.o
                0x080116b8                HAL_RCCEx_PeriphCLKConfig
 .text.HAL_RCCEx_GetPeriphCLKFreq
                0x0801187c       0xc0 ./Drivers/STM32F4xx_HAL_Driver/Src/stm32f4xx_hal_rcc_ex.o
                0x0801187c                HAL_RCCEx_GetPeriphCLKFreq
 .text.HAL_SPI_Init
                0x0801193c      0x112 ./Drivers/STM32F4xx_HAL_Driver/Src/stm32f4xx_hal_spi.o
                0x0801193c                HAL_SPI_Init
 .text.USB_CoreInit
                0x08011a4e       0xc8 ./Drivers/STM32F4xx_HAL_Driver/Src/stm32f4xx_ll_usb.o
                0x08011a4e                USB_CoreInit
 .text.USB_EnableGlobalInt
                0x08011b16       0x22 ./Drivers/STM32F4xx_HAL_Driver/Src/stm32f4xx_ll_usb.o
                0x08011b16                USB_EnableGlobalInt
 .text.USB_DisableGlobalInt
                0x08011b38       0x22 ./Drivers/STM32F4xx_HAL_Driver/Src/stm32f4xx_ll_usb.o
                0x08011b38                USB_DisableGlobalInt
 .text.USB_SetCurrentMode
                0x08011b5a       0x98 ./Drivers/STM32F4xx_HAL_Driver/Src/stm32f4xx_ll_usb.o
                0x08011b5a                USB_SetCurrentMode
 .text.USB_FlushTxFifo
                0x08011bf2       0x64 ./Drivers/STM32F4xx_HAL_Driver/Src/stm32f4xx_ll_usb.o
                0x08011bf2                USB_FlushTxFifo
 .text.USB_FlushRxFifo
                0x08011c56       0x5c ./Drivers/STM32F4xx_HAL_Driver/Src/stm32f4xx_ll_usb.o
                0x08011c56                USB_FlushRxFifo
 .text.USB_WritePacket
                0x08011cb2       0x7c ./Drivers/STM32F4xx_HAL_Driver/Src/stm32f4xx_ll_usb.o
                0x08011cb2                USB_WritePacket
 .text.USB_ReadPacket
                0x08011d2e       0xb0 ./Drivers/STM32F4xx_HAL_Driver/Src/stm32f4xx_ll_usb.o
                0x08011d2e                USB_ReadPacket
 .text.USB_ReadInterrupts
                0x08011dde       0x26 ./Drivers/STM32F4xx_HAL_Driver/Src/stm32f4xx_ll_usb.o
                0x08011dde                USB_ReadInterrupts
 .text.USB_ReadChInterrupts
                0x08011e04       0x42 ./Drivers/STM32F4xx_HAL_Driver/Src/stm32f4xx_ll_usb.o
                0x08011e04                USB_ReadChInterrupts
 .text.USB_GetMode
                0x08011e46       0x1c ./Drivers/STM32F4xx_HAL_Driver/Src/stm32f4xx_ll_usb.o
                0x08011e46                USB_GetMode
 .text.USB_CoreReset
                0x08011e62       0x62 ./Drivers/STM32F4xx_HAL_Driver/Src/stm32f4xx_ll_usb.o
 .text.USB_HostInit
                0x08011ec4      0x188 ./Drivers/STM32F4xx_HAL_Driver/Src/stm32f4xx_ll_usb.o
                0x08011ec4                USB_HostInit
 .text.USB_InitFSLSPClkSel
                0x0801204c       0x7a ./Drivers/STM32F4xx_HAL_Driver/Src/stm32f4xx_ll_usb.o
                0x0801204c                USB_InitFSLSPClkSel
 .text.USB_ResetPort
                0x080120c6       0x54 ./Drivers/STM32F4xx_HAL_Driver/Src/stm32f4xx_ll_usb.o
                0x080120c6                USB_ResetPort
 .text.USB_DriveVbus
                0x0801211a       0x72 ./Drivers/STM32F4xx_HAL_Driver/Src/stm32f4xx_ll_usb.o
                0x0801211a                USB_DriveVbus
 .text.USB_GetHostSpeed
                0x0801218c       0x2e ./Drivers/STM32F4xx_HAL_Driver/Src/stm32f4xx_ll_usb.o
                0x0801218c                USB_GetHostSpeed
 .text.USB_GetCurrentFrame
                0x080121ba       0x22 ./Drivers/STM32F4xx_HAL_Driver/Src/stm32f4xx_ll_usb.o
                0x080121ba                USB_GetCurrentFrame
 .text.USB_HC_Init
                0x080121dc      0x258 ./Drivers/STM32F4xx_HAL_Driver/Src/stm32f4xx_ll_usb.o
                0x080121dc                USB_HC_Init
 .text.USB_HC_StartXfer
                0x08012434      0x4f4 ./Drivers/STM32F4xx_HAL_Driver/Src/stm32f4xx_ll_usb.o
                0x08012434                USB_HC_StartXfer
 .text.USB_HC_ReadInterrupt
                0x08012928       0x22 ./Drivers/STM32F4xx_HAL_Driver/Src/stm32f4xx_ll_usb.o
                0x08012928                USB_HC_ReadInterrupt
 .text.USB_HC_Halt
                0x0801294a      0x240 ./Drivers/STM32F4xx_HAL_Driver/Src/stm32f4xx_ll_usb.o
                0x0801294a                USB_HC_Halt
 *fill*         0x08012b8a        0x2 
 .text.USB_DoPing
                0x08012b8c       0x78 ./Drivers/STM32F4xx_HAL_Driver/Src/stm32f4xx_ll_usb.o
                0x08012b8c                USB_DoPing
 .text.USB_StopHost
                0x08012c04      0x124 ./Drivers/STM32F4xx_HAL_Driver/Src/stm32f4xx_ll_usb.o
                0x08012c04                USB_StopHost
 .text.USBH_CDC_InterfaceInit
                0x08012d28      0x2ac ./Middlewares/ST/STM32_USB_Host_Library/Class/CDC/Src/usbh_cdc.o
 .text.USBH_CDC_InterfaceDeInit
                0x08012fd4       0xb2 ./Middlewares/ST/STM32_USB_Host_Library/Class/CDC/Src/usbh_cdc.o
 .text.USBH_CDC_ClassRequest
                0x08013086       0x3e ./Middlewares/ST/STM32_USB_Host_Library/Class/CDC/Src/usbh_cdc.o
 .text.USBH_CDC_Process
                0x080130c4      0x12c ./Middlewares/ST/STM32_USB_Host_Library/Class/CDC/Src/usbh_cdc.o
 .text.USBH_CDC_SOFProcess
                0x080131f0       0x16 ./Middlewares/ST/STM32_USB_Host_Library/Class/CDC/Src/usbh_cdc.o
 .text.GetLineCoding
                0x08013206       0x3e ./Middlewares/ST/STM32_USB_Host_Library/Class/CDC/Src/usbh_cdc.o
 .text.SetLineCoding
                0x08013244       0x3e ./Middlewares/ST/STM32_USB_Host_Library/Class/CDC/Src/usbh_cdc.o
 .text.CDC_ProcessTransmission
                0x08013282       0xec ./Middlewares/ST/STM32_USB_Host_Library/Class/CDC/Src/usbh_cdc.o
 .text.CDC_ProcessReception
                0x0801336e       0xb6 ./Middlewares/ST/STM32_USB_Host_Library/Class/CDC/Src/usbh_cdc.o
 .text.USBH_CDC_TransmitCallback
                0x08013424       0x14 ./Middlewares/ST/STM32_USB_Host_Library/Class/CDC/Src/usbh_cdc.o
                0x08013424                USBH_CDC_TransmitCallback
 .text.USBH_CDC_ReceiveCallback
                0x08013438       0x14 ./Middlewares/ST/STM32_USB_Host_Library/Class/CDC/Src/usbh_cdc.o
                0x08013438                USBH_CDC_ReceiveCallback
 .text.USBH_CDC_LineCodingChanged
                0x0801344c       0x14 ./Middlewares/ST/STM32_USB_Host_Library/Class/CDC/Src/usbh_cdc.o
                0x0801344c                USBH_CDC_LineCodingChanged
 .text.USBH_Init
                0x08013460       0x74 ./Middlewares/ST/STM32_USB_Host_Library/Core/Src/usbh_core.o
                0x08013460                USBH_Init
 .text.DeInitStateMachine
                0x080134d4       0xe6 ./Middlewares/ST/STM32_USB_Host_Library/Core/Src/usbh_core.o
 .text.USBH_RegisterClass
                0x080135ba       0x54 ./Middlewares/ST/STM32_USB_Host_Library/Core/Src/usbh_core.o
                0x080135ba                USBH_RegisterClass
 .text.USBH_SelectInterface
                0x0801360e       0x38 ./Middlewares/ST/STM32_USB_Host_Library/Core/Src/usbh_core.o
                0x0801360e                USBH_SelectInterface
 .text.USBH_FindInterface
                0x08013646       0x8c ./Middlewares/ST/STM32_USB_Host_Library/Core/Src/usbh_core.o
                0x08013646                USBH_FindInterface
 .text.USBH_Start
                0x080136d2       0x20 ./Middlewares/ST/STM32_USB_Host_Library/Core/Src/usbh_core.o
                0x080136d2                USBH_Start
 *fill*         0x080136f2        0x2 
 .text.USBH_Process
                0x080136f4      0x3d0 ./Middlewares/ST/STM32_USB_Host_Library/Core/Src/usbh_core.o
                0x080136f4                USBH_Process
 .text.USBH_HandleEnum
                0x08013ac4      0x3c0 ./Middlewares/ST/STM32_USB_Host_Library/Core/Src/usbh_core.o
 .text.USBH_LL_SetTimer
                0x08013e84       0x1e ./Middlewares/ST/STM32_USB_Host_Library/Core/Src/usbh_core.o
                0x08013e84                USBH_LL_SetTimer
 .text.USBH_LL_IncTimer
                0x08013ea2       0x24 ./Middlewares/ST/STM32_USB_Host_Library/Core/Src/usbh_core.o
                0x08013ea2                USBH_LL_IncTimer
 .text.USBH_HandleSof
                0x08013ec6       0x30 ./Middlewares/ST/STM32_USB_Host_Library/Core/Src/usbh_core.o
 .text.USBH_LL_PortEnabled
                0x08013ef6       0x1c ./Middlewares/ST/STM32_USB_Host_Library/Core/Src/usbh_core.o
                0x08013ef6                USBH_LL_PortEnabled
 .text.USBH_LL_PortDisabled
                0x08013f12       0x1c ./Middlewares/ST/STM32_USB_Host_Library/Core/Src/usbh_core.o
                0x08013f12                USBH_LL_PortDisabled
 .text.USBH_LL_Connect
                0x08013f2e       0x2e ./Middlewares/ST/STM32_USB_Host_Library/Core/Src/usbh_core.o
                0x08013f2e                USBH_LL_Connect
 .text.USBH_LL_Disconnect
                0x08013f5c       0x48 ./Middlewares/ST/STM32_USB_Host_Library/Core/Src/usbh_core.o
                0x08013f5c                USBH_LL_Disconnect
 .text.USBH_Get_DevDesc
                0x08013fa4       0x58 ./Middlewares/ST/STM32_USB_Host_Library/Core/Src/usbh_ctlreq.o
                0x08013fa4                USBH_Get_DevDesc
 .text.USBH_Get_CfgDesc
                0x08013ffc       0x54 ./Middlewares/ST/STM32_USB_Host_Library/Core/Src/usbh_ctlreq.o
                0x08013ffc                USBH_Get_CfgDesc
 .text.USBH_Get_StringDesc
                0x08014050       0x68 ./Middlewares/ST/STM32_USB_Host_Library/Core/Src/usbh_ctlreq.o
                0x08014050                USBH_Get_StringDesc
 .text.USBH_GetDescriptor
                0x080140b8       0x6a ./Middlewares/ST/STM32_USB_Host_Library/Core/Src/usbh_ctlreq.o
                0x080140b8                USBH_GetDescriptor
 .text.USBH_SetAddress
                0x08014122       0x48 ./Middlewares/ST/STM32_USB_Host_Library/Core/Src/usbh_ctlreq.o
                0x08014122                USBH_SetAddress
 .text.USBH_SetCfg
                0x0801416a       0x46 ./Middlewares/ST/STM32_USB_Host_Library/Core/Src/usbh_ctlreq.o
                0x0801416a                USBH_SetCfg
 .text.USBH_SetFeature
                0x080141b0       0x48 ./Middlewares/ST/STM32_USB_Host_Library/Core/Src/usbh_ctlreq.o
                0x080141b0                USBH_SetFeature
 .text.USBH_ClrFeature
                0x080141f8       0x48 ./Middlewares/ST/STM32_USB_Host_Library/Core/Src/usbh_ctlreq.o
                0x080141f8                USBH_ClrFeature
 .text.USBH_ParseDevDesc
                0x08014240      0x160 ./Middlewares/ST/STM32_USB_Host_Library/Core/Src/usbh_ctlreq.o
 .text.USBH_ParseCfgDesc
                0x080143a0      0x1f0 ./Middlewares/ST/STM32_USB_Host_Library/Core/Src/usbh_ctlreq.o
 .text.USBH_ParseInterfaceDesc
                0x08014590       0x68 ./Middlewares/ST/STM32_USB_Host_Library/Core/Src/usbh_ctlreq.o
 .text.USBH_ParseEPDesc
                0x080145f8      0x1d0 ./Middlewares/ST/STM32_USB_Host_Library/Core/Src/usbh_ctlreq.o
 .text.USBH_ParseStringDesc
                0x080147c8       0x66 ./Middlewares/ST/STM32_USB_Host_Library/Core/Src/usbh_ctlreq.o
 .text.USBH_GetNextDesc
                0x0801482e       0x34 ./Middlewares/ST/STM32_USB_Host_Library/Core/Src/usbh_ctlreq.o
                0x0801482e                USBH_GetNextDesc
 .text.USBH_CtlReq
                0x08014862       0x7a ./Middlewares/ST/STM32_USB_Host_Library/Core/Src/usbh_ctlreq.o
                0x08014862                USBH_CtlReq
 .text.USBH_HandleControl
                0x080148dc      0x2e8 ./Middlewares/ST/STM32_USB_Host_Library/Core/Src/usbh_ctlreq.o
 .text.USBH_CtlSendSetup
                0x08014bc4       0x34 ./Middlewares/ST/STM32_USB_Host_Library/Core/Src/usbh_ioreq.o
                0x08014bc4                USBH_CtlSendSetup
 .text.USBH_CtlSendData
                0x08014bf8       0x4a ./Middlewares/ST/STM32_USB_Host_Library/Core/Src/usbh_ioreq.o
                0x08014bf8                USBH_CtlSendData
 .text.USBH_CtlReceiveData
                0x08014c42       0x3c ./Middlewares/ST/STM32_USB_Host_Library/Core/Src/usbh_ioreq.o
                0x08014c42                USBH_CtlReceiveData
 .text.USBH_BulkSendData
                0x08014c7e       0x4a ./Middlewares/ST/STM32_USB_Host_Library/Core/Src/usbh_ioreq.o
                0x08014c7e                USBH_BulkSendData
 .text.USBH_BulkReceiveData
                0x08014cc8       0x3c ./Middlewares/ST/STM32_USB_Host_Library/Core/Src/usbh_ioreq.o
                0x08014cc8                USBH_BulkReceiveData
 .text.USBH_OpenPipe
                0x08014d04       0x3e ./Middlewares/ST/STM32_USB_Host_Library/Core/Src/usbh_pipes.o
                0x08014d04                USBH_OpenPipe
 .text.USBH_ClosePipe
                0x08014d42       0x20 ./Middlewares/ST/STM32_USB_Host_Library/Core/Src/usbh_pipes.o
                0x08014d42                USBH_ClosePipe
 .text.USBH_AllocPipe
                0x08014d62       0x42 ./Middlewares/ST/STM32_USB_Host_Library/Core/Src/usbh_pipes.o
                0x08014d62                USBH_AllocPipe
 .text.USBH_FreePipe
                0x08014da4       0x3c ./Middlewares/ST/STM32_USB_Host_Library/Core/Src/usbh_pipes.o
                0x08014da4                USBH_FreePipe
 .text.USBH_GetFreePipe
                0x08014de0       0x48 ./Middlewares/ST/STM32_USB_Host_Library/Core/Src/usbh_pipes.o
 .text.MX_USB_HOST_Init
                0x08014e28       0x4c ./USB_HOST/App/usb_host.o
                0x08014e28                MX_USB_HOST_Init
 .text.MX_USB_HOST_Process
                0x08014e74       0x14 ./USB_HOST/App/usb_host.o
                0x08014e74                MX_USB_HOST_Process
 .text.USBH_UserProcess
                0x08014e88       0x5c ./USB_HOST/App/usb_host.o
 .text.HAL_HCD_MspInit
                0x08014ee4       0xc4 ./USB_HOST/Target/usbh_conf.o
                0x08014ee4                HAL_HCD_MspInit
 .text.HAL_HCD_SOF_Callback
                0x08014fa8       0x1c ./USB_HOST/Target/usbh_conf.o
                0x08014fa8                HAL_HCD_SOF_Callback
 .text.HAL_HCD_Connect_Callback
                0x08014fc4       0x1c ./USB_HOST/Target/usbh_conf.o
                0x08014fc4                HAL_HCD_Connect_Callback
 .text.HAL_HCD_Disconnect_Callback
                0x08014fe0       0x1c ./USB_HOST/Target/usbh_conf.o
                0x08014fe0                HAL_HCD_Disconnect_Callback
 .text.HAL_HCD_HC_NotifyURBChange_Callback
                0x08014ffc       0x1c ./USB_HOST/Target/usbh_conf.o
                0x08014ffc                HAL_HCD_HC_NotifyURBChange_Callback
 .text.HAL_HCD_PortEnabled_Callback
                0x08015018       0x1c ./USB_HOST/Target/usbh_conf.o
                0x08015018                HAL_HCD_PortEnabled_Callback
 .text.HAL_HCD_PortDisabled_Callback
                0x08015034       0x1c ./USB_HOST/Target/usbh_conf.o
                0x08015034                HAL_HCD_PortDisabled_Callback
 .text.USBH_LL_Init
                0x08015050       0x78 ./USB_HOST/Target/usbh_conf.o
                0x08015050                USBH_LL_Init
 .text.USBH_LL_Start
                0x080150c8       0x36 ./USB_HOST/Target/usbh_conf.o
                0x080150c8                USBH_LL_Start
 .text.USBH_LL_Stop
                0x080150fe       0x36 ./USB_HOST/Target/usbh_conf.o
                0x080150fe                USBH_LL_Stop
 .text.USBH_LL_GetSpeed
                0x08015134       0x4e ./USB_HOST/Target/usbh_conf.o
                0x08015134                USBH_LL_GetSpeed
 .text.USBH_LL_ResetPort
                0x08015182       0x36 ./USB_HOST/Target/usbh_conf.o
                0x08015182                USBH_LL_ResetPort
 .text.USBH_LL_GetLastXferSize
                0x080151b8       0x26 ./USB_HOST/Target/usbh_conf.o
                0x080151b8                USBH_LL_GetLastXferSize
 .text.USBH_LL_OpenPipe
                0x080151de       0x5e ./USB_HOST/Target/usbh_conf.o
                0x080151de                USBH_LL_OpenPipe
 .text.USBH_LL_ClosePipe
                0x0801523c       0x3e ./USB_HOST/Target/usbh_conf.o
                0x0801523c                USBH_LL_ClosePipe
 .text.USBH_LL_SubmitURB
                0x0801527a       0x62 ./USB_HOST/Target/usbh_conf.o
                0x0801527a                USBH_LL_SubmitURB
 .text.USBH_LL_GetURBState
                0x080152dc       0x26 ./USB_HOST/Target/usbh_conf.o
                0x080152dc                USBH_LL_GetURBState
 .text.USBH_LL_DriverVBUS
                0x08015302       0x2e ./USB_HOST/Target/usbh_conf.o
                0x08015302                USBH_LL_DriverVBUS
 .text.USBH_LL_SetToggle
                0x08015330       0x66 ./USB_HOST/Target/usbh_conf.o
                0x08015330                USBH_LL_SetToggle
 .text.USBH_Delay
                0x08015396       0x16 ./USB_HOST/Target/usbh_conf.o
                0x08015396                USBH_Delay
 .text.USBH_Get_USB_Status
                0x080153ac       0x58 ./USB_HOST/Target/usbh_conf.o
                0x080153ac                USBH_Get_USB_Status
 .text.MX_DriverVbusFS
                0x08015404       0x38 ./USB_HOST/Target/usbh_platform.o
                0x08015404                MX_DriverVbusFS
 .text.malloc   0x0801543c       0x10 /Applications/STM32CubeIDE.app/Contents/Eclipse/plugins/com.st.stm32cube.ide.mcu.externaltools.gnu-tools-for-stm32.12.3.rel1.macos64_1.0.100.202403111906/tools/bin/../lib/gcc/arm-none-eabi/12.3.1/../../../../arm-none-eabi/lib/thumb/v7e-m+fp/hard/libc_nano.a(libc_a-malloc.o)
                0x0801543c                malloc
 .text.free     0x0801544c       0x10 /Applications/STM32CubeIDE.app/Contents/Eclipse/plugins/com.st.stm32cube.ide.mcu.externaltools.gnu-tools-for-stm32.12.3.rel1.macos64_1.0.100.202403111906/tools/bin/../lib/gcc/arm-none-eabi/12.3.1/../../../../arm-none-eabi/lib/thumb/v7e-m+fp/hard/libc_nano.a(libc_a-malloc.o)
                0x0801544c                free
 .text.sbrk_aligned
                0x0801545c       0x44 /Applications/STM32CubeIDE.app/Contents/Eclipse/plugins/com.st.stm32cube.ide.mcu.externaltools.gnu-tools-for-stm32.12.3.rel1.macos64_1.0.100.202403111906/tools/bin/../lib/gcc/arm-none-eabi/12.3.1/../../../../arm-none-eabi/lib/thumb/v7e-m+fp/hard/libc_nano.a(libc_a-mallocr.o)
 .text._malloc_r
                0x080154a0      0x100 /Applications/STM32CubeIDE.app/Contents/Eclipse/plugins/com.st.stm32cube.ide.mcu.externaltools.gnu-tools-for-stm32.12.3.rel1.macos64_1.0.100.202403111906/tools/bin/../lib/gcc/arm-none-eabi/12.3.1/../../../../arm-none-eabi/lib/thumb/v7e-m+fp/hard/libc_nano.a(libc_a-mallocr.o)
                0x080154a0                _malloc_r
 .text.__malloc_lock
                0x080155a0        0xc /Applications/STM32CubeIDE.app/Contents/Eclipse/plugins/com.st.stm32cube.ide.mcu.externaltools.gnu-tools-for-stm32.12.3.rel1.macos64_1.0.100.202403111906/tools/bin/../lib/gcc/arm-none-eabi/12.3.1/../../../../arm-none-eabi/lib/thumb/v7e-m+fp/hard/libc_nano.a(libc_a-mlock.o)
                0x080155a0                __malloc_lock
 .text.__malloc_unlock
                0x080155ac        0xc /Applications/STM32CubeIDE.app/Contents/Eclipse/plugins/com.st.stm32cube.ide.mcu.externaltools.gnu-tools-for-stm32.12.3.rel1.macos64_1.0.100.202403111906/tools/bin/../lib/gcc/arm-none-eabi/12.3.1/../../../../arm-none-eabi/lib/thumb/v7e-m+fp/hard/libc_nano.a(libc_a-mlock.o)
                0x080155ac                __malloc_unlock
 .text.memset   0x080155b8       0x10 /Applications/STM32CubeIDE.app/Contents/Eclipse/plugins/com.st.stm32cube.ide.mcu.externaltools.gnu-tools-for-stm32.12.3.rel1.macos64_1.0.100.202403111906/tools/bin/../lib/gcc/arm-none-eabi/12.3.1/../../../../arm-none-eabi/lib/thumb/v7e-m+fp/hard/libc_nano.a(libc_a-memset.o)
                0x080155b8                memset
 .text._sbrk_r  0x080155c8       0x20 /Applications/STM32CubeIDE.app/Contents/Eclipse/plugins/com.st.stm32cube.ide.mcu.externaltools.gnu-tools-for-stm32.12.3.rel1.macos64_1.0.100.202403111906/tools/bin/../lib/gcc/arm-none-eabi/12.3.1/../../../../arm-none-eabi/lib/thumb/v7e-m+fp/hard/libc_nano.a(libc_a-sbrkr.o)
                0x080155c8                _sbrk_r
 .text.__errno  0x080155e8        0xc /Applications/STM32CubeIDE.app/Contents/Eclipse/plugins/com.st.stm32cube.ide.mcu.externaltools.gnu-tools-for-stm32.12.3.rel1.macos64_1.0.100.202403111906/tools/bin/../lib/gcc/arm-none-eabi/12.3.1/../../../../arm-none-eabi/lib/thumb/v7e-m+fp/hard/libc_nano.a(libc_a-errno.o)
                0x080155e8                __errno
 .text.__libc_init_array
                0x080155f4       0x48 /Applications/STM32CubeIDE.app/Contents/Eclipse/plugins/com.st.stm32cube.ide.mcu.externaltools.gnu-tools-for-stm32.12.3.rel1.macos64_1.0.100.202403111906/tools/bin/../lib/gcc/arm-none-eabi/12.3.1/../../../../arm-none-eabi/lib/thumb/v7e-m+fp/hard/libc_nano.a(libc_a-init.o)
                0x080155f4                __libc_init_array
 .text.__retarget_lock_acquire_recursive
                0x0801563c        0x2 /Applications/STM32CubeIDE.app/Contents/Eclipse/plugins/com.st.stm32cube.ide.mcu.externaltools.gnu-tools-for-stm32.12.3.rel1.macos64_1.0.100.202403111906/tools/bin/../lib/gcc/arm-none-eabi/12.3.1/../../../../arm-none-eabi/lib/thumb/v7e-m+fp/hard/libc_nano.a(libc_a-lock.o)
                0x0801563c                __retarget_lock_acquire_recursive
 .text.__retarget_lock_release_recursive
                0x0801563e        0x2 /Applications/STM32CubeIDE.app/Contents/Eclipse/plugins/com.st.stm32cube.ide.mcu.externaltools.gnu-tools-for-stm32.12.3.rel1.macos64_1.0.100.202403111906/tools/bin/../lib/gcc/arm-none-eabi/12.3.1/../../../../arm-none-eabi/lib/thumb/v7e-m+fp/hard/libc_nano.a(libc_a-lock.o)
                0x0801563e                __retarget_lock_release_recursive
 .text.memcpy   0x08015640       0x1c /Applications/STM32CubeIDE.app/Contents/Eclipse/plugins/com.st.stm32cube.ide.mcu.externaltools.gnu-tools-for-stm32.12.3.rel1.macos64_1.0.100.202403111906/tools/bin/../lib/gcc/arm-none-eabi/12.3.1/../../../../arm-none-eabi/lib/thumb/v7e-m+fp/hard/libc_nano.a(libc_a-memcpy-stub.o)
                0x08015640                memcpy
 .text._free_r  0x0801565c       0x94 /Applications/STM32CubeIDE.app/Contents/Eclipse/plugins/com.st.stm32cube.ide.mcu.externaltools.gnu-tools-for-stm32.12.3.rel1.macos64_1.0.100.202403111906/tools/bin/../lib/gcc/arm-none-eabi/12.3.1/../../../../arm-none-eabi/lib/thumb/v7e-m+fp/hard/libc_nano.a(libc_a-freer.o)
                0x0801565c                _free_r
 *(.glue_7)
 .glue_7        0x080156f0        0x0 linker stubs
 *(.glue_7t)
 .glue_7t       0x080156f0        0x0 linker stubs
 *(.eh_frame)
 .eh_frame      0x080156f0        0x0 /Applications/STM32CubeIDE.app/Contents/Eclipse/plugins/com.st.stm32cube.ide.mcu.externaltools.gnu-tools-for-stm32.12.3.rel1.macos64_1.0.100.202403111906/tools/bin/../lib/gcc/arm-none-eabi/12.3.1/thumb/v7e-m+fp/hard/crtbegin.o
 *(.init)
 .init          0x080156f0        0x4 /Applications/STM32CubeIDE.app/Contents/Eclipse/plugins/com.st.stm32cube.ide.mcu.externaltools.gnu-tools-for-stm32.12.3.rel1.macos64_1.0.100.202403111906/tools/bin/../lib/gcc/arm-none-eabi/12.3.1/thumb/v7e-m+fp/hard/crti.o
                0x080156f0                _init
 .init          0x080156f4        0x8 /Applications/STM32CubeIDE.app/Contents/Eclipse/plugins/com.st.stm32cube.ide.mcu.externaltools.gnu-tools-for-stm32.12.3.rel1.macos64_1.0.100.202403111906/tools/bin/../lib/gcc/arm-none-eabi/12.3.1/thumb/v7e-m+fp/hard/crtn.o
 *(.fini)
 .fini          0x080156fc        0x4 /Applications/STM32CubeIDE.app/Contents/Eclipse/plugins/com.st.stm32cube.ide.mcu.externaltools.gnu-tools-for-stm32.12.3.rel1.macos64_1.0.100.202403111906/tools/bin/../lib/gcc/arm-none-eabi/12.3.1/thumb/v7e-m+fp/hard/crti.o
                0x080156fc                _fini
 .fini          0x08015700        0x8 /Applications/STM32CubeIDE.app/Contents/Eclipse/plugins/com.st.stm32cube.ide.mcu.externaltools.gnu-tools-for-stm32.12.3.rel1.macos64_1.0.100.202403111906/tools/bin/../lib/gcc/arm-none-eabi/12.3.1/thumb/v7e-m+fp/hard/crtn.o
                0x08015708                        . = ALIGN (0x4)
                0x08015708                        _etext = .

.vfp11_veneer   0x08015708        0x0
 .vfp11_veneer  0x08015708        0x0 linker stubs

.v4_bx          0x08015708        0x0
 .v4_bx         0x08015708        0x0 linker stubs

.iplt           0x08015708        0x0
 .iplt          0x08015708        0x0 /Applications/STM32CubeIDE.app/Contents/Eclipse/plugins/com.st.stm32cube.ide.mcu.externaltools.gnu-tools-for-stm32.12.3.rel1.macos64_1.0.100.202403111906/tools/bin/../lib/gcc/arm-none-eabi/12.3.1/thumb/v7e-m+fp/hard/crtbegin.o

.rodata         0x08015708     0x24f0
                0x08015708                        . = ALIGN (0x4)
 *(.rodata)
 .rodata        0x08015708     0x17f0 ./Core/Src/ntt332.o
                0x08015708                twiddles_332_0xFC01
                0x08015b04                twiddles_inv332_0xFC01
 .rodata        0x08016ef8        0x4 ./Middlewares/ST/STM32_USB_Host_Library/Class/CDC/Src/usbh_cdc.o
 *(.rodata*)
 .rodata.roots  0x08016efc      0x800 ./Core/Src/fft.o
 .rodata.brv9   0x080176fc      0x400 ./Core/Src/fft.o
                0x080176fc                brv9
 *fill*         0x08017afc        0x4 
 .rodata.start_cube
                0x08017b00       0x10 ./Core/Src/fixpoint.o
                0x08017b00                start_cube
 .rodata.start_times_threehalves
                0x08017b10       0x10 ./Core/Src/fixpoint.o
                0x08017b10                start_times_threehalves
 .rodata.KeccakF_RoundConstants
                0x08017b20       0xc0 ./Core/Src/keccakf1600.o
 .rodata.AHBPrescTable
                0x08017be0       0x10 ./Core/Src/system_stm32f4xx.o
                0x08017be0                AHBPrescTable
 .rodata.APBPrescTable
                0x08017bf0        0x8 ./Core/Src/system_stm32f4xx.o
                0x08017bf0                APBPrescTable
                0x08017bf8                        . = ALIGN (0x4)

.ARM.extab      0x08017bf8        0x0
                0x08017bf8                        . = ALIGN (0x4)
 *(.ARM.extab* .gnu.linkonce.armextab.*)
                0x08017bf8                        . = ALIGN (0x4)

.ARM            0x08017bf8        0x8
                0x08017bf8                        . = ALIGN (0x4)
                0x08017bf8                        __exidx_start = .
 *(.ARM.exidx*)
 .ARM.exidx     0x08017bf8        0x8 /Applications/STM32CubeIDE.app/Contents/Eclipse/plugins/com.st.stm32cube.ide.mcu.externaltools.gnu-tools-for-stm32.12.3.rel1.macos64_1.0.100.202403111906/tools/bin/../lib/gcc/arm-none-eabi/12.3.1/thumb/v7e-m+fp/hard/libgcc.a(_udivmoddi4.o)
                0x08017c00                        __exidx_end = .
                0x08017c00                        . = ALIGN (0x4)

.preinit_array  0x08017c00        0x0
                0x08017c00                        . = ALIGN (0x4)
                0x08017c00                        PROVIDE (__preinit_array_start = .)
 *(.preinit_array*)
                0x08017c00                        PROVIDE (__preinit_array_end = .)
                0x08017c00                        . = ALIGN (0x4)

.init_array     0x08017c00        0x4
                0x08017c00                        . = ALIGN (0x4)
                0x08017c00                        PROVIDE (__init_array_start = .)
 *(SORT_BY_NAME(.init_array.*))
 *(.init_array*)
 .init_array    0x08017c00        0x4 /Applications/STM32CubeIDE.app/Contents/Eclipse/plugins/com.st.stm32cube.ide.mcu.externaltools.gnu-tools-for-stm32.12.3.rel1.macos64_1.0.100.202403111906/tools/bin/../lib/gcc/arm-none-eabi/12.3.1/thumb/v7e-m+fp/hard/crtbegin.o
                0x08017c04                        PROVIDE (__init_array_end = .)
                0x08017c04                        . = ALIGN (0x4)

.fini_array     0x08017c04        0x4
                0x08017c04                        . = ALIGN (0x4)
                [!provide]                        PROVIDE (__fini_array_start = .)
 *(SORT_BY_NAME(.fini_array.*))
 *(.fini_array*)
 .fini_array    0x08017c04        0x4 /Applications/STM32CubeIDE.app/Contents/Eclipse/plugins/com.st.stm32cube.ide.mcu.externaltools.gnu-tools-for-stm32.12.3.rel1.macos64_1.0.100.202403111906/tools/bin/../lib/gcc/arm-none-eabi/12.3.1/thumb/v7e-m+fp/hard/crtbegin.o
                [!provide]                        PROVIDE (__fini_array_end = .)
                0x08017c08                        . = ALIGN (0x4)
                0x08017c08                        _sidata = LOADADDR (.data)

.rel.dyn        0x08017c08        0x0
 .rel.iplt      0x08017c08        0x0 /Applications/STM32CubeIDE.app/Contents/Eclipse/plugins/com.st.stm32cube.ide.mcu.externaltools.gnu-tools-for-stm32.12.3.rel1.macos64_1.0.100.202403111906/tools/bin/../lib/gcc/arm-none-eabi/12.3.1/thumb/v7e-m+fp/hard/crtbegin.o

.data           0x20000000     0x1304 load address 0x08017c08
                0x20000000                        . = ALIGN (0x4)
                0x20000000                        _sdata = .
 *(.data)
 *(.data*)
 .data.esyms_h  0x20000000       0xd0 ./Core/Src/encoding.o
 .data.dsyms_h  0x200000d0       0x34 ./Core/Src/encoding.o
 .data.symbol_h
                0x20000104      0x800 ./Core/Src/encoding.o
 .data.esyms_hb_z1
                0x20000904       0xd0 ./Core/Src/encoding.o
 .data.dsyms_hb_z1
                0x200009d4       0x34 ./Core/Src/encoding.o
 .data.symbol_hb_z1
                0x20000a08      0x800 ./Core/Src/encoding.o
 .data.seed     0x20001208       0x80 ./Core/Src/randombytes.o
 .data.SystemCoreClock
                0x20001288        0x4 ./Core/Src/system_stm32f4xx.o
                0x20001288                SystemCoreClock
 .data.uwTickPrio
                0x2000128c        0x4 ./Drivers/STM32F4xx_HAL_Driver/Src/stm32f4xx_hal.o
                0x2000128c                uwTickPrio
 .data.uwTickFreq
                0x20001290        0x1 ./Drivers/STM32F4xx_HAL_Driver/Src/stm32f4xx_hal.o
                0x20001290                uwTickFreq
 *fill*         0x20001291        0x3 
 .data.CDC_Class
                0x20001294       0x20 ./Middlewares/ST/STM32_USB_Host_Library/Class/CDC/Src/usbh_cdc.o
                0x20001294                CDC_Class
 .data._impure_ptr
                0x200012b4        0x4 /Applications/STM32CubeIDE.app/Contents/Eclipse/plugins/com.st.stm32cube.ide.mcu.externaltools.gnu-tools-for-stm32.12.3.rel1.macos64_1.0.100.202403111906/tools/bin/../lib/gcc/arm-none-eabi/12.3.1/../../../../arm-none-eabi/lib/thumb/v7e-m+fp/hard/libc_nano.a(libc_a-impure.o)
                0x200012b4                _impure_ptr
 .data._impure_data
                0x200012b8       0x4c /Applications/STM32CubeIDE.app/Contents/Eclipse/plugins/com.st.stm32cube.ide.mcu.externaltools.gnu-tools-for-stm32.12.3.rel1.macos64_1.0.100.202403111906/tools/bin/../lib/gcc/arm-none-eabi/12.3.1/../../../../arm-none-eabi/lib/thumb/v7e-m+fp/hard/libc_nano.a(libc_a-impure.o)
                0x200012b8                _impure_data
 *(.RamFunc)
 *(.RamFunc*)
                0x20001304                        . = ALIGN (0x4)
                0x20001304                        _edata = .
                0x08018f0c                        _siccmram = LOADADDR (.ccmram)

.igot.plt       0x20001304        0x0 load address 0x08018f0c
 .igot.plt      0x20001304        0x0 /Applications/STM32CubeIDE.app/Contents/Eclipse/plugins/com.st.stm32cube.ide.mcu.externaltools.gnu-tools-for-stm32.12.3.rel1.macos64_1.0.100.202403111906/tools/bin/../lib/gcc/arm-none-eabi/12.3.1/thumb/v7e-m+fp/hard/crtbegin.o

.ccmram         0x10000000        0x0 load address 0x08018f0c
                0x10000000                        . = ALIGN (0x4)
                0x10000000                        _sccmram = .
 *(.ccmram)
 *(.ccmram*)
                0x10000000                        . = ALIGN (0x4)
                0x10000000                        _eccmram = .
                0x10000000                        . = ALIGN (0x4)

.bss            0x20001304      0xa90
                0x20001304                        _sbss = .
                0x20001304                        __bss_start__ = _sbss
 *(.bss)
 .bss           0x20001304       0x1c /Applications/STM32CubeIDE.app/Contents/Eclipse/plugins/com.st.stm32cube.ide.mcu.externaltools.gnu-tools-for-stm32.12.3.rel1.macos64_1.0.100.202403111906/tools/bin/../lib/gcc/arm-none-eabi/12.3.1/thumb/v7e-m+fp/hard/crtbegin.o
 *(.bss*)
 .bss.hi2c1     0x20001320       0x54 ./Core/Src/main.o
                0x20001320                hi2c1
 .bss.hi2s3     0x20001374       0x48 ./Core/Src/main.o
                0x20001374                hi2s3
 .bss.hspi1     0x200013bc       0x58 ./Core/Src/main.o
                0x200013bc                hspi1
 .bss.in        0x20001414       0x30 ./Core/Src/randombytes.o
 .bss.out_buf   0x20001444       0x40 ./Core/Src/randombytes.o
 .bss.outleft   0x20001484        0x4 ./Core/Src/randombytes.o
 .bss.__sbrk_heap_end
                0x20001488        0x4 ./Core/Src/sysmem.o
 .bss.uwTick    0x2000148c        0x4 ./Drivers/STM32F4xx_HAL_Driver/Src/stm32f4xx_hal.o
                0x2000148c                uwTick
 .bss.hUsbHostFS
                0x20001490      0x3d8 ./USB_HOST/App/usb_host.o
                0x20001490                hUsbHostFS
 .bss.Appli_state
                0x20001868        0x1 ./USB_HOST/App/usb_host.o
                0x20001868                Appli_state
 *fill*         0x20001869        0x3 
 .bss.hhcd_USB_OTG_FS
                0x2000186c      0x3e0 ./USB_HOST/Target/usbh_conf.o
                0x2000186c                hhcd_USB_OTG_FS
 .bss.__malloc_sbrk_start
                0x20001c4c        0x4 /Applications/STM32CubeIDE.app/Contents/Eclipse/plugins/com.st.stm32cube.ide.mcu.externaltools.gnu-tools-for-stm32.12.3.rel1.macos64_1.0.100.202403111906/tools/bin/../lib/gcc/arm-none-eabi/12.3.1/../../../../arm-none-eabi/lib/thumb/v7e-m+fp/hard/libc_nano.a(libc_a-mallocr.o)
                0x20001c4c                __malloc_sbrk_start
 .bss.__malloc_free_list
                0x20001c50        0x4 /Applications/STM32CubeIDE.app/Contents/Eclipse/plugins/com.st.stm32cube.ide.mcu.externaltools.gnu-tools-for-stm32.12.3.rel1.macos64_1.0.100.202403111906/tools/bin/../lib/gcc/arm-none-eabi/12.3.1/../../../../arm-none-eabi/lib/thumb/v7e-m+fp/hard/libc_nano.a(libc_a-mallocr.o)
                0x20001c50                __malloc_free_list
 .bss.__sf      0x20001c54      0x138 /Applications/STM32CubeIDE.app/Contents/Eclipse/plugins/com.st.stm32cube.ide.mcu.externaltools.gnu-tools-for-stm32.12.3.rel1.macos64_1.0.100.202403111906/tools/bin/../lib/gcc/arm-none-eabi/12.3.1/../../../../arm-none-eabi/lib/thumb/v7e-m+fp/hard/libc_nano.a(libc_a-findfp.o)
                0x20001c54                __sf
 .bss.__lock___malloc_recursive_mutex
                0x20001d8c        0x1 /Applications/STM32CubeIDE.app/Contents/Eclipse/plugins/com.st.stm32cube.ide.mcu.externaltools.gnu-tools-for-stm32.12.3.rel1.macos64_1.0.100.202403111906/tools/bin/../lib/gcc/arm-none-eabi/12.3.1/../../../../arm-none-eabi/lib/thumb/v7e-m+fp/hard/libc_nano.a(libc_a-lock.o)
                0x20001d8c                __lock___malloc_recursive_mutex
 *fill*         0x20001d8d        0x3 
 .bss.errno     0x20001d90        0x4 /Applications/STM32CubeIDE.app/Contents/Eclipse/plugins/com.st.stm32cube.ide.mcu.externaltools.gnu-tools-for-stm32.12.3.rel1.macos64_1.0.100.202403111906/tools/bin/../lib/gcc/arm-none-eabi/12.3.1/../../../../arm-none-eabi/lib/thumb/v7e-m+fp/hard/libc_nano.a(libc_a-reent.o)
                0x20001d90                errno
 *(COMMON)
                0x20001d94                        . = ALIGN (0x4)
                0x20001d94                        _ebss = .
                0x20001d94                        __bss_end__ = _ebss

._user_heap_stack
                0x20001d94      0x604
                0x20001d98                        . = ALIGN (0x8)
 *fill*         0x20001d94        0x4 
                [!provide]                        PROVIDE (end = .)
                0x20001d98                        PROVIDE (_end = .)
                0x20001f98                        . = (. + _Min_Heap_Size)
 *fill*         0x20001d98      0x200 
                0x20002398                        . = (. + _Min_Stack_Size)
 *fill*         0x20001f98      0x400 
                0x20002398                        . = ALIGN (0x8)

/DISCARD/
 libc.a(*)
 libm.a(*)
 libgcc.a(*)

.ARM.attributes
                0x00000000       0x30
 *(.ARM.attributes)
 .ARM.attributes
                0x00000000       0x22 /Applications/STM32CubeIDE.app/Contents/Eclipse/plugins/com.st.stm32cube.ide.mcu.externaltools.gnu-tools-for-stm32.12.3.rel1.macos64_1.0.100.202403111906/tools/bin/../lib/gcc/arm-none-eabi/12.3.1/thumb/v7e-m+fp/hard/crti.o
 .ARM.attributes
                0x00000022       0x34 /Applications/STM32CubeIDE.app/Contents/Eclipse/plugins/com.st.stm32cube.ide.mcu.externaltools.gnu-tools-for-stm32.12.3.rel1.macos64_1.0.100.202403111906/tools/bin/../lib/gcc/arm-none-eabi/12.3.1/thumb/v7e-m+fp/hard/crtbegin.o
 .ARM.attributes
                0x00000056       0x34 ./Core/Src/decompose.o
 .ARM.attributes
                0x0000008a       0x34 ./Core/Src/encoding.o
 .ARM.attributes
                0x000000be       0x20 ./Core/Src/fast_exp_asm.o
 .ARM.attributes
                0x000000de       0x20 ./Core/Src/fast_sampler.o
 .ARM.attributes
                0x000000fe       0x34 ./Core/Src/fft.o
 .ARM.attributes
                0x00000132       0x34 ./Core/Src/fips202.o
 .ARM.attributes
                0x00000166       0x34 ./Core/Src/fixpoint.o
 .ARM.attributes
                0x0000019a       0x34 ./Core/Src/fp84_76.o
 .ARM.attributes
                0x000001ce       0x34 ./Core/Src/keccakf1600.o
 .ARM.attributes
                0x00000202       0x34 ./Core/Src/main.o
 .ARM.attributes
                0x00000236       0x20 ./Core/Src/ntt332.o
 .ARM.attributes
                0x00000256       0x34 ./Core/Src/packing.o
 .ARM.attributes
                0x0000028a       0x34 ./Core/Src/poly.o
 .ARM.attributes
                0x000002be       0x34 ./Core/Src/polyfix.o
 .ARM.attributes
                0x000002f2       0x34 ./Core/Src/polymat.o
 .ARM.attributes
                0x00000326       0x34 ./Core/Src/polyvec.o
 .ARM.attributes
                0x0000035a       0x34 ./Core/Src/randombytes.o
 .ARM.attributes
                0x0000038e       0x34 ./Core/Src/reduce.o
 .ARM.attributes
                0x000003c2       0x34 ./Core/Src/sampler.o
 .ARM.attributes
                0x000003f6       0x34 ./Core/Src/sign.o
 .ARM.attributes
                0x0000042a       0x34 ./Core/Src/stm32f4xx_hal_msp.o
 .ARM.attributes
                0x0000045e       0x34 ./Core/Src/stm32f4xx_it.o
 .ARM.attributes
                0x00000492       0x34 ./Core/Src/symmetric-shake.o
 .ARM.attributes
                0x000004c6       0x34 ./Core/Src/sysmem.o
 .ARM.attributes
                0x000004fa       0x34 ./Core/Src/system_stm32f4xx.o
 .ARM.attributes
                0x0000052e       0x21 ./Core/Startup/startup_stm32f407vgtx.o
 .ARM.attributes
                0x0000054f       0x34 ./Drivers/STM32F4xx_HAL_Driver/Src/stm32f4xx_hal.o
 .ARM.attributes
                0x00000583       0x34 ./Drivers/STM32F4xx_HAL_Driver/Src/stm32f4xx_hal_cortex.o
 .ARM.attributes
                0x000005b7       0x34 ./Drivers/STM32F4xx_HAL_Driver/Src/stm32f4xx_hal_gpio.o
 .ARM.attributes
                0x000005eb       0x34 ./Drivers/STM32F4xx_HAL_Driver/Src/stm32f4xx_hal_hcd.o
 .ARM.attributes
                0x0000061f       0x34 ./Drivers/STM32F4xx_HAL_Driver/Src/stm32f4xx_hal_i2c.o
 .ARM.attributes
                0x00000653       0x34 ./Drivers/STM32F4xx_HAL_Driver/Src/stm32f4xx_hal_i2s.o
 .ARM.attributes
                0x00000687       0x34 ./Drivers/STM32F4xx_HAL_Driver/Src/stm32f4xx_hal_i2s_ex.o
 .ARM.attributes
                0x000006bb       0x34 ./Drivers/STM32F4xx_HAL_Driver/Src/stm32f4xx_hal_rcc.o
 .ARM.attributes
                0x000006ef       0x34 ./Drivers/STM32F4xx_HAL_Driver/Src/stm32f4xx_hal_rcc_ex.o
 .ARM.attributes
                0x00000723       0x34 ./Drivers/STM32F4xx_HAL_Driver/Src/stm32f4xx_hal_spi.o
 .ARM.attributes
                0x00000757       0x34 ./Drivers/STM32F4xx_HAL_Driver/Src/stm32f4xx_ll_usb.o
 .ARM.attributes
                0x0000078b       0x34 ./Middlewares/ST/STM32_USB_Host_Library/Class/CDC/Src/usbh_cdc.o
 .ARM.attributes
                0x000007bf       0x34 ./Middlewares/ST/STM32_USB_Host_Library/Core/Src/usbh_core.o
 .ARM.attributes
                0x000007f3       0x34 ./Middlewares/ST/STM32_USB_Host_Library/Core/Src/usbh_ctlreq.o
 .ARM.attributes
                0x00000827       0x34 ./Middlewares/ST/STM32_USB_Host_Library/Core/Src/usbh_ioreq.o
 .ARM.attributes
                0x0000085b       0x34 ./Middlewares/ST/STM32_USB_Host_Library/Core/Src/usbh_pipes.o
 .ARM.attributes
                0x0000088f       0x34 ./USB_HOST/App/usb_host.o
 .ARM.attributes
                0x000008c3       0x34 ./USB_HOST/Target/usbh_conf.o
 .ARM.attributes
                0x000008f7       0x34 ./USB_HOST/Target/usbh_platform.o
 .ARM.attributes
                0x0000092b       0x34 /Applications/STM32CubeIDE.app/Contents/Eclipse/plugins/com.st.stm32cube.ide.mcu.externaltools.gnu-tools-for-stm32.12.3.rel1.macos64_1.0.100.202403111906/tools/bin/../lib/gcc/arm-none-eabi/12.3.1/../../../../arm-none-eabi/lib/thumb/v7e-m+fp/hard/libc_nano.a(libc_a-malloc.o)
 .ARM.attributes
                0x0000095f       0x34 /Applications/STM32CubeIDE.app/Contents/Eclipse/plugins/com.st.stm32cube.ide.mcu.externaltools.gnu-tools-for-stm32.12.3.rel1.macos64_1.0.100.202403111906/tools/bin/../lib/gcc/arm-none-eabi/12.3.1/../../../../arm-none-eabi/lib/thumb/v7e-m+fp/hard/libc_nano.a(libc_a-mallocr.o)
 .ARM.attributes
                0x00000993       0x34 /Applications/STM32CubeIDE.app/Contents/Eclipse/plugins/com.st.stm32cube.ide.mcu.externaltools.gnu-tools-for-stm32.12.3.rel1.macos64_1.0.100.202403111906/tools/bin/../lib/gcc/arm-none-eabi/12.3.1/../../../../arm-none-eabi/lib/thumb/v7e-m+fp/hard/libc_nano.a(libc_a-mlock.o)
 .ARM.attributes
                0x000009c7       0x34 /Applications/STM32CubeIDE.app/Contents/Eclipse/plugins/com.st.stm32cube.ide.mcu.externaltools.gnu-tools-for-stm32.12.3.rel1.macos64_1.0.100.202403111906/tools/bin/../lib/gcc/arm-none-eabi/12.3.1/../../../../arm-none-eabi/lib/thumb/v7e-m+fp/hard/libc_nano.a(libc_a-findfp.o)
 .ARM.attributes
                0x000009fb       0x34 /Applications/STM32CubeIDE.app/Contents/Eclipse/plugins/com.st.stm32cube.ide.mcu.externaltools.gnu-tools-for-stm32.12.3.rel1.macos64_1.0.100.202403111906/tools/bin/../lib/gcc/arm-none-eabi/12.3.1/../../../../arm-none-eabi/lib/thumb/v7e-m+fp/hard/libc_nano.a(libc_a-memset.o)
 .ARM.attributes
                0x00000a2f       0x34 /Applications/STM32CubeIDE.app/Contents/Eclipse/plugins/com.st.stm32cube.ide.mcu.externaltools.gnu-tools-for-stm32.12.3.rel1.macos64_1.0.100.202403111906/tools/bin/../lib/gcc/arm-none-eabi/12.3.1/../../../../arm-none-eabi/lib/thumb/v7e-m+fp/hard/libc_nano.a(libc_a-impure.o)
 .ARM.attributes
                0x00000a63       0x34 /Applications/STM32CubeIDE.app/Contents/Eclipse/plugins/com.st.stm32cube.ide.mcu.externaltools.gnu-tools-for-stm32.12.3.rel1.macos64_1.0.100.202403111906/tools/bin/../lib/gcc/arm-none-eabi/12.3.1/../../../../arm-none-eabi/lib/thumb/v7e-m+fp/hard/libc_nano.a(libc_a-sbrkr.o)
 .ARM.attributes
                0x00000a97       0x34 /Applications/STM32CubeIDE.app/Contents/Eclipse/plugins/com.st.stm32cube.ide.mcu.externaltools.gnu-tools-for-stm32.12.3.rel1.macos64_1.0.100.202403111906/tools/bin/../lib/gcc/arm-none-eabi/12.3.1/../../../../arm-none-eabi/lib/thumb/v7e-m+fp/hard/libc_nano.a(libc_a-errno.o)
 .ARM.attributes
                0x00000acb       0x34 /Applications/STM32CubeIDE.app/Contents/Eclipse/plugins/com.st.stm32cube.ide.mcu.externaltools.gnu-tools-for-stm32.12.3.rel1.macos64_1.0.100.202403111906/tools/bin/../lib/gcc/arm-none-eabi/12.3.1/../../../../arm-none-eabi/lib/thumb/v7e-m+fp/hard/libc_nano.a(libc_a-init.o)
 .ARM.attributes