Archive member included to satisfy reference by file (symbol)

/Applications/STM32CubeIDE.app/Contents/Eclipse/plugins/com.st.stm32cube.ide.mcu.externaltools.gnu-tools-for-stm32.12.3.rel1.macos64_1.0.100.202403111906/tools/bin/../lib/gcc/arm-none-eabi/12.3.1/../../../../arm-none-eabi/lib/thumb/v7e-m+fp/hard/libc_nano.a(libc_a-exit.o)
                              /Applications/STM32CubeIDE.app/Contents/Eclipse/plugins/com.st.stm32cube.ide.mcu.externaltools.gnu-tools-for-stm32.12.3.rel1.macos64_1.0.100.202403111906/tools/bin/../lib/gcc/arm-none-eabi/12.3.1/../../../../arm-none-eabi/lib/thumb/v7e-m+fp/hard/crt0.o (exit)
/Applications/STM32CubeIDE.app/Contents/Eclipse/plugins/com.st.stm32cube.ide.mcu.externaltools.gnu-tools-for-stm32.12.3.rel1.macos64_1.0.100.202403111906/tools/bin/../lib/gcc/arm-none-eabi/12.3.1/../../../../arm-none-eabi/lib/thumb/v7e-m+fp/hard/libc_nano.a(libc_a-malloc.o)
                              ./Middlewares/ST/STM32_USB_Host_Library/Class/CDC/Src/usbh_cdc.o (malloc)
/Applications/STM32CubeIDE.app/Contents/Eclipse/plugins/com.st.stm32cube.ide.mcu.externaltools.gnu-tools-for-stm32.12.3.rel1.macos64_1.0.100.202403111906/tools/bin/../lib/gcc/arm-none-eabi/12.3.1/../../../../arm-none-eabi/lib/thumb/v7e-m+fp/hard/libc_nano.a(libc_a-mallocr.o)
                              /Applications/STM32CubeIDE.app/Contents/Eclipse/plugins/com.st.stm32cube.ide.mcu.externaltools.gnu-tools-for-stm32.12.3.rel1.macos64_1.0.100.202403111906/tools/bin/../lib/gcc/arm-none-eabi/12.3.1/../../../../arm-none-eabi/lib/thumb/v7e-m+fp/hard/libc_nano.a(libc_a-malloc.o) (_malloc_r)
/Applications/STM32CubeIDE.app/Contents/Eclipse/plugins/com.st.stm32cube.ide.mcu.externaltools.gnu-tools-for-stm32.12.3.rel1.macos64_1.0.100.202403111906/tools/bin/../lib/gcc/arm-none-eabi/12.3.1/../../../../arm-none-eabi/lib/thumb/v7e-m+fp/hard/libc_nano.a(libc_a-mlock.o)
                              /Applications/STM32CubeIDE.app/Contents/Eclipse/plugins/com.st.stm32cube.ide.mcu.externaltools.gnu-tools-for-stm32.12.3.rel1.macos64_1.0.100.202403111906/tools/bin/../lib/gcc/arm-none-eabi/12.3.1/../../../../arm-none-eabi/lib/thumb/v7e-m+fp/hard/libc_nano.a(libc_a-mallocr.o) (__malloc_lock)
/Applications/STM32CubeIDE.app/Contents/Eclipse/plugins/com.st.stm32cube.ide.mcu.externaltools.gnu-tools-for-stm32.12.3.rel1.macos64_1.0.100.202403111906/tools/bin/../lib/gcc/arm-none-eabi/12.3.1/../../../../arm-none-eabi/lib/thumb/v7e-m+fp/hard/libc_nano.a(libc_a-findfp.o)
                              /Applications/STM32CubeIDE.app/Contents/Eclipse/plugins/com.st.stm32cube.ide.mcu.externaltools.gnu-tools-for-stm32.12.3.rel1.macos64_1.0.100.202403111906/tools/bin/../lib/gcc/arm-none-eabi/12.3.1/../../../../arm-none-eabi/lib/thumb/v7e-m+fp/hard/libc_nano.a(libc_a-exit.o) (__stdio_exit_handler)
/Applications/STM32CubeIDE.app/Contents/Eclipse/plugins/com.st.stm32cube.ide.mcu.externaltools.gnu-tools-for-stm32.12.3.rel1.macos64_1.0.100.202403111906/tools/bin/../lib/gcc/arm-none-eabi/12.3.1/../../../../arm-none-eabi/lib/thumb/v7e-m+fp/hard/libc_nano.a(libc_a-fwalk.o)
                              /Applications/STM32CubeIDE.app/Contents/Eclipse/plugins/com.st.stm32cube.ide.mcu.externaltools.gnu-tools-for-stm32.12.3.rel1.macos64_1.0.100.202403111906/tools/bin/../lib/gcc/arm-none-eabi/12.3.1/../../../../arm-none-eabi/lib/thumb/v7e-m+fp/hard/libc_nano.a(libc_a-findfp.o) (_fwalk_sglue)
/Applications/STM32CubeIDE.app/Contents/Eclipse/plugins/com.st.stm32cube.ide.mcu.externaltools.gnu-tools-for-stm32.12.3.rel1.macos64_1.0.100.202403111906/tools/bin/../lib/gcc/arm-none-eabi/12.3.1/../../../../arm-none-eabi/lib/thumb/v7e-m+fp/hard/libc_nano.a(libc_a-memset.o)
                              /Applications/STM32CubeIDE.app/Contents/Eclipse/plugins/com.st.stm32cube.ide.mcu.externaltools.gnu-tools-for-stm32.12.3.rel1.macos64_1.0.100.202403111906/tools/bin/../lib/gcc/arm-none-eabi/12.3.1/../../../../arm-none-eabi/lib/thumb/v7e-m+fp/hard/crt0.o (memset)
/Applications/STM32CubeIDE.app/Contents/Eclipse/plugins/com.st.stm32cube.ide.mcu.externaltools.gnu-tools-for-stm32.12.3.rel1.macos64_1.0.100.202403111906/tools/bin/../lib/gcc/arm-none-eabi/12.3.1/../../../../arm-none-eabi/lib/thumb/v7e-m+fp/hard/libc_nano.a(libc_a-impure.o)
                              /Applications/STM32CubeIDE.app/Contents/Eclipse/plugins/com.st.stm32cube.ide.mcu.externaltools.gnu-tools-for-stm32.12.3.rel1.macos64_1.0.100.202403111906/tools/bin/../lib/gcc/arm-none-eabi/12.3.1/../../../../arm-none-eabi/lib/thumb/v7e-m+fp/hard/libc_nano.a(libc_a-malloc.o) (_impure_ptr)
/Applications/STM32CubeIDE.app/Contents/Eclipse/plugins/com.st.stm32cube.ide.mcu.externaltools.gnu-tools-for-stm32.12.3.rel1.macos64_1.0.100.202403111906/tools/bin/../lib/gcc/arm-none-eabi/12.3.1/../../../../arm-none-eabi/lib/thumb/v7e-m+fp/hard/libc_nano.a(libc_a-sbrkr.o)
[...]
Memory Configuration

Name             Origin             Length             Attributes
CCMRAM           0x10000000         0x00010000         xrw
RAM              0x20000000         0x00020000         xrw
FLASH            0x08000000         0x00100000         xr
*default*        0x00000000         0xffffffff

Linker script and memory map

LOAD /Applications/STM32CubeIDE.app/Contents/Eclipse/plugins/com.st.stm32cube.ide.mcu.externaltools.gnu-tools-for-stm32.12.3.rel1.macos64_1.0.100.202403111906/tools/bin/../lib/gcc/arm-none-eabi/12.3.1/thumb/v7e-m+fp/hard/crti.o
LOAD /Applications/STM32CubeIDE.app/Contents/Eclipse/plugins/com.st.stm32cube.ide.mcu.externaltools.gnu-tools-for-stm32.12.3.rel1.macos64_1.0.100.202403111906/tools/bin/../lib/gcc/arm-none-eabi/12.3.1/thumb/v7e-m+fp/hard/crtbegin.o
LOAD /Applications/STM32CubeIDE.app/Contents/Eclipse/plugins/com.st.stm32cube.ide.mcu.externaltools.gnu-tools-for-stm32.12.3.rel1.macos64_1.0.100.202403111906/tools/bin/../lib/gcc/arm-none-eabi/12.3.1/../../../../arm-none-eabi/lib/thumb/v7e-m+fp/hard/crt0.o
LOAD ./Core/Src/decompose.o
LOAD ./Core/Src/encoding.o
LOAD ./Core/Src/fast_exp_asm.o
LOAD ./Core/Src/fast_sampler.o
LOAD ./Core/Src/fft.o
LOAD ./Core/Src/fips202.o
LOAD ./Core/Src/fixpoint.o
LOAD ./Core/Src/fp84_76.o
LOAD ./Core/Src/keccakf1600.o
LOAD ./Core/Src/main.o
LOAD ./Core/Src/ntt332.o
LOAD ./Core/Src/packing.o
LOAD ./Core/Src/poly.o
LOAD ./Core/Src/polyfix.o
LOAD ./Core/Src/polymat.o
LOAD ./Core/Src/polyvec.o
LOAD ./Core/Src/randombytes.o
LOAD ./Core/Src/reduce.o
LOAD ./Core/Src/sampler.o
LOAD ./Core/Src/sign.o
LOAD ./Core/Src/stm32f4xx_hal_msp.o
LOAD ./Core/Src/stm32f4xx_it.o
LOAD ./Core/Src/symmetric-shake.o
LOAD ./Core/Src/syscalls.o
LOAD ./Core/Src/sysmem.o
LOAD ./Core/Src/system_stm32f4xx.o
LOAD ./Core/Startup/startup_stm32f407vgtx.o
LOAD ./Drivers/STM32F4xx_HAL_Driver/Src/stm32f4xx_hal.o
LOAD ./Drivers/STM32F4xx_HAL_Driver/Src/stm32f4xx_hal_cortex.o
LOAD ./Drivers/STM32F4xx_HAL_Driver/Src/stm32f4xx_hal_dma.o
LOAD ./Drivers/STM32F4xx_HAL_Driver/Src/stm32f4xx_hal_dma_ex.o
LOAD ./Drivers/STM32F4xx_HAL_Driver/Src/stm32f4xx_hal_exti.o
LOAD ./Drivers/STM32F4xx_HAL_Driver/Src/stm32f4xx_hal_flash.o
LOAD ./Drivers/STM32F4xx_HAL_Driver/Src/stm32f4xx_hal_flash_ex.o
LOAD ./Drivers/STM32F4xx_HAL_Driver/Src/stm32f4xx_hal_flash_ramfunc.o
LOAD ./Drivers/STM32F4xx_HAL_Driver/Src/stm32f4xx_hal_gpio.o
LOAD ./Drivers/STM32F4xx_HAL_Driver/Src/stm32f4xx_hal_hcd.o
LOAD ./Drivers/STM32F4xx_HAL_Driver/Src/stm32f4xx_hal_i2c.o
LOAD ./Drivers/STM32F4xx_HAL_Driver/Src/stm32f4xx_hal_i2c_ex.o
LOAD ./Drivers/STM32F4xx_HAL_Driver/Src/stm32f4xx_hal_i2s.o
LOAD ./Drivers/STM32F4xx_HAL_Driver/Src/stm32f4xx_hal_i2s_ex.o
LOAD ./Drivers/STM32F4xx_HAL_Driver/Src/stm32f4xx_hal_pwr.o
LOAD ./Drivers/STM32F4xx_HAL_Driver/Src/stm32f4xx_hal_pwr_ex.o
LOAD ./Drivers/STM32F4xx_HAL_Driver/Src/stm32f4xx_hal_rcc.o
LOAD ./Drivers/STM32F4xx_HAL_Driver/Src/stm32f4xx_hal_rcc_ex.o
LOAD ./Drivers/STM32F4xx_HAL_Driver/Src/stm32f4xx_hal_spi.o
LOAD ./Drivers/STM32F4xx_HAL_Driver/Src/stm32f4xx_hal_tim.o
LOAD ./Drivers/STM32F4xx_HAL_Driver/Src/stm32f4xx_hal_tim_ex.o
LOAD ./Drivers/STM32F4xx_HAL_Driver/Src/stm32f4xx_ll_usb.o
LOAD ./Middlewares/ST/STM32_USB_Host_Library/Class/CDC/Src/usbh_cdc.o
LOAD ./Middlewares/ST/STM32_USB_Host_Library/Core/Src/usbh_core.o
LOAD ./Middlewares/ST/STM32_USB_Host_Library/Core/Src/usbh_ctlreq.o
LOAD ./Middlewares/ST/STM32_USB_Host_Library/Core/Src/usbh_ioreq.o
LOAD ./Middlewares/ST/STM32_USB_Host_Library/Core/Src/usbh_pipes.o
LOAD ./USB_HOST/App/usb_host.o
LOAD ./USB_HOST/Target/usbh_conf.o
LOAD ./USB_HOST/Target/usbh_platform.o
START GROUP
LOAD /Applications/STM32CubeIDE.app/Contents/Eclipse/plugins/com.st.stm32cube.ide.mcu.externaltools.gnu-tools-for-stm32.12.3.rel1.macos64_1.0.100.202403111906/tools/bin/../lib/gcc/arm-none-eabi/12.3.1/../../../../arm-none-eabi/lib/thumb/v7e-m+fp/hard/libc_nano.a
LOAD /Applications/STM32CubeIDE.app/Contents/Eclipse/plugins/com.st.stm32cube.ide.mcu.externaltools.gnu-tools-for-stm32.12.3.rel1.macos64_1.0.100.202403111906/tools/bin/../lib/gcc/arm-none-eabi/12.3.1/../../../../arm-none-eabi/lib/thumb/v7e-m+fp/hard/libm.a
END GROUP
START GROUP
LOAD /Applications/STM32CubeIDE.app/Contents/Eclipse/plugins/com.st.stm32cube.ide.mcu.externaltools.gnu-tools-for-stm32.12.3.rel1.macos64_1.0.100.202403111906/tools/bin/../lib/gcc/arm-none-eabi/12.3.1/thumb/v7e-m+fp/hard/libgcc.a
LOAD /Applications/STM32CubeIDE.app/Contents/Eclipse/plugins/com.st.stm32cube.ide.mcu.externaltools.gnu-tools-for-stm32.12.3.rel1.macos64_1.0.100.202403111906/tools/bin/../lib/gcc/arm-none-eabi/12.3.1/../../../../arm-none-eabi/lib/thumb/v7e-m+fp/hard/libc_nano.a
END GROUP
START GROUP
LOAD /Applications/STM32CubeIDE.app/Contents/Eclipse/plugins/com.st.stm32cube.ide.mcu.externaltools.gnu-tools-for-stm32.12.3.rel1.macos64_1.0.100.202403111906/tools/bin/../lib/gcc/arm-none-eabi/12.3.1/thumb/v7e-m+fp/hard/libgcc.a
LOAD /Applications/STM32CubeIDE.app/Contents/Eclipse/plugins/com.st.stm32cube.ide.mcu.externaltools.gnu-tools-for-stm32.12.3.rel1.macos64_1.0.100.202403111906/tools/bin/../lib/gcc/arm-none-eabi/12.3.1/../../../../arm-none-eabi/lib/thumb/v7e-m+fp/hard/libc_nano.a
LOAD /Applications/STM32CubeIDE.app/Contents/Eclipse/plugins/com.st.stm32cube.ide.mcu.externaltools.gnu-tools-for-stm32.12.3.rel1.macos64_1.0.100.202403111906/tools/bin/../lib/gcc/arm-none-eabi/12.3.1/../../../../arm-none-eabi/lib/thumb/v7e-m+fp/hard/libnosys.a
END GROUP
START GROUP
LOAD /Applications/STM32CubeIDE.app/Contents/Eclipse/plugins/com.st.stm32cube.ide.mcu.externaltools.gnu-tools-for-stm32.12.3.rel1.macos64_1.0.100.202403111906/tools/bin/../lib/gcc/arm-none-eabi/12.3.1/thumb/v7e-m+fp/hard/libgcc.a
LOAD /Applications/STM32CubeIDE.app/Contents/Eclipse/plugins/com.st.stm32cube.ide.mcu.externaltools.gnu-tools-for-stm32.12.3.rel1.macos64_1.0.100.202403111906/tools/bin/../lib/gcc/arm-none-eabi/12.3.1/../../../../arm-none-eabi/lib/thumb/v7e-m+fp/hard/libc_nano.a
LOAD /Applications/STM32CubeIDE.app/Contents/Eclipse/plugins/com.st.stm32cube.ide.mcu.externaltools.gnu-tools-for-stm32.12.3.rel1.macos64_1.0.100.202403111906/tools/bin/../lib/gcc/arm-none-eabi/12.3.1/../../../../arm-none-eabi/lib/thumb/v7e-m+fp/hard/libnosys.a
END GROUP
LOAD /Applications/STM32CubeIDE.app/Contents/Eclipse/plugins/com.st.stm32cube.ide.mcu.externaltools.gnu-tools-for-stm32.12.3.rel1.macos64_1.0.100.202403111906/tools/bin/../lib/gcc/arm-none-eabi/12.3.1/thumb/v7e-m+fp/hard/crtend.o
LOAD /Applications/STM32CubeIDE.app/Contents/Eclipse/plugins/com.st.stm32cube.ide.mcu.externaltools.gnu-tools-for-stm32.12.3.rel1.macos64_1.0.100.202403111906/tools/bin/../lib/gcc/arm-none-eabi/12.3.1/thumb/v7e-m+fp/hard/crtn.o
                0x20020000                        _estack = (ORIGIN (RAM) + LENGTH (RAM))
                0x00000200                        _Min_Heap_Size = 0x200
                0x00000400                        _Min_Stack_Size = 0x400

.isr_vector     0x08000000      0x188
                0x08000000                        . = ALIGN (0x4)
 *(.isr_vector)
 .isr_vector    0x08000000      0x188 ./Core/Startup/startup_stm32f407vgtx.o
                0x08000000                g_pfnVectors
                0x08000188                        . = ALIGN (0x4)

.text           0x08000188     0xf1f4
                0x08000188                        . = ALIGN (0x4)
 *(.text)
 .text          0x08000188       0x40 /Applications/STM32CubeIDE.app/Contents/Eclipse/plugins/com.st.stm32cube.ide.mcu.externaltools.gnu-tools-for-stm32.12.3.rel1.macos64_1.0.100.202403111906/tools/bin/../lib/gcc/arm-none-eabi/12.3.1/thumb/v7e-m+fp/hard/crtbegin.o
 .text          0x080001c8      0xa08 ./Core/Src/ntt332.o
                0x080001cc                haetae_ntt332
                0x08000794                haetae_invntt332_tomont
 .text          0x08000bd0      0x378 /Applications/STM32CubeIDE.app/Contents/Eclipse/plugins/com.st.stm32cube.ide.mcu.externaltools.gnu-tools-for-stm32.12.3.rel1.macos64_1.0.100.202403111906/tools/bin/../lib/gcc/arm-none-eabi/12.3.1/thumb/v7e-m+fp/hard/libgcc.a(_arm_addsubdf3.o)
                0x08000bd0                __aeabi_drsub
                0x08000bd8                __subdf3
                0x08000bd8                __aeabi_dsub
                0x08000bdc                __aeabi_dadd
                0x08000bdc                __adddf3
                0x08000e54                __aeabi_ui2d
                0x08000e54                __floatunsidf
                0x08000e74                __floatsidf
                0x08000e74                __aeabi_i2d
                0x08000e98                __extendsfdf2
                0x08000e98                __aeabi_f2d
                0x08000edc                __aeabi_ul2d
                0x08000edc                __floatundidf
                0x08000eec                __aeabi_l2d
                0x08000eec                __floatdidf
 .text          0x08000f48      0x110 /Applications/STM32CubeIDE.app/Contents/Eclipse/plugins/com.st.stm32cube.ide.mcu.externaltools.gnu-tools-for-stm32.12.3.rel1.macos64_1.0.100.202403111906/tools/bin/../lib/gcc/arm-none-eabi/12.3.1/thumb/v7e-m+fp/hard/libgcc.a(_arm_cmpdf2.o)
                0x08000f48                __gedf2
                0x08000f48                __gtdf2
                0x08000f50                __ledf2
                0x08000f50                __ltdf2
                0x08000f58                __cmpdf2
                0x08000f58                __eqdf2
                0x08000f58                __nedf2
                0x08000fd4                __aeabi_cdrcmple
                0x08000fe4                __aeabi_cdcmple
                0x08000fe4                __aeabi_cdcmpeq
                0x08000ff4                __aeabi_dcmpeq
                0x08001008                __aeabi_dcmplt
                0x0800101c                __aeabi_dcmple
                0x08001030                __aeabi_dcmpge
                0x08001044                __aeabi_dcmpgt
 .text          0x08001058       0x30 /Applications/STM32CubeIDE.app/Contents/Eclipse/plugins/com.st.stm32cube.ide.mcu.externaltools.gnu-tools-for-stm32.12.3.rel1.macos64_1.0.100.202403111906/tools/bin/../lib/gcc/arm-none-eabi/12.3.1/thumb/v7e-m+fp/hard/libgcc.a(_aeabi_uldivmod.o)
                0x08001058                __aeabi_uldivmod
 .text          0x08001088      0x2bc /Applications/STM32CubeIDE.app/Contents/Eclipse/plugins/com.st.stm32cube.ide.mcu.externaltools.gnu-tools-for-stm32.12.3.rel1.macos64_1.0.100.202403111906/tools/bin/../lib/gcc/arm-none-eabi/12.3.1/thumb/v7e-m+fp/hard/libgcc.a(_udivmoddi4.o)
                0x08001088                __udivmoddi4
 .text          0x08001344        0x4 /Applications/STM32CubeIDE.app/Contents/Eclipse/plugins/com.st.stm32cube.ide.mcu.externaltools.gnu-tools-for-stm32.12.3.rel1.macos64_1.0.100.202403111906/tools/bin/../lib/gcc/arm-none-eabi/12.3.1/thumb/v7e-m+fp/hard/libgcc.a(_dvmd_tls.o)
                0x08001344                __aeabi_ldiv0
                0x08001344                __aeabi_idiv0
 *(.text*)
 .text.cryptolab_haetae2_decompose_vk
                0x08001348       0x40 ./Core/Src/decompose.o
                0x08001348                cryptolab_haetae2_decompose_vk
 .text._mulrnd16
                0x08001388       0x5c ./Core/Src/fft.o
 .text._complex_mul_real
                0x080013e4       0x3a ./Core/Src/fft.o
 .text._complex_mul_imag
                0x0800141e       0x3a ./Core/Src/fft.o
 .text._complex_mul
                0x08001458       0x48 ./Core/Src/fft.o
 .text.fft_bitrev
                0x080014a0       0x90 ./Core/Src/fft.o
                0x080014a0                fft_bitrev
 .text.complex_fp_sqabs
                0x08001530       0x32 ./Core/Src/fft.o
                0x08001530                complex_fp_sqabs
 *fill*         0x08001562        0x2 
 .text.fft      0x08001564       0xf4 ./Core/Src/fft.o
                0x08001564                fft
 .text.keccak_inc_init
                0x08001658       0x4c ./Core/Src/fips202.o
 .text.keccak_inc_absorb
                0x080016a4       0xdc ./Core/Src/fips202.o
 .text.keccak_inc_finalize
                0x08001780       0x84 ./Core/Src/fips202.o
 .text.keccak_inc_squeeze
                0x08001804       0xe0 ./Core/Src/fips202.o
 .text.shake128_inc_init
                0x080018e4       0x18 ./Core/Src/fips202.o
                0x080018e4                shake128_inc_init
 .text.shake128_inc_absorb
                0x080018fc       0x20 ./Core/Src/fips202.o
                0x080018fc                shake128_inc_absorb
 .text.shake128_inc_finalize
                0x0800191c       0x1c ./Core/Src/fips202.o
                0x0800191c                shake128_inc_finalize
 .text.shake128_inc_squeeze
                0x08001938       0x20 ./Core/Src/fips202.o
                0x08001938                shake128_inc_squeeze
 .text.shake256_inc_init
                0x08001958       0x18 ./Core/Src/fips202.o
                0x08001958                shake256_inc_init
 .text.shake256_inc_absorb
                0x08001970       0x20 ./Core/Src/fips202.o
                0x08001970                shake256_inc_absorb
 .text.shake256_inc_finalize
                0x08001990       0x1c ./Core/Src/fips202.o
                0x08001990                shake256_inc_finalize
 .text.shake256_inc_squeeze
                0x080019ac       0x20 ./Core/Src/fips202.o
                0x080019ac                shake256_inc_squeeze
 .text.KeccakF1600_StateExtractBytes
                0x080019cc       0x72 ./Core/Src/keccakf1600.o
                0x080019cc                KeccakF1600_StateExtractBytes
 .text.KeccakF1600_StateXORBytes
                0x08001a3e       0x96 ./Core/Src/keccakf1600.o
                0x08001a3e                KeccakF1600_StateXORBytes
 .text.KeccakF1600_StatePermute
                0x08001ad4     0x30d0 ./Core/Src/keccakf1600.o
                0x08001ad4                KeccakF1600_StatePermute
 .text.main     0x08004ba4       0xb8 ./Core/Src/main.o
                0x08004ba4                main
 .text.SystemClock_Config
                0x08004c5c       0xd4 ./Core/Src/main.o
                0x08004c5c                SystemClock_Config
 .text.MX_I2C1_Init
                0x08004d30       0x5c ./Core/Src/main.o
 .text.MX_I2S3_Init
                0x08004d8c       0x60 ./Core/Src/main.o
 .text.MX_SPI1_Init
                0x08004dec       0x6c ./Core/Src/main.o
 .text.MX_GPIO_Init
                0x08004e58      0x1fc ./Core/Src/main.o
 .text.Error_Handler
                0x08005054        0xc ./Core/Src/main.o
                0x08005054                Error_Handler
 .text.cryptolab_haetae2_pack_pk
                0x08005060       0x56 ./Core/Src/packing.o
                0x08005060                cryptolab_haetae2_pack_pk
 .text.cryptolab_haetae2_pack_sk
                0x080050b6       0x98 ./Core/Src/packing.o
                0x080050b6                cryptolab_haetae2_pack_sk
 .text.cryptolab_haetae2_poly_decompose_vk
                0x0800514e       0x46 ./Core/Src/poly.o
                0x0800514e                cryptolab_haetae2_poly_decompose_vk
 .text.cryptolab_haetae2_poly_add
                0x08005194       0x46 ./Core/Src/poly.o
                0x08005194                cryptolab_haetae2_poly_add
 .text.cryptolab_haetae2_poly_sub
                0x080051da       0x46 ./Core/Src/poly.o
                0x080051da                cryptolab_haetae2_poly_sub
 .text.cryptolab_haetae2_poly_pointwise_montgomery_mixed
                0x08005220       0x6e ./Core/Src/poly.o
                0x08005220                cryptolab_haetae2_poly_pointwise_montgomery_mixed
 .text.cryptolab_haetae2_poly_freeze
                0x0800528e       0x3c ./Core/Src/poly.o
                0x0800528e                cryptolab_haetae2_poly_freeze
 .text.cryptolab_haetae2_poly_uniform
                0x080052ca      0x136 ./Core/Src/poly.o
                0x080052ca                cryptolab_haetae2_poly_uniform
 .text.cryptolab_haetae2_poly_uniform_frozen
                0x08005400      0x136 ./Core/Src/poly.o
                0x08005400                cryptolab_haetae2_poly_uniform_frozen
 .text.cryptolab_haetae2_poly_uniform_eta
                0x08005536       0xca ./Core/Src/poly.o
                0x08005536                cryptolab_haetae2_poly_uniform_eta
 .text.cryptolab_haetae2_polyq_pack
                0x08005600      0x25a ./Core/Src/poly.o
                0x08005600                cryptolab_haetae2_polyq_pack
 .text.cryptolab_haetae2_polyeta_pack
                0x0800585a       0xe4 ./Core/Src/poly.o
                0x0800585a                cryptolab_haetae2_polyeta_pack
 .text.cryptolab_haetae2_poly2eta_pack
                0x0800593e      0x168 ./Core/Src/poly.o
                0x0800593e                cryptolab_haetae2_poly2eta_pack
 .text.cryptolab_haetae2_poly_ntt
                0x08005aa6       0x18 ./Core/Src/poly.o
                0x08005aa6                cryptolab_haetae2_poly_ntt
 .text.cryptolab_haetae2_poly_invntt_tomont
                0x08005abe       0x18 ./Core/Src/poly.o
                0x08005abe                cryptolab_haetae2_poly_invntt_tomont
 .text.minmax   0x08005ad6       0x64 ./Core/Src/polyvec.o
 .text.minmaxmask
                0x08005b3a       0x7a ./Core/Src/polyvec.o
 .text.cryptolab_haetae2_polyvecmk_sqsing_value
                0x08005bb4      0x51a ./Core/Src/polyvec.o
                0x08005bb4                cryptolab_haetae2_polyvecmk_sqsing_value
 *fill*         0x080060ce        0x2 
 .text.surf     0x080060d0      0x254 ./Core/Src/randombytes.o
 .text.randombytes_regen
                0x08006324       0xd4 ./Core/Src/randombytes.o
                0x08006324                randombytes_regen
 .text.randombytes
                0x080063f8       0x54 ./Core/Src/randombytes.o
                0x080063f8                randombytes
 .text.cryptolab_haetae2_freeze
                0x0800644c      0x1d8 ./Core/Src/reduce.o
                0x0800644c                cryptolab_haetae2_freeze
 .text.cryptolab_haetae2_rej_uniform
                0x08006624       0x72 ./Core/Src/sampler.o
                0x08006624                cryptolab_haetae2_rej_uniform
 .text.cryptolab_haetae2_rej_uniform_frozen
                0x08006696       0x78 ./Core/Src/sampler.o
                0x08006696                cryptolab_haetae2_rej_uniform_frozen
 .text.mod3     0x0800670e       0x60 ./Core/Src/sampler.o
 .text.mod3_leq26
                0x0800676e       0x52 ./Core/Src/sampler.o
 .text.mod3_leq8
                0x080067c0       0x44 ./Core/Src/sampler.o
 .text.cryptolab_haetae2_rej_eta
                0x08006804      0x13e ./Core/Src/sampler.o
                0x08006804                cryptolab_haetae2_rej_eta
 .text.generate_seed_from_one_source
                0x08006942       0x32 ./Core/Src/sign.o
 .text.nonce_a  0x08006974       0x1e ./Core/Src/sign.o
 .text.nonce_A_gen
                0x08006992       0x26 ./Core/Src/sign.o
 .text.nonce_s_gen
                0x080069b8       0x22 ./Core/Src/sign.o
 .text.nonce_e_gen
                0x080069da       0x26 ./Core/Src/sign.o
 .text.pointwise_montgomery_by_A_gen_elem_frozen
                0x08006a00       0x34 ./Core/Src/sign.o
 *fill*         0x08006a34        0x4 
 .text.cryptolab_haetae2_keypair
                0x08006a38      0x660 ./Core/Src/sign.o
                0x08006a38                cryptolab_haetae2_keypair
 .text.HAL_MspInit
                0x08007098       0x50 ./Core/Src/stm32f4xx_hal_msp.o
                0x08007098                HAL_MspInit
 .text.HAL_I2C_MspInit
                0x080070e8       0x90 ./Core/Src/stm32f4xx_hal_msp.o
                0x080070e8                HAL_I2C_MspInit
 .text.HAL_I2S_MspInit
                0x08007178      0x100 ./Core/Src/stm32f4xx_hal_msp.o
                0x08007178                HAL_I2S_MspInit
 .text.HAL_SPI_MspInit
                0x08007278       0x90 ./Core/Src/stm32f4xx_hal_msp.o
                0x08007278                HAL_SPI_MspInit
 .text.NMI_Handler
                0x08007308        0x8 ./Core/Src/stm32f4xx_it.o
                0x08007308                NMI_Handler
 .text.HardFault_Handler
                0x08007310        0x8 ./Core/Src/stm32f4xx_it.o
                0x08007310                HardFault_Handler
 .text.MemManage_Handler
                0x08007318        0x8 ./Core/Src/stm32f4xx_it.o
                0x08007318                MemManage_Handler
 .text.BusFault_Handler
                0x08007320        0x8 ./Core/Src/stm32f4xx_it.o
                0x08007320                BusFault_Handler
 .text.UsageFault_Handler
                0x08007328        0x8 ./Core/Src/stm32f4xx_it.o
                0x08007328                UsageFault_Handler
 .text.SVC_Handler
                0x08007330        0xe ./Core/Src/stm32f4xx_it.o
                0x08007330                SVC_Handler
 .text.DebugMon_Handler
                0x0800733e        0xe ./Core/Src/stm32f4xx_it.o
                0x0800733e                DebugMon_Handler
 .text.PendSV_Handler
                0x0800734c        0xe ./Core/Src/stm32f4xx_it.o
                0x0800734c                PendSV_Handler
 .text.SysTick_Handler
                0x0800735a        0xc ./Core/Src/stm32f4xx_it.o
                0x0800735a                SysTick_Handler
 *fill*         0x08007366        0x2 
 .text.OTG_FS_IRQHandler
                0x08007368       0x14 ./Core/Src/stm32f4xx_it.o
                0x08007368                OTG_FS_IRQHandler
 .text.cryptolab_haetae2_haetae_shake128_stream_init
                0x0800737c       0x4a ./Core/Src/symmetric-shake.o
                0x0800737c                cryptolab_haetae2_haetae_shake128_stream_init
 .text.cryptolab_haetae2_haetae_shake256_stream_init
                0x080073c6       0x4a ./Core/Src/symmetric-shake.o
                0x080073c6                cryptolab_haetae2_haetae_shake256_stream_init
 .text.cryptolab_haetae2_haetae_shake256_absorb_once
                0x08007410       0x2a ./Core/Src/symmetric-shake.o
                0x08007410                cryptolab_haetae2_haetae_shake256_absorb_once
 .text.cryptolab_haetae2_haetae_shake128_stream_squeezeblocks
                0x0800743a       0x26 ./Core/Src/symmetric-shake.o
                0x0800743a                cryptolab_haetae2_haetae_shake128_stream_squeezeblocks
 .text.cryptolab_haetae2_haetae_shake256_stream_squeezeblocks
                0x08007460       0x28 ./Core/Src/symmetric-shake.o
                0x08007460                cryptolab_haetae2_haetae_shake256_stream_squeezeblocks
 .text._sbrk    0x08007488       0x6c ./Core/Src/sysmem.o
                0x08007488                _sbrk
 .text.SystemInit
                0x080074f4       0x24 ./Core/Src/system_stm32f4xx.o
                0x080074f4                SystemInit
 .text.Reset_Handler
                0x08007518       0x50 ./Core/Startup/startup_stm32f407vgtx.o
                0x08007518                Reset_Handler
 .text.Default_Handler
                0x08007568        0x2 ./Core/Startup/startup_stm32f407vgtx.o
                0x08007568                DMA1_Stream3_IRQHandler
                0x08007568                HASH_RNG_IRQHandler
                0x08007568                EXTI2_IRQHandler
                0x08007568                TIM8_CC_IRQHandler
                0x08007568                TIM1_CC_IRQHandler
                0x08007568                DMA2_Stream5_IRQHandler
                0x08007568                DMA1_Stream5_IRQHandler
                0x08007568                PVD_IRQHandler
                0x08007568                SDIO_IRQHandler
                0x08007568                TAMP_STAMP_IRQHandler
                0x08007568                CAN2_RX1_IRQHandler
                0x08007568                EXTI3_IRQHandler
                0x08007568                TIM8_TRG_COM_TIM14_IRQHandler
                0x08007568                TIM1_UP_TIM10_IRQHandler
                0x08007568                TIM8_UP_TIM13_IRQHandler
                0x08007568                I2C3_ER_IRQHandler
                0x08007568                EXTI0_IRQHandler
                0x08007568                I2C2_EV_IRQHandler
                0x08007568                DMA1_Stream2_IRQHandler
                0x08007568                CAN1_RX0_IRQHandler
                0x08007568                FPU_IRQHandler
                0x08007568                OTG_HS_WKUP_IRQHandler
                0x08007568                CAN2_SCE_IRQHandler
                0x08007568                DMA2_Stream2_IRQHandler
                0x08007568                SPI1_IRQHandler
                0x08007568                TIM6_DAC_IRQHandler
                0x08007568                TIM1_BRK_TIM9_IRQHandler
                0x08007568                DCMI_IRQHandler
                0x08007568                CAN2_RX0_IRQHandler
                0x08007568                DMA2_Stream3_IRQHandler
                0x08007568                USART6_IRQHandler
                0x08007568                USART3_IRQHandler
                0x08007568                CAN1_RX1_IRQHandler
                0x08007568                UART5_IRQHandler
                0x08007568                DMA2_Stream0_IRQHandler
                0x08007568                TIM4_IRQHandler
                0x08007568                I2C1_EV_IRQHandler
                0x08007568                DMA1_Stream6_IRQHandler
                0x08007568                DMA1_Stream1_IRQHandler
                0x08007568                UART4_IRQHandler
                0x08007568                TIM3_IRQHandler
                0x08007568                RCC_IRQHandler
                0x08007568                TIM8_BRK_TIM12_IRQHandler
                0x08007568                Default_Handler
                0x08007568                EXTI15_10_IRQHandler
                0x08007568                ADC_IRQHandler
                0x08007568                DMA1_Stream7_IRQHandler
                0x08007568                TIM7_IRQHandler
                0x08007568                CAN2_TX_IRQHandler
                0x08007568                TIM5_IRQHandler
                0x08007568                DMA2_Stream7_IRQHandler
                0x08007568                I2C3_EV_IRQHandler
                0x08007568                EXTI9_5_IRQHandler
                0x08007568                RTC_WKUP_IRQHandler
                0x08007568                ETH_WKUP_IRQHandler
                0x08007568                SPI2_IRQHandler
                0x08007568                OTG_HS_EP1_IN_IRQHandler
                0x08007568                DMA1_Stream0_IRQHandler
                0x08007568                CAN1_TX_IRQHandler
                0x08007568                EXTI4_IRQHandler
                0x08007568                FSMC_IRQHandler
                0x08007568                ETH_IRQHandler
                0x08007568                OTG_HS_EP1_OUT_IRQHandler
                0x08007568                WWDG_IRQHandler
                0x08007568                TIM2_IRQHandler
                0x08007568                OTG_FS_WKUP_IRQHandler
                0x08007568                TIM1_TRG_COM_TIM11_IRQHandler
                0x08007568                OTG_HS_IRQHandler
                0x08007568                EXTI1_IRQHandler
                0x08007568                USART2_IRQHandler
                0x08007568                I2C2_ER_IRQHandler
                0x08007568                DMA2_Stream1_IRQHandler
                0x08007568                CAN1_SCE_IRQHandler
                0x08007568                FLASH_IRQHandler
                0x08007568                DMA2_Stream4_IRQHandler
                0x08007568                USART1_IRQHandler
                0x08007568                SPI3_IRQHandler
                0x08007568                DMA1_Stream4_IRQHandler
                0x08007568                I2C1_ER_IRQHandler
                0x08007568                DMA2_Stream6_IRQHandler
                0x08007568                RTC_Alarm_IRQHandler
 *fill*         0x0800756a        0x2 
 .text.HAL_Init
                0x0800756c       0x44 ./Drivers/STM32F4xx_HAL_Driver/Src/stm32f4xx_hal.o
                0x0800756c                HAL_Init
 .text.HAL_InitTick
                0x080075b0       0x60 ./Drivers/STM32F4xx_HAL_Driver/Src/stm32f4xx_hal.o
                0x080075b0                HAL_InitTick
 .text.HAL_IncTick
                0x08007610       0x28 ./Drivers/STM32F4xx_HAL_Driver/Src/stm32f4xx_hal.o
                0x08007610                HAL_IncTick
 .text.HAL_GetTick
                0x08007638       0x18 ./Drivers/STM32F4xx_HAL_Driver/Src/stm32f4xx_hal.o
                0x08007638                HAL_GetTick
 .text.HAL_Delay
                0x08007650       0x48 ./Drivers/STM32F4xx_HAL_Driver/Src/stm32f4xx_hal.o
                0x08007650                HAL_Delay
 .text.__NVIC_SetPriorityGrouping
                0x08007698       0x48 ./Drivers/STM32F4xx_HAL_Driver/Src/stm32f4xx_hal_cortex.o
 .text.__NVIC_GetPriorityGrouping
                0x080076e0       0x1c ./Drivers/STM32F4xx_HAL_Driver/Src/stm32f4xx_hal_cortex.o
 .text.__NVIC_EnableIRQ
                0x080076fc       0x3c ./Drivers/STM32F4xx_HAL_Driver/Src/stm32f4xx_hal_cortex.o
 .text.__NVIC_SetPriority
                0x08007738       0x54 ./Drivers/STM32F4xx_HAL_Driver/Src/stm32f4xx_hal_cortex.o
 .text.NVIC_EncodePriority
                0x0800778c       0x66 ./Drivers/STM32F4xx_HAL_Driver/Src/stm32f4xx_hal_cortex.o
 *fill*         0x080077f2        0x2 
 .text.SysTick_Config
                0x080077f4       0x44 ./Drivers/STM32F4xx_HAL_Driver/Src/stm32f4xx_hal_cortex.o
 .text.HAL_NVIC_SetPriorityGrouping
                0x08007838       0x16 ./Drivers/STM32F4xx_HAL_Driver/Src/stm32f4xx_hal_cortex.o
                0x08007838                HAL_NVIC_SetPriorityGrouping
 .text.HAL_NVIC_SetPriority
                0x0800784e       0x38 ./Drivers/STM32F4xx_HAL_Driver/Src/stm32f4xx_hal_cortex.o
                0x0800784e                HAL_NVIC_SetPriority
 .text.HAL_NVIC_EnableIRQ
                0x08007886       0x1c ./Drivers/STM32F4xx_HAL_Driver/Src/stm32f4xx_hal_cortex.o
                0x08007886                HAL_NVIC_EnableIRQ
 .text.HAL_SYSTICK_Config
                0x080078a2       0x18 ./Drivers/STM32F4xx_HAL_Driver/Src/stm32f4xx_hal_cortex.o
                0x080078a2                HAL_SYSTICK_Config
 *fill*         0x080078ba        0x2 
 .text.HAL_GPIO_Init
                0x080078bc      0x338 ./Drivers/STM32F4xx_HAL_Driver/Src/stm32f4xx_hal_gpio.o
                0x080078bc                HAL_GPIO_Init
 .text.HAL_GPIO_WritePin
                0x08007bf4       0x32 ./Drivers/STM32F4xx_HAL_Driver/Src/stm32f4xx_hal_gpio.o
                0x08007bf4                HAL_GPIO_WritePin
 .text.HAL_HCD_Init
                0x08007c26       0xce ./Drivers/STM32F4xx_HAL_Driver/Src/stm32f4xx_hal_hcd.o
                0x08007c26                HAL_HCD_Init
 .text.HAL_HCD_HC_Init
                0x08007cf4      0x170 ./Drivers/STM32F4xx_HAL_Driver/Src/stm32f4xx_hal_hcd.o
                0x08007cf4                HAL_HCD_HC_Init
 .text.HAL_HCD_HC_Halt
                0x08007e64       0x46 ./Drivers/STM32F4xx_HAL_Driver/Src/stm32f4xx_hal_hcd.o
                0x08007e64                HAL_HCD_HC_Halt
 *fill*         0x08007eaa        0x2 
 .text.HAL_HCD_HC_SubmitRequest
                0x08007eac      0x33c ./Drivers/STM32F4xx_HAL_Driver/Src/stm32f4xx_hal_hcd.o
                0x08007eac                HAL_HCD_HC_SubmitRequest
 .text.HAL_HCD_IRQHandler
                0x080081e8      0x220 ./Drivers/STM32F4xx_HAL_Driver/Src/stm32f4xx_hal_hcd.o
                0x080081e8                HAL_HCD_IRQHandler
 .text.HAL_HCD_Start
                0x08008408       0x46 ./Drivers/STM32F4xx_HAL_Driver/Src/stm32f4xx_hal_hcd.o
                0x08008408                HAL_HCD_Start
 .text.HAL_HCD_Stop
                0x0800844e       0x3a ./Drivers/STM32F4xx_HAL_Driver/Src/stm32f4xx_hal_hcd.o
                0x0800844e                HAL_HCD_Stop
 .text.HAL_HCD_ResetPort
                0x08008488       0x1c ./Drivers/STM32F4xx_HAL_Driver/Src/stm32f4xx_hal_hcd.o
                0x08008488                HAL_HCD_ResetPort
 .text.HAL_HCD_HC_GetURBState
                0x080084a4       0x2a ./Drivers/STM32F4xx_HAL_Driver/Src/stm32f4xx_hal_hcd.o
                0x080084a4                HAL_HCD_HC_GetURBState
 .text.HAL_HCD_HC_GetXferCount
                0x080084ce       0x2a ./Drivers/STM32F4xx_HAL_Driver/Src/stm32f4xx_hal_hcd.o
                0x080084ce                HAL_HCD_HC_GetXferCount
 .text.HAL_HCD_GetCurrentFrame
                0x080084f8       0x1c ./Drivers/STM32F4xx_HAL_Driver/Src/stm32f4xx_hal_hcd.o
                0x080084f8                HAL_HCD_GetCurrentFrame
 .text.HAL_HCD_GetCurrentSpeed
                0x08008514       0x1c ./Drivers/STM32F4xx_HAL_Driver/Src/stm32f4xx_hal_hcd.o
                0x08008514                HAL_HCD_GetCurrentSpeed
 .text.HAL_HCD_HC_ClearHubInfo
                0x08008530       0x6a ./Drivers/STM32F4xx_HAL_Driver/Src/stm32f4xx_hal_hcd.o
                0x08008530                HAL_HCD_HC_ClearHubInfo
 .text.HCD_HC_IN_IRQHandler
                0x0800859a      0xcd2 ./Drivers/STM32F4xx_HAL_Driver/Src/stm32f4xx_hal_hcd.o
 .text.HCD_HC_OUT_IRQHandler
                0x0800926c      0x94a ./Drivers/STM32F4xx_HAL_Driver/Src/stm32f4xx_hal_hcd.o
 .text.HCD_RXQLVL_IRQHandler
                0x08009bb6      0x1be ./Drivers/STM32F4xx_HAL_Driver/Src/stm32f4xx_hal_hcd.o
 .text.HCD_Port_IRQHandler
                0x08009d74       0xe6 ./Drivers/STM32F4xx_HAL_Driver/Src/stm32f4xx_hal_hcd.o
 *fill*         0x08009e5a        0x2 
 .text.HAL_I2C_Init
                0x08009e5c      0x288 ./Drivers/STM32F4xx_HAL_Driver/Src/stm32f4xx_hal_i2c.o
                0x08009e5c                HAL_I2C_Init
 .text.HAL_I2S_Init
                0x0800a0e4      0x280 ./Drivers/STM32F4xx_HAL_Driver/Src/stm32f4xx_hal_i2s.o
                0x0800a0e4                HAL_I2S_Init
 .text.HAL_I2S_TxCpltCallback
                0x0800a364       0x14 ./Drivers/STM32F4xx_HAL_Driver/Src/stm32f4xx_hal_i2s.o
                0x0800a364                HAL_I2S_TxCpltCallback
 .text.HAL_I2S_RxCpltCallback
                0x0800a378       0x14 ./Drivers/STM32F4xx_HAL_Driver/Src/stm32f4xx_hal_i2s.o
                0x0800a378                HAL_I2S_RxCpltCallback
 .text.HAL_I2S_ErrorCallback
                0x0800a38c       0x14 ./Drivers/STM32F4xx_HAL_Driver/Src/stm32f4xx_hal_i2s.o
                0x0800a38c                HAL_I2S_ErrorCallback
 .text.I2S_Transmit_IT
                0x0800a3a0       0x5c ./Drivers/STM32F4xx_HAL_Driver/Src/stm32f4xx_hal_i2s.o
 .text.I2S_Receive_IT
                0x0800a3fc       0x5e ./Drivers/STM32F4xx_HAL_Driver/Src/stm32f4xx_hal_i2s.o
 .text.I2S_IRQHandler
                0x0800a45a      0x114 ./Drivers/STM32F4xx_HAL_Driver/Src/stm32f4xx_hal_i2s.o
 *fill*         0x0800a56e        0x2 
 .text.HAL_I2SEx_FullDuplex_IRQHandler
                0x0800a570      0x2a8 ./Drivers/STM32F4xx_HAL_Driver/Src/stm32f4xx_hal_i2s_ex.o
                0x0800a570                HAL_I2SEx_FullDuplex_IRQHandler
 .text.HAL_I2SEx_TxRxCpltCallback
                0x0800a818       0x14 ./Drivers/STM32F4xx_HAL_Driver/Src/stm32f4xx_hal_i2s_ex.o
                0x0800a818                HAL_I2SEx_TxRxCpltCallback
 .text.I2SEx_TxISR_I2S
                0x0800a82c       0x62 ./Drivers/STM32F4xx_HAL_Driver/Src/stm32f4xx_hal_i2s_ex.o
 *fill*         0x0800a88e        0x2 
 .text.I2SEx_TxISR_I2SExt
                0x0800a890       0x98 ./Drivers/STM32F4xx_HAL_Driver/Src/stm32f4xx_hal_i2s_ex.o
 .text.I2SEx_RxISR_I2S
                0x0800a928       0x64 ./Drivers/STM32F4xx_HAL_Driver/Src/stm32f4xx_hal_i2s_ex.o
 .text.I2SEx_RxISR_I2SExt
                0x0800a98c       0x98 ./Drivers/STM32F4xx_HAL_Driver/Src/stm32f4xx_hal_i2s_ex.o
 .text.HAL_RCC_OscConfig
                0x0800aa24      0x4f0 ./Drivers/STM32F4xx_HAL_Driver/Src/stm32f4xx_hal_rcc.o
                0x0800aa24                HAL_RCC_OscConfig
 .text.HAL_RCC_ClockConfig
                0x0800af14      0x1cc ./Drivers/STM32F4xx_HAL_Driver/Src/stm32f4xx_hal_rcc.o
                0x0800af14                HAL_RCC_ClockConfig
 .text.HAL_RCC_GetSysClockFreq
                0x0800b0e0      0x20c ./Drivers/STM32F4xx_HAL_Driver/Src/stm32f4xx_hal_rcc.o
                0x0800b0e0                HAL_RCC_GetSysClockFreq
 .text.HAL_RCC_GetHCLKFreq
                0x0800b2ec       0x18 ./Drivers/STM32F4xx_HAL_Driver/Src/stm32f4xx_hal_rcc.o
                0x0800b2ec                HAL_RCC_GetHCLKFreq
 .text.HAL_RCC_GetPCLK1Freq
                0x0800b304       0x28 ./Drivers/STM32F4xx_HAL_Driver/Src/stm32f4xx_hal_rcc.o
                0x0800b304                HAL_RCC_GetPCLK1Freq
 .text.HAL_RCCEx_PeriphCLKConfig
                0x0800b32c      0x1c4 ./Drivers/STM32F4xx_HAL_Driver/Src/stm32f4xx_hal_rcc_ex.o
                0x0800b32c                HAL_RCCEx_PeriphCLKConfig
 .text.HAL_RCCEx_GetPeriphCLKFreq
                0x0800b4f0       0xc0 ./Drivers/STM32F4xx_HAL_Driver/Src/stm32f4xx_hal_rcc_ex.o
                0x0800b4f0                HAL_RCCEx_GetPeriphCLKFreq
 .text.HAL_SPI_Init
                0x0800b5b0      0x112 ./Drivers/STM32F4xx_HAL_Driver/Src/stm32f4xx_hal_spi.o
                0x0800b5b0                HAL_SPI_Init
 .text.USB_CoreInit
                0x0800b6c2       0xc8 ./Drivers/STM32F4xx_HAL_Driver/Src/stm32f4xx_ll_usb.o
                0x0800b6c2                USB_CoreInit
 .text.USB_EnableGlobalInt
                0x0800b78a       0x22 ./Drivers/STM32F4xx_HAL_Driver/Src/stm32f4xx_ll_usb.o
                0x0800b78a                USB_EnableGlobalInt
 .text.USB_DisableGlobalInt
                0x0800b7ac       0x22 ./Drivers/STM32F4xx_HAL_Driver/Src/stm32f4xx_ll_usb.o
                0x0800b7ac                USB_DisableGlobalInt
 .text.USB_SetCurrentMode
                0x0800b7ce       0x98 ./Drivers/STM32F4xx_HAL_Driver/Src/stm32f4xx_ll_usb.o
                0x0800b7ce                USB_SetCurrentMode
 .text.USB_FlushTxFifo
                0x0800b866       0x64 ./Drivers/STM32F4xx_HAL_Driver/Src/stm32f4xx_ll_usb.o
                0x0800b866                USB_FlushTxFifo
 .text.USB_FlushRxFifo
                0x0800b8ca       0x5c ./Drivers/STM32F4xx_HAL_Driver/Src/stm32f4xx_ll_usb.o
                0x0800b8ca                USB_FlushRxFifo
 .text.USB_WritePacket
                0x0800b926       0x7c ./Drivers/STM32F4xx_HAL_Driver/Src/stm32f4xx_ll_usb.o
                0x0800b926                USB_WritePacket
 .text.USB_ReadPacket
                0x0800b9a2       0xb0 ./Drivers/STM32F4xx_HAL_Driver/Src/stm32f4xx_ll_usb.o
                0x0800b9a2                USB_ReadPacket
 .text.USB_ReadInterrupts
                0x0800ba52       0x26 ./Drivers/STM32F4xx_HAL_Driver/Src/stm32f4xx_ll_usb.o
                0x0800ba52                USB_ReadInterrupts
 .text.USB_ReadChInterrupts
                0x0800ba78       0x42 ./Drivers/STM32F4xx_HAL_Driver/Src/stm32f4xx_ll_usb.o
                0x0800ba78                USB_ReadChInterrupts
 .text.USB_GetMode
                0x0800baba       0x1c ./Drivers/STM32F4xx_HAL_Driver/Src/stm32f4xx_ll_usb.o
                0x0800baba                USB_GetMode
 .text.USB_CoreReset
                0x0800bad6       0x62 ./Drivers/STM32F4xx_HAL_Driver/Src/stm32f4xx_ll_usb.o
 .text.USB_HostInit
                0x0800bb38      0x188 ./Drivers/STM32F4xx_HAL_Driver/Src/stm32f4xx_ll_usb.o
                0x0800bb38                USB_HostInit
 .text.USB_InitFSLSPClkSel
                0x0800bcc0       0x7a ./Drivers/STM32F4xx_HAL_Driver/Src/stm32f4xx_ll_usb.o
                0x0800bcc0                USB_InitFSLSPClkSel
 .text.USB_ResetPort
                0x0800bd3a       0x54 ./Drivers/STM32F4xx_HAL_Driver/Src/stm32f4xx_ll_usb.o
                0x0800bd3a                USB_ResetPort
 .text.USB_DriveVbus
                0x0800bd8e       0x72 ./Drivers/STM32F4xx_HAL_Driver/Src/stm32f4xx_ll_usb.o
                0x0800bd8e                USB_DriveVbus
 .text.USB_GetHostSpeed
                0x0800be00       0x2e ./Drivers/STM32F4xx_HAL_Driver/Src/stm32f4xx_ll_usb.o
                0x0800be00                USB_GetHostSpeed
 .text.USB_GetCurrentFrame
                0x0800be2e       0x22 ./Drivers/STM32F4xx_HAL_Driver/Src/stm32f4xx_ll_usb.o
                0x0800be2e                USB_GetCurrentFrame
 .text.USB_HC_Init
                0x0800be50      0x258 ./Drivers/STM32F4xx_HAL_Driver/Src/stm32f4xx_ll_usb.o
                0x0800be50                USB_HC_Init
 .text.USB_HC_StartXfer
                0x0800c0a8      0x4f4 ./Drivers/STM32F4xx_HAL_Driver/Src/stm32f4xx_ll_usb.o
                0x0800c0a8                USB_HC_StartXfer
 .text.USB_HC_ReadInterrupt
                0x0800c59c       0x22 ./Drivers/STM32F4xx_HAL_Driver/Src/stm32f4xx_ll_usb.o
                0x0800c59c                USB_HC_ReadInterrupt
 .text.USB_HC_Halt
                0x0800c5be      0x240 ./Drivers/STM32F4xx_HAL_Driver/Src/stm32f4xx_ll_usb.o
                0x0800c5be                USB_HC_Halt
 *fill*         0x0800c7fe        0x2 
 .text.USB_DoPing
                0x0800c800       0x78 ./Drivers/STM32F4xx_HAL_Driver/Src/stm32f4xx_ll_usb.o
                0x0800c800                USB_DoPing
 .text.USB_StopHost
                0x0800c878      0x124 ./Drivers/STM32F4xx_HAL_Driver/Src/stm32f4xx_ll_usb.o
                0x0800c878                USB_StopHost
 .text.USBH_CDC_InterfaceInit
                0x0800c99c      0x2ac ./Middlewares/ST/STM32_USB_Host_Library/Class/CDC/Src/usbh_cdc.o
 .text.USBH_CDC_InterfaceDeInit
                0x0800cc48       0xb2 ./Middlewares/ST/STM32_USB_Host_Library/Class/CDC/Src/usbh_cdc.o
 .text.USBH_CDC_ClassRequest
                0x0800ccfa       0x3e ./Middlewares/ST/STM32_USB_Host_Library/Class/CDC/Src/usbh_cdc.o
 .text.USBH_CDC_Process
                0x0800cd38      0x12c ./Middlewares/ST/STM32_USB_Host_Library/Class/CDC/Src/usbh_cdc.o
 .text.USBH_CDC_SOFProcess
                0x0800ce64       0x16 ./Middlewares/ST/STM32_USB_Host_Library/Class/CDC/Src/usbh_cdc.o
 .text.GetLineCoding
                0x0800ce7a       0x3e ./Middlewares/ST/STM32_USB_Host_Library/Class/CDC/Src/usbh_cdc.o
 .text.SetLineCoding
                0x0800ceb8       0x3e ./Middlewares/ST/STM32_USB_Host_Library/Class/CDC/Src/usbh_cdc.o
 .text.CDC_ProcessTransmission
                0x0800cef6       0xec ./Middlewares/ST/STM32_USB_Host_Library/Class/CDC/Src/usbh_cdc.o
 .text.CDC_ProcessReception
                0x0800cfe2       0xb6 ./Middlewares/ST/STM32_USB_Host_Library/Class/CDC/Src/usbh_cdc.o
 .text.USBH_CDC_TransmitCallback
                0x0800d098       0x14 ./Middlewares/ST/STM32_USB_Host_Library/Class/CDC/Src/usbh_cdc.o
                0x0800d098                USBH_CDC_TransmitCallback
 .text.USBH_CDC_ReceiveCallback
                0x0800d0ac       0x14 ./Middlewares/ST/STM32_USB_Host_Library/Class/CDC/Src/usbh_cdc.o
                0x0800d0ac                USBH_CDC_ReceiveCallback
 .text.USBH_CDC_LineCodingChanged
                0x0800d0c0       0x14 ./Middlewares/ST/STM32_USB_Host_Library/Class/CDC/Src/usbh_cdc.o
                0x0800d0c0                USBH_CDC_LineCodingChanged
 .text.USBH_Init
                0x0800d0d4       0x74 ./Middlewares/ST/STM32_USB_Host_Library/Core/Src/usbh_core.o
                0x0800d0d4                USBH_Init
 .text.DeInitStateMachine
                0x0800d148       0xe6 ./Middlewares/ST/STM32_USB_Host_Library/Core/Src/usbh_core.o
 .text.USBH_RegisterClass
                0x0800d22e       0x54 ./Middlewares/ST/STM32_USB_Host_Library/Core/Src/usbh_core.o
                0x0800d22e                USBH_RegisterClass
 .text.USBH_SelectInterface
                0x0800d282       0x38 ./Middlewares/ST/STM32_USB_Host_Library/Core/Src/usbh_core.o
                0x0800d282                USBH_SelectInterface
 .text.USBH_FindInterface
                0x0800d2ba       0x8c ./Middlewares/ST/STM32_USB_Host_Library/Core/Src/usbh_core.o
                0x0800d2ba                USBH_FindInterface
 .text.USBH_Start
                0x0800d346       0x20 ./Middlewares/ST/STM32_USB_Host_Library/Core/Src/usbh_core.o
                0x0800d346                USBH_Start
 *fill*         0x0800d366        0x2 
 .text.USBH_Process
                0x0800d368      0x3d0 ./Middlewares/ST/STM32_USB_Host_Library/Core/Src/usbh_core.o
                0x0800d368                USBH_Process
 .text.USBH_HandleEnum
                0x0800d738      0x3c0 ./Middlewares/ST/STM32_USB_Host_Library/Core/Src/usbh_core.o
 .text.USBH_LL_SetTimer
                0x0800daf8       0x1e ./Middlewares/ST/STM32_USB_Host_Library/Core/Src/usbh_core.o
                0x0800daf8                USBH_LL_SetTimer
 .text.USBH_LL_IncTimer
                0x0800db16       0x24 ./Middlewares/ST/STM32_USB_Host_Library/Core/Src/usbh_core.o
                0x0800db16                USBH_LL_IncTimer
 .text.USBH_HandleSof
                0x0800db3a       0x30 ./Middlewares/ST/STM32_USB_Host_Library/Core/Src/usbh_core.o
 .text.USBH_LL_PortEnabled
                0x0800db6a       0x1c ./Middlewares/ST/STM32_USB_Host_Library/Core/Src/usbh_core.o
                0x0800db6a                USBH_LL_PortEnabled
 .text.USBH_LL_PortDisabled
                0x0800db86       0x1c ./Middlewares/ST/STM32_USB_Host_Library/Core/Src/usbh_core.o
                0x0800db86                USBH_LL_PortDisabled
 .text.USBH_LL_Connect
                0x0800dba2       0x2e ./Middlewares/ST/STM32_USB_Host_Library/Core/Src/usbh_core.o
                0x0800dba2                USBH_LL_Connect
 .text.USBH_LL_Disconnect
                0x0800dbd0       0x48 ./Middlewares/ST/STM32_USB_Host_Library/Core/Src/usbh_core.o
                0x0800dbd0                USBH_LL_Disconnect
 .text.USBH_Get_DevDesc
                0x0800dc18       0x58 ./Middlewares/ST/STM32_USB_Host_Library/Core/Src/usbh_ctlreq.o
                0x0800dc18                USBH_Get_DevDesc
 .text.USBH_Get_CfgDesc
                0x0800dc70       0x54 ./Middlewares/ST/STM32_USB_Host_Library/Core/Src/usbh_ctlreq.o
                0x0800dc70                USBH_Get_CfgDesc
 .text.USBH_Get_StringDesc
                0x0800dcc4       0x68 ./Middlewares/ST/STM32_USB_Host_Library/Core/Src/usbh_ctlreq.o
                0x0800dcc4                USBH_Get_StringDesc
 .text.USBH_GetDescriptor
                0x0800dd2c       0x6a ./Middlewares/ST/STM32_USB_Host_Library/Core/Src/usbh_ctlreq.o
                0x0800dd2c                USBH_GetDescriptor
 .text.USBH_SetAddress
                0x0800dd96       0x48 ./Middlewares/ST/STM32_USB_Host_Library/Core/Src/usbh_ctlreq.o
                0x0800dd96                USBH_SetAddress
 .text.USBH_SetCfg
                0x0800ddde       0x46 ./Middlewares/ST/STM32_USB_Host_Library/Core/Src/usbh_ctlreq.o
                0x0800ddde                USBH_SetCfg
 .text.USBH_SetFeature
                0x0800de24       0x48 ./Middlewares/ST/STM32_USB_Host_Library/Core/Src/usbh_ctlreq.o
                0x0800de24                USBH_SetFeature
 .text.USBH_ClrFeature
                0x0800de6c       0x48 ./Middlewares/ST/STM32_USB_Host_Library/Core/Src/usbh_ctlreq.o
                0x0800de6c                USBH_ClrFeature
 .text.USBH_ParseDevDesc
                0x0800deb4      0x160 ./Middlewares/ST/STM32_USB_Host_Library/Core/Src/usbh_ctlreq.o
 .text.USBH_ParseCfgDesc
                0x0800e014      0x1f0 ./Middlewares/ST/STM32_USB_Host_Library/Core/Src/usbh_ctlreq.o
 .text.USBH_ParseInterfaceDesc
                0x0800e204       0x68 ./Middlewares/ST/STM32_USB_Host_Library/Core/Src/usbh_ctlreq.o
 .text.USBH_ParseEPDesc
                0x0800e26c      0x1d0 ./Middlewares/ST/STM32_USB_Host_Library/Core/Src/usbh_ctlreq.o
 .text.USBH_ParseStringDesc
                0x0800e43c       0x66 ./Middlewares/ST/STM32_USB_Host_Library/Core/Src/usbh_ctlreq.o
 .text.USBH_GetNextDesc
                0x0800e4a2       0x34 ./Middlewares/ST/STM32_USB_Host_Library/Core/Src/usbh_ctlreq.o
                0x0800e4a2                USBH_GetNextDesc
 .text.USBH_CtlReq
                0x0800e4d6       0x7a ./Middlewares/ST/STM32_USB_Host_Library/Core/Src/usbh_ctlreq.o
                0x0800e4d6                USBH_CtlReq
 .text.USBH_HandleControl
                0x0800e550      0x2e8 ./Middlewares/ST/STM32_USB_Host_Library/Core/Src/usbh_ctlreq.o
 .text.USBH_CtlSendSetup
                0x0800e838       0x34 ./Middlewares/ST/STM32_USB_Host_Library/Core/Src/usbh_ioreq.o
                0x0800e838                USBH_CtlSendSetup
 .text.USBH_CtlSendData
                0x0800e86c       0x4a ./Middlewares/ST/STM32_USB_Host_Library/Core/Src/usbh_ioreq.o
                0x0800e86c                USBH_CtlSendData
 .text.USBH_CtlReceiveData
                0x0800e8b6       0x3c ./Middlewares/ST/STM32_USB_Host_Library/Core/Src/usbh_ioreq.o
                0x0800e8b6                USBH_CtlReceiveData
 .text.USBH_BulkSendData
                0x0800e8f2       0x4a ./Middlewares/ST/STM32_USB_Host_Library/Core/Src/usbh_ioreq.o
                0x0800e8f2                USBH_BulkSendData
 .text.USBH_BulkReceiveData
                0x0800e93c       0x3c ./Middlewares/ST/STM32_USB_Host_Library/Core/Src/usbh_ioreq.o
                0x0800e93c                USBH_BulkReceiveData
 .text.USBH_OpenPipe
                0x0800e978       0x3e ./Middlewares/ST/STM32_USB_Host_Library/Core/Src/usbh_pipes.o
                0x0800e978                USBH_OpenPipe
 .text.USBH_ClosePipe
                0x0800e9b6       0x20 ./Middlewares/ST/STM32_USB_Host_Library/Core/Src/usbh_pipes.o
                0x0800e9b6                USBH_ClosePipe
 .text.USBH_AllocPipe
                0x0800e9d6       0x42 ./Middlewares/ST/STM32_USB_Host_Library/Core/Src/usbh_pipes.o
                0x0800e9d6                USBH_AllocPipe
 .text.USBH_FreePipe
                0x0800ea18       0x3c ./Middlewares/ST/STM32_USB_Host_Library/Core/Src/usbh_pipes.o
                0x0800ea18                USBH_FreePipe
 .text.USBH_GetFreePipe
                0x0800ea54       0x48 ./Middlewares/ST/STM32_USB_Host_Library/Core/Src/usbh_pipes.o
 .text.MX_USB_HOST_Init
                0x0800ea9c       0x4c ./USB_HOST/App/usb_host.o
                0x0800ea9c                MX_USB_HOST_Init
 .text.MX_USB_HOST_Process
                0x0800eae8       0x14 ./USB_HOST/App/usb_host.o
                0x0800eae8                MX_USB_HOST_Process
 .text.USBH_UserProcess
                0x0800eafc       0x5c ./USB_HOST/App/usb_host.o
 .text.HAL_HCD_MspInit
                0x0800eb58       0xc4 ./USB_HOST/Target/usbh_conf.o
                0x0800eb58                HAL_HCD_MspInit
 .text.HAL_HCD_SOF_Callback
                0x0800ec1c       0x1c ./USB_HOST/Target/usbh_conf.o
                0x0800ec1c                HAL_HCD_SOF_Callback
 .text.HAL_HCD_Connect_Callback
                0x0800ec38       0x1c ./USB_HOST/Target/usbh_conf.o
                0x0800ec38                HAL_HCD_Connect_Callback
 .text.HAL_HCD_Disconnect_Callback
                0x0800ec54       0x1c ./USB_HOST/Target/usbh_conf.o
                0x0800ec54                HAL_HCD_Disconnect_Callback
 .text.HAL_HCD_HC_NotifyURBChange_Callback
                0x0800ec70       0x1c ./USB_HOST/Target/usbh_conf.o
                0x0800ec70                HAL_HCD_HC_NotifyURBChange_Callback
 .text.HAL_HCD_PortEnabled_Callback
                0x0800ec8c       0x1c ./USB_HOST/Target/usbh_conf.o
                0x0800ec8c                HAL_HCD_PortEnabled_Callback
 .text.HAL_HCD_PortDisabled_Callback
                0x0800eca8       0x1c ./USB_HOST/Target/usbh_conf.o
                0x0800eca8                HAL_HCD_PortDisabled_Callback
 .text.USBH_LL_Init
                0x0800ecc4       0x78 ./USB_HOST/Target/usbh_conf.o
                0x0800ecc4                USBH_LL_Init
 .text.USBH_LL_Start
                0x0800ed3c       0x36 ./USB_HOST/Target/usbh_conf.o
                0x0800ed3c                USBH_LL_Start
 .text.USBH_LL_Stop
                0x0800ed72       0x36 ./USB_HOST/Target/usbh_conf.o
                0x0800ed72                USBH_LL_Stop
 .text.USBH_LL_GetSpeed
                0x0800eda8       0x4e ./USB_HOST/Target/usbh_conf.o
                0x0800eda8                USBH_LL_GetSpeed
 .text.USBH_LL_ResetPort
                0x0800edf6       0x36 ./USB_HOST/Target/usbh_conf.o
                0x0800edf6                USBH_LL_ResetPort
 .text.USBH_LL_GetLastXferSize
                0x0800ee2c       0x26 ./USB_HOST/Target/usbh_conf.o
                0x0800ee2c                USBH_LL_GetLastXferSize
 .text.USBH_LL_OpenPipe
                0x0800ee52       0x5e ./USB_HOST/Target/usbh_conf.o
                0x0800ee52                USBH_LL_OpenPipe
 .text.USBH_LL_ClosePipe
                0x0800eeb0       0x3e ./USB_HOST/Target/usbh_conf.o
                0x0800eeb0                USBH_LL_ClosePipe
 .text.USBH_LL_SubmitURB
                0x0800eeee       0x62 ./USB_HOST/Target/usbh_conf.o
                0x0800eeee                USBH_LL_SubmitURB
 .text.USBH_LL_GetURBState
                0x0800ef50       0x26 ./USB_HOST/Target/usbh_conf.o
                0x0800ef50                USBH_LL_GetURBState
 .text.USBH_LL_DriverVBUS
                0x0800ef76       0x2e ./USB_HOST/Target/usbh_conf.o
                0x0800ef76                USBH_LL_DriverVBUS
 .text.USBH_LL_SetToggle
                0x0800efa4       0x66 ./USB_HOST/Target/usbh_conf.o
                0x0800efa4                USBH_LL_SetToggle
 .text.USBH_Delay
                0x0800f00a       0x16 ./USB_HOST/Target/usbh_conf.o
                0x0800f00a                USBH_Delay
 .text.USBH_Get_USB_Status
                0x0800f020       0x58 ./USB_HOST/Target/usbh_conf.o
                0x0800f020                USBH_Get_USB_Status
 .text.MX_DriverVbusFS
                0x0800f078       0x38 ./USB_HOST/Target/usbh_platform.o
                0x0800f078                MX_DriverVbusFS
 .text.malloc   0x0800f0b0       0x10 /Applications/STM32CubeIDE.app/Contents/Eclipse/plugins/com.st.stm32cube.ide.mcu.externaltools.gnu-tools-for-stm32.12.3.rel1.macos64_1.0.100.202403111906/tools/bin/../lib/gcc/arm-none-eabi/12.3.1/../../../../arm-none-eabi/lib/thumb/v7e-m+fp/hard/libc_nano.a(libc_a-malloc.o)
                0x0800f0b0                malloc
 .text.free     0x0800f0c0       0x10 /Applications/STM32CubeIDE.app/Contents/Eclipse/plugins/com.st.stm32cube.ide.mcu.externaltools.gnu-tools-for-stm32.12.3.rel1.macos64_1.0.100.202403111906/tools/bin/../lib/gcc/arm-none-eabi/12.3.1/../../../../arm-none-eabi/lib/thumb/v7e-m+fp/hard/libc_nano.a(libc_a-malloc.o)
                0x0800f0c0                free
 .text.sbrk_aligned
                0x0800f0d0       0x44 /Applications/STM32CubeIDE.app/Contents/Eclipse/plugins/com.st.stm32cube.ide.mcu.externaltools.gnu-tools-for-stm32.12.3.rel1.macos64_1.0.100.202403111906/tools/bin/../lib/gcc/arm-none-eabi/12.3.1/../../../../arm-none-eabi/lib/thumb/v7e-m+fp/hard/libc_nano.a(libc_a-mallocr.o)
 .text._malloc_r
                0x0800f114      0x100 /Applications/STM32CubeIDE.app/Contents/Eclipse/plugins/com.st.stm32cube.ide.mcu.externaltools.gnu-tools-for-stm32.12.3.rel1.macos64_1.0.100.202403111906/tools/bin/../lib/gcc/arm-none-eabi/12.3.1/../../../../arm-none-eabi/lib/thumb/v7e-m+fp/hard/libc_nano.a(libc_a-mallocr.o)
                0x0800f114                _malloc_r
 .text.__malloc_lock
                0x0800f214        0xc /Applications/STM32CubeIDE.app/Contents/Eclipse/plugins/com.st.stm32cube.ide.mcu.externaltools.gnu-tools-for-stm32.12.3.rel1.macos64_1.0.100.202403111906/tools/bin/../lib/gcc/arm-none-eabi/12.3.1/../../../../arm-none-eabi/lib/thumb/v7e-m+fp/hard/libc_nano.a(libc_a-mlock.o)
                0x0800f214                __malloc_lock
 .text.__malloc_unlock
                0x0800f220        0xc /Applications/STM32CubeIDE.app/Contents/Eclipse/plugins/com.st.stm32cube.ide.mcu.externaltools.gnu-tools-for-stm32.12.3.rel1.macos64_1.0.100.202403111906/tools/bin/../lib/gcc/arm-none-eabi/12.3.1/../../../../arm-none-eabi/lib/thumb/v7e-m+fp/hard/libc_nano.a(libc_a-mlock.o)
                0x0800f220                __malloc_unlock
 .text.memset   0x0800f22c       0x10 /Applications/STM32CubeIDE.app/Contents/Eclipse/plugins/com.st.stm32cube.ide.mcu.externaltools.gnu-tools-for-stm32.12.3.rel1.macos64_1.0.100.202403111906/tools/bin/../lib/gcc/arm-none-eabi/12.3.1/../../../../arm-none-eabi/lib/thumb/v7e-m+fp/hard/libc_nano.a(libc_a-memset.o)
                0x0800f22c                memset
 .text._sbrk_r  0x0800f23c       0x20 /Applications/STM32CubeIDE.app/Contents/Eclipse/plugins/com.st.stm32cube.ide.mcu.externaltools.gnu-tools-for-stm32.12.3.rel1.macos64_1.0.100.202403111906/tools/bin/../lib/gcc/arm-none-eabi/12.3.1/../../../../arm-none-eabi/lib/thumb/v7e-m+fp/hard/libc_nano.a(libc_a-sbrkr.o)
                0x0800f23c                _sbrk_r
 .text.__errno  0x0800f25c        0xc /Applications/STM32CubeIDE.app/Contents/Eclipse/plugins/com.st.stm32cube.ide.mcu.externaltools.gnu-tools-for-stm32.12.3.rel1.macos64_1.0.100.202403111906/tools/bin/../lib/gcc/arm-none-eabi/12.3.1/../../../../arm-none-eabi/lib/thumb/v7e-m+fp/hard/libc_nano.a(libc_a-errno.o)
                0x0800f25c                __errno
 .text.__libc_init_array
                0x0800f268       0x48 /Applications/STM32CubeIDE.app/Contents/Eclipse/plugins/com.st.stm32cube.ide.mcu.externaltools.gnu-tools-for-stm32.12.3.rel1.macos64_1.0.100.202403111906/tools/bin/../lib/gcc/arm-none-eabi/12.3.1/../../../../arm-none-eabi/lib/thumb/v7e-m+fp/hard/libc_nano.a(libc_a-init.o)
                0x0800f268                __libc_init_array
 .text.__retarget_lock_acquire_recursive
                0x0800f2b0        0x2 /Applications/STM32CubeIDE.app/Contents/Eclipse/plugins/com.st.stm32cube.ide.mcu.externaltools.gnu-tools-for-stm32.12.3.rel1.macos64_1.0.100.202403111906/tools/bin/../lib/gcc/arm-none-eabi/12.3.1/../../../../arm-none-eabi/lib/thumb/v7e-m+fp/hard/libc_nano.a(libc_a-lock.o)
                0x0800f2b0                __retarget_lock_acquire_recursive
 .text.__retarget_lock_release_recursive
                0x0800f2b2        0x2 /Applications/STM32CubeIDE.app/Contents/Eclipse/plugins/com.st.stm32cube.ide.mcu.externaltools.gnu-tools-for-stm32.12.3.rel1.macos64_1.0.100.202403111906/tools/bin/../lib/gcc/arm-none-eabi/12.3.1/../../../../arm-none-eabi/lib/thumb/v7e-m+fp/hard/libc_nano.a(libc_a-lock.o)
                0x0800f2b2                __retarget_lock_release_recursive
 .text.memcpy   0x0800f2b4       0x1c /Applications/STM32CubeIDE.app/Contents/Eclipse/plugins/com.st.stm32cube.ide.mcu.externaltools.gnu-tools-for-stm32.12.3.rel1.macos64_1.0.100.202403111906/tools/bin/../lib/gcc/arm-none-eabi/12.3.1/../../../../arm-none-eabi/lib/thumb/v7e-m+fp/hard/libc_nano.a(libc_a-memcpy-stub.o)
                0x0800f2b4                memcpy
 .text._free_r  0x0800f2d0       0x94 /Applications/STM32CubeIDE.app/Contents/Eclipse/plugins/com.st.stm32cube.ide.mcu.externaltools.gnu-tools-for-stm32.12.3.rel1.macos64_1.0.100.202403111906/tools/bin/../lib/gcc/arm-none-eabi/12.3.1/../../../../arm-none-eabi/lib/thumb/v7e-m+fp/hard/libc_nano.a(libc_a-freer.o)
                0x0800f2d0                _free_r
 *(.glue_7)
 .glue_7        0x0800f364        0x0 linker stubs
 *(.glue_7t)
 .glue_7t       0x0800f364        0x0 linker stubs
 *(.eh_frame)
 .eh_frame      0x0800f364        0x0 /Applications/STM32CubeIDE.app/Contents/Eclipse/plugins/com.st.stm32cube.ide.mcu.externaltools.gnu-tools-for-stm32.12.3.rel1.macos64_1.0.100.202403111906/tools/bin/../lib/gcc/arm-none-eabi/12.3.1/thumb/v7e-m+fp/hard/crtbegin.o
 *(.init)
 .init          0x0800f364        0x4 /Applications/STM32CubeIDE.app/Contents/Eclipse/plugins/com.st.stm32cube.ide.mcu.externaltools.gnu-tools-for-stm32.12.3.rel1.macos64_1.0.100.202403111906/tools/bin/../lib/gcc/arm-none-eabi/12.3.1/thumb/v7e-m+fp/hard/crti.o
                0x0800f364                _init
 .init          0x0800f368        0x8 /Applications/STM32CubeIDE.app/Contents/Eclipse/plugins/com.st.stm32cube.ide.mcu.externaltools.gnu-tools-for-stm32.12.3.rel1.macos64_1.0.100.202403111906/tools/bin/../lib/gcc/arm-none-eabi/12.3.1/thumb/v7e-m+fp/hard/crtn.o
 *(.fini)
 .fini          0x0800f370        0x4 /Applications/STM32CubeIDE.app/Contents/Eclipse/plugins/com.st.stm32cube.ide.mcu.externaltools.gnu-tools-for-stm32.12.3.rel1.macos64_1.0.100.202403111906/tools/bin/../lib/gcc/arm-none-eabi/12.3.1/thumb/v7e-m+fp/hard/crti.o
                0x0800f370                _fini
 .fini          0x0800f374        0x8 /Applications/STM32CubeIDE.app/Contents/Eclipse/plugins/com.st.stm32cube.ide.mcu.externaltools.gnu-tools-for-stm32.12.3.rel1.macos64_1.0.100.202403111906/tools/bin/../lib/gcc/arm-none-eabi/12.3.1/thumb/v7e-m+fp/hard/crtn.o
                0x0800f37c                        . = ALIGN (0x4)
                0x0800f37c                        _etext = .

.vfp11_veneer   0x0800f37c        0x0
 .vfp11_veneer  0x0800f37c        0x0 linker stubs

.v4_bx          0x0800f37c        0x0
 .v4_bx         0x0800f37c        0x0 linker stubs

.iplt           0x0800f37c        0x0
 .iplt          0x0800f37c        0x0 /Applications/STM32CubeIDE.app/Contents/Eclipse/plugins/com.st.stm32cube.ide.mcu.externaltools.gnu-tools-for-stm32.12.3.rel1.macos64_1.0.100.202403111906/tools/bin/../lib/gcc/arm-none-eabi/12.3.1/thumb/v7e-m+fp/hard/crtbegin.o

.rodata         0x0800f380     0x24d0
                0x0800f380                        . = ALIGN (0x4)
 *(.rodata)
 .rodata        0x0800f380     0x17f0 ./Core/Src/ntt332.o
                0x0800f380                twiddles_332_0xFC01
                0x0800f77c                twiddles_inv332_0xFC01
 .rodata        0x08010b70        0x4 ./Middlewares/ST/STM32_USB_Host_Library/Class/CDC/Src/usbh_cdc.o
 *(.rodata*)
 .rodata.roots  0x08010b74      0x800 ./Core/Src/fft.o
 .rodata.brv9   0x08011374      0x400 ./Core/Src/fft.o
                0x08011374                brv9
 *fill*         0x08011774        0x4 
 .rodata.KeccakF_RoundConstants
                0x08011778       0xc0 ./Core/Src/keccakf1600.o
 .rodata.AHBPrescTable
                0x08011838       0x10 ./Core/Src/system_stm32f4xx.o
                0x08011838                AHBPrescTable
 .rodata.APBPrescTable
                0x08011848        0x8 ./Core/Src/system_stm32f4xx.o
                0x08011848                APBPrescTable
                0x08011850                        . = ALIGN (0x4)

.ARM.extab      0x08011850        0x0
                0x08011850                        . = ALIGN (0x4)
 *(.ARM.extab* .gnu.linkonce.armextab.*)
                0x08011850                        . = ALIGN (0x4)

.ARM            0x08011850        0x8
                0x08011850                        . = ALIGN (0x4)
                0x08011850                        __exidx_start = .
 *(.ARM.exidx*)
 .ARM.exidx     0x08011850        0x8 /Applications/STM32CubeIDE.app/Contents/Eclipse/plugins/com.st.stm32cube.ide.mcu.externaltools.gnu-tools-for-stm32.12.3.rel1.macos64_1.0.100.202403111906/tools/bin/../lib/gcc/arm-none-eabi/12.3.1/thumb/v7e-m+fp/hard/libgcc.a(_udivmoddi4.o)
                0x08011858                        __exidx_end = .
                0x08011858                        . = ALIGN (0x4)

.preinit_array  0x08011858        0x0
                0x08011858                        . = ALIGN (0x4)
                0x08011858                        PROVIDE (__preinit_array_start = .)
 *(.preinit_array*)
                0x08011858                        PROVIDE (__preinit_array_end = .)
                0x08011858                        . = ALIGN (0x4)

.init_array     0x08011858        0x4
                0x08011858                        . = ALIGN (0x4)
                0x08011858                        PROVIDE (__init_array_start = .)
 *(SORT_BY_NAME(.init_array.*))
 *(.init_array*)
 .init_array    0x08011858        0x4 /Applications/STM32CubeIDE.app/Contents/Eclipse/plugins/com.st.stm32cube.ide.mcu.externaltools.gnu-tools-for-stm32.12.3.rel1.macos64_1.0.100.202403111906/tools/bin/../lib/gcc/arm-none-eabi/12.3.1/thumb/v7e-m+fp/hard/crtbegin.o
                0x0801185c                        PROVIDE (__init_array_end = .)
                0x0801185c                        . = ALIGN (0x4)

.fini_array     0x0801185c        0x4
                0x0801185c                        . = ALIGN (0x4)
                [!provide]                        PROVIDE (__fini_array_start = .)
 *(SORT_BY_NAME(.fini_array.*))
 *(.fini_array*)
 .fini_array    0x0801185c        0x4 /Applications/STM32CubeIDE.app/Contents/Eclipse/plugins/com.st.stm32cube.ide.mcu.externaltools.gnu-tools-for-stm32.12.3.rel1.macos64_1.0.100.202403111906/tools/bin/../lib/gcc/arm-none-eabi/12.3.1/thumb/v7e-m+fp/hard/crtbegin.o
                [!provide]                        PROVIDE (__fini_array_end = .)
                0x08011860                        . = ALIGN (0x4)
                0x08011860                        _sidata = LOADADDR (.data)

.rel.dyn        0x08011860        0x0
 .rel.iplt      0x08011860        0x0 /Applications/STM32CubeIDE.app/Contents/Eclipse/plugins/com.st.stm32cube.ide.mcu.externaltools.gnu-tools-for-stm32.12.3.rel1.macos64_1.0.100.202403111906/tools/bin/../lib/gcc/arm-none-eabi/12.3.1/thumb/v7e-m+fp/hard/crtbegin.o

.data           0x20000000       0xfc load address 0x08011860
                0x20000000                        . = ALIGN (0x4)
                0x20000000                        _sdata = .
 *(.data)
 *(.data*)
 .data.seed     0x20000000       0x80 ./Core/Src/randombytes.o
 .data.SystemCoreClock
                0x20000080        0x4 ./Core/Src/system_stm32f4xx.o
                0x20000080                SystemCoreClock
 .data.uwTickPrio
                0x20000084        0x4 ./Drivers/STM32F4xx_HAL_Driver/Src/stm32f4xx_hal.o
                0x20000084                uwTickPrio
 .data.uwTickFreq
                0x20000088        0x1 ./Drivers/STM32F4xx_HAL_Driver/Src/stm32f4xx_hal.o
                0x20000088                uwTickFreq
 *fill*         0x20000089        0x3 
 .data.CDC_Class
                0x2000008c       0x20 ./Middlewares/ST/STM32_USB_Host_Library/Class/CDC/Src/usbh_cdc.o
                0x2000008c                CDC_Class
 .data._impure_ptr
                0x200000ac        0x4 /Applications/STM32CubeIDE.app/Contents/Eclipse/plugins/com.st.stm32cube.ide.mcu.externaltools.gnu-tools-for-stm32.12.3.rel1.macos64_1.0.100.202403111906/tools/bin/../lib/gcc/arm-none-eabi/12.3.1/../../../../arm-none-eabi/lib/thumb/v7e-m+fp/hard/libc_nano.a(libc_a-impure.o)
                0x200000ac                _impure_ptr
 .data._impure_data
                0x200000b0       0x4c /Applications/STM32CubeIDE.app/Contents/Eclipse/plugins/com.st.stm32cube.ide.mcu.externaltools.gnu-tools-for-stm32.12.3.rel1.macos64_1.0.100.202403111906/tools/bin/../lib/gcc/arm-none-eabi/12.3.1/../../../../arm-none-eabi/lib/thumb/v7e-m+fp/hard/libc_nano.a(libc_a-impure.o)
                0x200000b0                _impure_data
 *(.RamFunc)
 *(.RamFunc*)
                0x200000fc                        . = ALIGN (0x4)
                0x200000fc                        _edata = .
                0x0801195c                        _siccmram = LOADADDR (.ccmram)

.igot.plt       0x200000fc        0x0 load address 0x0801195c
 .igot.plt      0x200000fc        0x0 /Applications/STM32CubeIDE.app/Contents/Eclipse/plugins/com.st.stm32cube.ide.mcu.externaltools.gnu-tools-for-stm32.12.3.rel1.macos64_1.0.100.202403111906/tools/bin/../lib/gcc/arm-none-eabi/12.3.1/thumb/v7e-m+fp/hard/crtbegin.o

.ccmram         0x10000000        0x0 load address 0x0801195c
                0x10000000                        . = ALIGN (0x4)
                0x10000000                        _sccmram = .
 *(.ccmram)
 *(.ccmram*)
                0x10000000                        . = ALIGN (0x4)
                0x10000000                        _eccmram = .
                0x10000000                        . = ALIGN (0x4)

.bss            0x200000fc      0xa90
                0x200000fc                        _sbss = .
                0x200000fc                        __bss_start__ = _sbss
 *(.bss)
 .bss           0x200000fc       0x1c /Applications/STM32CubeIDE.app/Contents/Eclipse/plugins/com.st.stm32cube.ide.mcu.externaltools.gnu-tools-for-stm32.12.3.rel1.macos64_1.0.100.202403111906/tools/bin/../lib/gcc/arm-none-eabi/12.3.1/thumb/v7e-m+fp/hard/crtbegin.o
 *(.bss*)
 .bss.hi2c1     0x20000118       0x54 ./Core/Src/main.o
                0x20000118                hi2c1
 .bss.hi2s3     0x2000016c       0x48 ./Core/Src/main.o
                0x2000016c                hi2s3
 .bss.hspi1     0x200001b4       0x58 ./Core/Src/main.o
                0x200001b4                hspi1
 .bss.in        0x2000020c       0x30 ./Core/Src/randombytes.o
 .bss.out_buf   0x2000023c       0x40 ./Core/Src/randombytes.o
 .bss.outleft   0x2000027c        0x4 ./Core/Src/randombytes.o
 .bss.__sbrk_heap_end
                0x20000280        0x4 ./Core/Src/sysmem.o
 .bss.uwTick    0x20000284        0x4 ./Drivers/STM32F4xx_HAL_Driver/Src/stm32f4xx_hal.o
                0x20000284                uwTick
 .bss.hUsbHostFS
                0x20000288      0x3d8 ./USB_HOST/App/usb_host.o
                0x20000288                hUsbHostFS
 .bss.Appli_state
                0x20000660        0x1 ./USB_HOST/App/usb_host.o
                0x20000660                Appli_state
 *fill*         0x20000661        0x3 
 .bss.hhcd_USB_OTG_FS
                0x20000664      0x3e0 ./USB_HOST/Target/usbh_conf.o
                0x20000664                hhcd_USB_OTG_FS
 .bss.__malloc_sbrk_start
                0x20000a44        0x4 /Applications/STM32CubeIDE.app/Contents/Eclipse/plugins/com.st.stm32cube.ide.mcu.externaltools.gnu-tools-for-stm32.12.3.rel1.macos64_1.0.100.202403111906/tools/bin/../lib/gcc/arm-none-eabi/12.3.1/../../../../arm-none-eabi/lib/thumb/v7e-m+fp/hard/libc_nano.a(libc_a-mallocr.o)
                0x20000a44                __malloc_sbrk_start
 .bss.__malloc_free_list
                0x20000a48        0x4 /Applications/STM32CubeIDE.app/Contents/Eclipse/plugins/com.st.stm32cube.ide.mcu.externaltools.gnu-tools-for-stm32.12.3.rel1.macos64_1.0.100.202403111906/tools/bin/../lib/gcc/arm-none-eabi/12.3.1/../../../../arm-none-eabi/lib/thumb/v7e-m+fp/hard/libc_nano.a(libc_a-mallocr.o)
                0x20000a48                __malloc_free_list
 .bss.__sf      0x20000a4c      0x138 /Applications/STM32CubeIDE.app/Contents/Eclipse/plugins/com.st.stm32cube.ide.mcu.externaltools.gnu-tools-for-stm32.12.3.rel1.macos64_1.0.100.202403111906/tools/bin/../lib/gcc/arm-none-eabi/12.3.1/../../../../arm-none-eabi/lib/thumb/v7e-m+fp/hard/libc_nano.a(libc_a-findfp.o)
                0x20000a4c                __sf
 .bss.__lock___malloc_recursive_mutex
                0x20000b84        0x1 /Applications/STM32CubeIDE.app/Contents/Eclipse/plugins/com.st.stm32cube.ide.mcu.externaltools.gnu-tools-for-stm32.12.3.rel1.macos64_1.0.100.202403111906/tools/bin/../lib/gcc/arm-none-eabi/12.3.1/../../../../arm-none-eabi/lib/thumb/v7e-m+fp/hard/libc_nano.a(libc_a-lock.o)
                0x20000b84                __lock___malloc_recursive_mutex
 *fill*         0x20000b85        0x3 
 .bss.errno     0x20000b88        0x4 /Applications/STM32CubeIDE.app/Contents/Eclipse/plugins/com.st.stm32cube.ide.mcu.externaltools.gnu-tools-for-stm32.12.3.rel1.macos64_1.0.100.202403111906/tools/bin/../lib/gcc/arm-none-eabi/12.3.1/../../../../arm-none-eabi/lib/thumb/v7e-m+fp/hard/libc_nano.a(libc_a-reent.o)
                0x20000b88                errno
 *(COMMON)
                0x20000b8c                        . = ALIGN (0x4)
                0x20000b8c                        _ebss = .
                0x20000b8c                        __bss_end__ = _ebss

._user_heap_stack
                0x20000b8c      0x604
                0x20000b90                        . = ALIGN (0x8)
 *fill*         0x20000b8c        0x4 
                [!provide]                        PROVIDE (end = .)
                0x20000b90                        PROVIDE (_end = .)
                0x20000d90                        . = (. + _Min_Heap_Size)
 *fill*         0x20000b90      0x200 
                0x20001190                        . = (. + _Min_Stack_Size)
 *fill*         0x20000d90      0x400 
                0x20001190                        . = ALIGN (0x8)

/DISCARD/
 libc.a(*)
 libm.a(*)
 libgcc.a(*)

.ARM.attributes
                0x00000000       0x30
 *(.ARM.attributes)
 .ARM.attributes
                0x00000000       0x22 /Applications/STM32CubeIDE.app/Contents/Eclipse/plugins/com.st.stm32cube.ide.mcu.externaltools.gnu-tools-for-stm32.12.3.rel1.macos64_1.0.100.202403111906/tools/bin/../lib/gcc/arm-none-eabi/12.3.1/thumb/v7e-m+fp/hard/crti.o
 .ARM.attributes
                0x00000022       0x34 /Applications/STM32CubeIDE.app/Contents/Eclipse/plugins/com.st.stm32cube.ide.mcu.externaltools.gnu-tools-for-stm32.12.3.rel1.macos64_1.0.100.202403111906/tools/bin/../lib/gcc/arm-none-eabi/12.3.1/thumb/v7e-m+fp/hard/crtbegin.o
 .ARM.attributes
                0x00000056       0x34 ./Core/Src/decompose.o
 .ARM.attributes
                0x0000008a       0x34 ./Core/Src/fft.o
 .ARM.attributes
                0x000000be       0x34 ./Core/Src/fips202.o
 .ARM.attributes
                0x000000f2       0x34 ./Core/Src/keccakf1600.o
 .ARM.attributes
                0x00000126       0x34 ./Core/Src/main.o
 .ARM.attributes
                0x0000015a       0x20 ./Core/Src/ntt332.o
 .ARM.attributes
                0x0000017a       0x34 ./Core/Src/packing.o
 .ARM.attributes
                0x000001ae       0x34 ./Core/Src/poly.o
 .ARM.attributes
                0x000001e2       0x34 ./Core/Src/polyvec.o
 .ARM.attributes
                0x00000216       0x34 ./Core/Src/randombytes.o
 .ARM.attributes
                0x0000024a       0x34 ./Core/Src/reduce.o
 .ARM.attributes
                0x0000027e       0x34 ./Core/Src/sampler.o
 .ARM.attributes
                0x000002b2       0x34 ./Core/Src/sign.o
 .ARM.attributes
                0x000002e6       0x34 ./Core/Src/stm32f4xx_hal_msp.o
 .ARM.attributes
                0x0000031a       0x34 ./Core/Src/stm32f4xx_it.o
 .ARM.attributes
                0x0000034e       0x34 ./Core/Src/symmetric-shake.o
 .ARM.attributes
                0x00000382       0x34 ./Core/Src/sysmem.o
 .ARM.attributes
                0x000003b6       0x34 ./Core/Src/system_stm32f4xx.o
 .ARM.attributes
                0x000003ea       0x21 ./Core/Startup/startup_stm32f407vgtx.o
 .ARM.attributes
                0x0000040b       0x34 ./Drivers/STM32F4xx_HAL_Driver/Src/stm32f4xx_hal.o
 .ARM.attributes
                0x0000043f       0x34 ./Drivers/STM32F4xx_HAL_Driver/Src/stm32f4xx_hal_cortex.o
 .ARM.attributes
                0x00000473       0x34 ./Drivers/STM32F4xx_HAL_Driver/Src/stm32f4xx_hal_gpio.o
 .ARM.attributes
                0x000004a7       0x34 ./Drivers/STM32F4xx_HAL_Driver/Src/stm32f4xx_hal_hcd.o
 .ARM.attributes
                0x000004db       0x34 ./Drivers/STM32F4xx_HAL_Driver/Src/stm32f4xx_hal_i2c.o
 .ARM.attributes
                0x0000050f       0x34 ./Drivers/STM32F4xx_HAL_Driver/Src/stm32f4xx_hal_i2s.o
 .ARM.attributes
                0x00000543       0x34 ./Drivers/STM32F4xx_HAL_Driver/Src/stm32f4xx_hal_i2s_ex.o
 .ARM.attributes
                0x00000577       0x34 ./Drivers/STM32F4xx_HAL_Driver/Src/stm32f4xx_hal_rcc.o
 .ARM.attributes
                0x000005ab       0x34 ./Drivers/STM32F4xx_HAL_Driver/Src/stm32f4xx_hal_rcc_ex.o
 .ARM.attributes
                0x000005df       0x34 ./Drivers/STM32F4xx_HAL_Driver/Src/stm32f4xx_hal_spi.o
 .ARM.attributes
                0x00000613       0x34 ./Drivers/STM32F4xx_HAL_Driver/Src/stm32f4xx_ll_usb.o
 .ARM.attributes
                0x00000647       0x34 ./Middlewares/ST/STM32_USB_Host_Library/Class/CDC/Src/usbh_cdc.o
 .ARM.attributes
                0x0000067b       0x34 ./Middlewares/ST/STM32_USB_Host_Library/Core/Src/usbh_core.o
 .ARM.attributes
                0x000006af       0x34 ./Middlewares/ST/STM32_USB_Host_Library/Core/Src/usbh_ctlreq.o
 .ARM.attributes
                0x000006e3       0x34 ./Middlewares/ST/STM32_USB_Host_Library/Core/Src/usbh_ioreq.o
 .ARM.attributes
                0x00000717       0x34 ./Middlewares/ST/STM32_USB_Host_Library/Core/Src/usbh_pipes.o
 .ARM.attributes
                0x0000074b       0x34 ./USB_HOST/App/usb_host.o
 .ARM.attributes
                0x0000077f       0x34 ./USB_HOST/Target/usbh_conf.o
 .ARM.attributes
                0x000007b3       0x34 ./USB_HOST/Target/usbh_platform.o
 .ARM.attributes
                0x000007e7       0x34 /Applications/STM32CubeIDE.app/Contents/Eclipse/plugins/com.st.stm32cube.ide.mcu.externaltools.gnu-tools-for-stm32.12.3.rel1.macos64_1.0.100.202403111906/tools/bin/../lib/gcc/arm-none-eabi/12.3.1/../../../../arm-none-eabi/lib/thumb/v7e-m+fp/hard/libc_nano.a(libc_a-malloc.o)
 .ARM.attributes
                0x0000081b       0x34 /Applications/STM32CubeIDE.app/Contents/Eclipse/plugins/com.st.stm32cube.ide.mcu.externaltools.gnu-tools-for-stm32.12.3.rel1.macos64_1.0.100.202403111906/tools/bin/../lib/gcc/arm-none-eabi/12.3.1/../../../../arm-none-eabi/lib/thumb/v7e-m+fp/hard/libc_nano.a(libc_a-mallocr.o)
 .ARM.attributes
                0x0000084f       0x34 /Applications/STM32CubeIDE.app/Contents/Eclipse/plugins/com.st.stm32cube.ide.mcu.externaltools.gnu-tools-for-stm32.12.3.rel1.macos64_1.0.100.202403111906/tools/bin/../lib/gcc/arm-none-eabi/12.3.1/../../../../arm-none-eabi/lib/thumb/v7e-m+fp/hard/libc_nano.a(libc_a-mlock.o)
 .ARM.attributes
                0x00000883       0x34 /Applications/STM32CubeIDE.app/Contents/Eclipse/plugins/com.st.stm32cube.ide.mcu.externaltools.gnu-tools-for-stm32.12.3.rel1.macos64_1.0.100.202403111906/tools/bin/../lib/gcc/arm-none-eabi/12.3.1/../../../../arm-none-eabi/lib/thumb/v7e-m+fp/hard/libc_nano.a(libc_a-findfp.o)
 .ARM.attributes
                0x000008b7       0x34 /Applications/STM32CubeIDE.app/Contents/Eclipse/plugins/com.st.stm32cube.ide.mcu.externaltools.gnu-tools-for-stm32.12.3.rel1.macos64_1.0.100.202403111906/tools/bin/../lib/gcc/arm-none-eabi/12.3.1/../../../../arm-none-eabi/lib/thumb/v7e-m+fp/hard/libc_nano.a(libc_a-memset.o)
 .ARM.attributes
                0x000008eb       0x34 /Applications/STM32CubeIDE.app/Contents/Eclipse/plugins/com.st.stm32cube.ide.mcu.externaltools.gnu-tools-for-stm32.12.3.rel1.macos64_1.0.100.202403111906/tools/bin/../lib/gcc/arm-none-eabi/12.3.1/../../../../arm-none-eabi/lib/thumb/v7e-m+fp/hard/libc_nano.a(libc_a-impure.o)
 .ARM.attributes
                0x0000091f       0x34 /Applications/STM32CubeIDE.app/Contents/Eclipse/plugins/com.st.stm32cube.ide.mcu.externaltools.gnu-tools-for-stm32.12.3.rel1.macos64_1.0.100.202403111906/tools/bin/../lib/gcc/arm-none-eabi/12.3.1/../../../../arm-none-eabi/lib/thumb/v7e-m+fp/hard/libc_nano.a(libc_a-sbrkr.o)
 .ARM.attributes
                0x00000953       0x34 /Applications/STM32CubeIDE.app/Contents/Eclipse/plugins/com.st.stm32cube.ide.mcu.externaltools.gnu-tools-for-stm32.12.3.rel1.macos64_1.0.100.202403111906/tools/bin/../lib/gcc/arm-none-eabi/12.3.1/../../../../arm-none-eabi/lib/thumb/v7e-m+fp/hard/libc_nano.a(libc_a-errno.o)
 .ARM.attributes
                0x00000987       0x34 /Applications/STM32CubeIDE.app/Contents/Eclipse/plugins/com.st.stm32cube.ide.mcu.externaltools.gnu-tools-for-stm32.12.3.rel1.macos64_1.0.100.202403111906/tools/bin/../lib/gcc/arm-none-eabi/12.3.1/../../../../arm-none-eabi/lib/thumb/v7e-m+fp/hard/libc_nano.a(libc_a-init.o)
 .ARM.attributes
                0x000009bb       0x34 /Applications/STM32CubeIDE.app/Contents/Eclipse/plugins/com.st.stm32cube.ide.mcu.externaltools.gnu-tools-for-stm32.12.3.rel1.macos64_1.0.100.202403111906/tools/bin/../lib/gcc/arm-none-eabi/12.3.1/../../../../arm-none-eabi/lib/thumb/v7e-m+fp/hard/libc_nano.a(libc_a-lock.o)
 .ARM.attributes
                0x000009ef       0x34 /Applications/STM32CubeIDE.app/Contents/Eclipse/plugins/com.st.stm32cube.ide.mcu.externaltools.gnu-tools-for-stm32.12.3.rel1.macos64_1.0.100.202403111906/tools/bin/../lib/gcc/arm-none-eabi/12.3.1/../../../../arm-none-eabi/lib/thumb/v7e-m+fp/hard/libc_nano.a(libc_a-memcpy-stub.o)
 .ARM.attributes
                0x00000a23       0x34 /Applications/STM32CubeIDE.app/Contents/Eclipse/plugins/com.st.stm32cube.ide.mcu.externaltools.gnu-tools-for-stm32.12.3.rel1.macos64_1.0.100.202403111906/tools/bin/../lib/gcc/arm-none-eabi/12.3.1/../../../../arm-none-eabi/lib/thumb/v7e-m+fp/hard/libc_nano.a(libc_a-freer.o)
 .ARM.attributes
                0x00000a57       0x34 /Applications/STM32CubeIDE.app/Contents/Eclipse/plugins/com.st.stm32cube.ide.mcu.externaltools.gnu-tools-for-stm32.12.3.rel1.macos64_1.0.100.202403111906/tools/bin/../lib/gcc/arm-none-eabi/12.3.1/../../../../arm-none-eabi/lib/thumb/v7e-m+fp/hard/libc_nano.a(libc_a-reent.o)
 .ARM.attributes
                0x00000a8b       0x22 /Applications/STM32CubeIDE.app/Contents/Eclipse/plugins/com.st.stm32cube.ide.mcu.externaltools.gnu-tools-for-stm32.12.3.rel1.macos64_1.0.100.202403111906/tools/bin/../lib/gcc/arm-none-eabi/12.3.1/thumb/v7e-m+fp/hard/libgcc.a(_arm_addsubdf3.o)
 .ARM.attributes
                0x00000aad       0x22 /Applications/STM32CubeIDE.app/Contents/Eclipse/plugins/com.st.stm32cube.ide.mcu.externaltools.gnu-tools-for-stm32.12.3.rel1.macos64_1.0.100.202403111906/tools/bin/../lib/gcc/arm-none-eabi/12.3.1/thumb/v7e-m+fp/hard/libgcc.a(_arm_cmpdf2.o)
 .ARM.attributes
                0x00000acf       0x22 /Applications/STM32CubeIDE.app/Contents/Eclipse/plugins/com.st.stm32cube.ide.mcu.externaltools.gnu-tools-for-stm32.12.3.rel1.macos64_1.0.100.202403111906/tools/bin/../lib/gcc/arm-none-eabi/12.3.1/thumb/v7e-m+fp/hard/libgcc.a(_aeabi_uldivmod.o)
 .ARM.attributes
                0x00000af1       0x34 /Applications/STM32CubeIDE.app/Contents/Eclipse/plugins/com.st.stm32cube.ide.mcu.externaltools.gnu-tools-for-stm32.12.3.rel1.macos64_1.0.100.202403111906/tools/bin/../lib/gcc/arm-none-eabi/12.3.1/thumb/v7e-m+fp/hard/libgcc.a(_udivmoddi4.o)
 .ARM.attributes
                0x00000b25       0x22 /Applications/STM32CubeIDE.app/Contents/Eclipse/plugins/com.st.stm32cube.ide.mcu.externaltools.gnu-tools-for-stm32.12.3.rel1.macos64_1.0.100.202403111906/tools/bin/../lib/gcc/arm-none-eabi/12.3.1/thumb/v7e-m+fp/hard/libgcc.a(_dvmd_tls.o)
 .ARM.attributes
                0x00000b47       0x22 /Applications/STM32CubeIDE.app/Contents/Eclipse/plugins/com.st.stm32cube.ide.mcu.externaltools.gnu-tools-for-stm32.12.3.rel1.macos64_1.0.100.202403111906/tools/bin/../lib/gcc/arm-none-eabi/12.3.1/thumb/v7e-m+fp/hard/crtn.o
OUTPUT(haetae-m4f.elf elf32-littlearm)
LOAD linker stubs
LOAD /Applications/STM32CubeIDE.app/Contents/Eclipse/plugins/com.st.stm32cube.ide.mcu.externaltools.gnu-tools-for-stm32.12.3.rel1.macos64_1.0.100.202403111906/tools/bin/../lib/gcc/arm-none-eabi/12.3.1/../../../../arm-none-eabi/lib/thumb/v7e-m+fp/hard/libc.a
LOAD /Applications/STM32CubeIDE.app/Contents/Eclipse/plugins/com.st.stm32cube.ide.mcu.externaltools.gnu-tools-for-stm32.12.3.rel1.macos64_1.0.100.202403111906/tools/bin/../lib/gcc/arm-none-eabi/12.3.1/../../../../arm-none-eabi/lib/thumb/v7e-m+fp/hard/libm.a
LOAD /Applications/STM32CubeIDE.app/Contents/Eclipse/plugins/com.st.stm32cube.ide.mcu.externaltools.gnu-tools-for-stm32.12.3.rel1.macos64_1.0.100.202403111906/tools/bin/../lib/gcc/arm-none-eabi/12.3.1/thumb/v7e-m+fp/hard/libgcc.a

.debug_info     0x00000000    0x1b7ba
 .debug_info    0x00000000      0x1af ./Core/Src/decompose.o
 .debug_info    0x000001af      0x383 ./Core/Src/fft.o
 .debug_info    0x00000532     0x1062 ./Core/Src/fips202.o
 .debug_info    0x00001594      0x528 ./Core/Src/keccakf1600.o
 .debug_info    0x00001abc     0x119e ./Core/Src/main.o
 .debug_info    0x00002c5a       0x25 ./Core/Src/ntt332.o
 .debug_info    0x00002c7f      0x73d ./Core/Src/packing.o
 .debug_info    0x000033bc     0x109f ./Core/Src/poly.o
 .debug_info    0x0000445b      0xf2c ./Core/Src/polyvec.o
 .debug_info    0x00005387      0x258 ./Core/Src/randombytes.o
 .debug_info    0x000055df      0x19e ./Core/Src/reduce.o
 .debug_info    0x0000577d      0x960 ./Core/Src/sampler.o
 .debug_info    0x000060dd     0x1944 ./Core/Src/sign.o
 .debug_info    0x00007a21      0xfdb ./Core/Src/stm32f4xx_hal_msp.o
 .debug_info    0x000089fc      0x6a5 ./Core/Src/stm32f4xx_it.o
 .debug_info    0x000090a1      0x405 ./Core/Src/symmetric-shake.o
 .debug_info    0x000094a6      0x168 ./Core/Src/sysmem.o
 .debug_info    0x0000960e      0x512 ./Core/Src/system_stm32f4xx.o
 .debug_info    0x00009b20       0x30 ./Core/Startup/startup_stm32f407vgtx.o
 .debug_info    0x00009b50      0x944 ./Drivers/STM32F4xx_HAL_Driver/Src/stm32f4xx_hal.o
 .debug_info    0x0000a494      0xd57 ./Drivers/STM32F4xx_HAL_Driver/Src/stm32f4xx_hal_cortex.o
 .debug_info    0x0000b1eb      0x6c3 ./Drivers/STM32F4xx_HAL_Driver/Src/stm32f4xx_hal_gpio.o
 .debug_info    0x0000b8ae     0x114c ./Drivers/STM32F4xx_HAL_Driver/Src/stm32f4xx_hal_hcd.o
 .debug_info    0x0000c9fa     0x2415 ./Drivers/STM32F4xx_HAL_Driver/Src/stm32f4xx_hal_i2c.o
 .debug_info    0x0000ee0f      0xdf8 ./Drivers/STM32F4xx_HAL_Driver/Src/stm32f4xx_hal_i2s.o
 .debug_info    0x0000fc07      0xaeb ./Drivers/STM32F4xx_HAL_Driver/Src/stm32f4xx_hal_i2s_ex.o
 .debug_info    0x000106f2      0x8b1 ./Drivers/STM32F4xx_HAL_Driver/Src/stm32f4xx_hal_rcc.o
 .debug_info    0x00010fa3      0x53a ./Drivers/STM32F4xx_HAL_Driver/Src/stm32f4xx_hal_rcc_ex.o
 .debug_info    0x000114dd     0x15fb ./Drivers/STM32F4xx_HAL_Driver/Src/stm32f4xx_hal_spi.o
 .debug_info    0x00012ad8     0x1993 ./Drivers/STM32F4xx_HAL_Driver/Src/stm32f4xx_ll_usb.o
 .debug_info    0x0001446b     0x1470 ./Middlewares/ST/STM32_USB_Host_Library/Class/CDC/Src/usbh_cdc.o
 .debug_info    0x000158db      0xfb2 ./Middlewares/ST/STM32_USB_Host_Library/Core/Src/usbh_core.o
 .debug_info    0x0001688d      0xfa6 ./Middlewares/ST/STM32_USB_Host_Library/Core/Src/usbh_ctlreq.o
 .debug_info    0x00017833      0xc2b ./Middlewares/ST/STM32_USB_Host_Library/Core/Src/usbh_ioreq.o
 .debug_info    0x0001845e      0xa8e ./Middlewares/ST/STM32_USB_Host_Library/Core/Src/usbh_pipes.o
 .debug_info    0x00018eec      0xa10 ./USB_HOST/App/usb_host.o
 .debug_info    0x000198fc     0x1ce6 ./USB_HOST/Target/usbh_conf.o
 .debug_info    0x0001b5e2      0x1d8 ./USB_HOST/Target/usbh_platform.o

.debug_abbrev   0x00000000     0x4c98
 .debug_abbrev  0x00000000       0xe5 ./Core/Src/decompose.o
 .debug_abbrev  0x000000e5      0x193 ./Core/Src/fft.o
 .debug_abbrev  0x00000278      0x1ef ./Core/Src/fips202.o
 .debug_abbrev  0x00000467       0xb1 ./Core/Src/keccakf1600.o
 .debug_abbrev  0x00000518      0x2e2 ./Core/Src/main.o
 .debug_abbrev  0x000007fa       0x14 ./Core/Src/ntt332.o
 .debug_abbrev  0x0000080e      0x19f ./Core/Src/packing.o
 .debug_abbrev  0x000009ad      0x258 ./Core/Src/poly.o
 .debug_abbrev  0x00000c05      0x279 ./Core/Src/polyvec.o
 .debug_abbrev  0x00000e7e      0x119 ./Core/Src/randombytes.o
 .debug_abbrev  0x00000f97       0xcd ./Core/Src/reduce.o
 .debug_abbrev  0x00001064      0x279 ./Core/Src/sampler.o
 .debug_abbrev  0x000012dd      0x2b5 ./Core/Src/sign.o
 .debug_abbrev  0x00001592      0x21e ./Core/Src/stm32f4xx_hal_msp.o
 .debug_abbrev  0x000017b0      0x1a4 ./Core/Src/stm32f4xx_it.o
 .debug_abbrev  0x00001954      0x10e ./Core/Src/symmetric-shake.o
 .debug_abbrev  0x00001a62       0xbc ./Core/Src/sysmem.o
 .debug_abbrev  0x00001b1e      0x11a ./Core/Src/system_stm32f4xx.o
 .debug_abbrev  0x00001c38       0x24 ./Core/Startup/startup_stm32f407vgtx.o
 .debug_abbrev  0x00001c5c      0x214 ./Drivers/STM32F4xx_HAL_Driver/Src/stm32f4xx_hal.o
 .debug_abbrev  0x00001e70      0x328 ./Drivers/STM32F4xx_HAL_Driver/Src/stm32f4xx_hal_cortex.o
 .debug_abbrev  0x00002198      0x1d4 ./Drivers/STM32F4xx_HAL_Driver/Src/stm32f4xx_hal_gpio.o
 .debug_abbrev  0x0000236c      0x296 ./Drivers/STM32F4xx_HAL_Driver/Src/stm32f4xx_hal_hcd.o
 .debug_abbrev  0x00002602      0x2ad ./Drivers/STM32F4xx_HAL_Driver/Src/stm32f4xx_hal_i2c.o
 .debug_abbrev  0x000028af      0x256 ./Drivers/STM32F4xx_HAL_Driver/Src/stm32f4xx_hal_i2s.o
 .debug_abbrev  0x00002b05      0x288 ./Drivers/STM32F4xx_HAL_Driver/Src/stm32f4xx_hal_i2s_ex.o
 .debug_abbrev  0x00002d8d      0x2b6 ./Drivers/STM32F4xx_HAL_Driver/Src/stm32f4xx_hal_rcc.o
 .debug_abbrev  0x00003043      0x1af ./Drivers/STM32F4xx_HAL_Driver/Src/stm32f4xx_hal_rcc_ex.o
 .debug_abbrev  0x000031f2      0x284 ./Drivers/STM32F4xx_HAL_Driver/Src/stm32f4xx_hal_spi.o
 .debug_abbrev  0x00003476      0x2b3 ./Drivers/STM32F4xx_HAL_Driver/Src/stm32f4xx_ll_usb.o
 .debug_abbrev  0x00003729      0x33c ./Middlewares/ST/STM32_USB_Host_Library/Class/CDC/Src/usbh_cdc.o
 .debug_abbrev  0x00003a65      0x32a ./Middlewares/ST/STM32_USB_Host_Library/Core/Src/usbh_core.o
 .debug_abbrev  0x00003d8f      0x2ff ./Middlewares/ST/STM32_USB_Host_Library/Core/Src/usbh_ctlreq.o
 .debug_abbrev  0x0000408e      0x245 ./Middlewares/ST/STM32_USB_Host_Library/Core/Src/usbh_ioreq.o
 .debug_abbrev  0x000042d3      0x281 ./Middlewares/ST/STM32_USB_Host_Library/Core/Src/usbh_pipes.o
 .debug_abbrev  0x00004554      0x26e ./USB_HOST/App/usb_host.o
 .debug_abbrev  0x000047c2      0x3c2 ./USB_HOST/Target/usbh_conf.o
 .debug_abbrev  0x00004b84      0x114 ./USB_HOST/Target/usbh_platform.o

.debug_aranges  0x00000000     0x18d8
 .debug_aranges
                0x00000000       0x30 ./Core/Src/decompose.o
 .debug_aranges
                0x00000030       0x50 ./Core/Src/fft.o
 .debug_aranges
                0x00000080      0x1b8 ./Core/Src/fips202.o
 .debug_aranges
                0x00000238       0x30 ./Core/Src/keccakf1600.o
 .debug_aranges
                0x00000268       0x50 ./Core/Src/main.o
 .debug_aranges
                0x000002b8       0x20 ./Core/Src/ntt332.o
 .debug_aranges
                0x000002d8       0x48 ./Core/Src/packing.o
 .debug_aranges
                0x00000320      0x168 ./Core/Src/poly.o
 .debug_aranges
                0x00000488      0x130 ./Core/Src/polyvec.o
 .debug_aranges
                0x000005b8       0x30 ./Core/Src/randombytes.o
 .debug_aranges
                0x000005e8       0x40 ./Core/Src/reduce.o
 .debug_aranges
                0x00000628       0xa0 ./Core/Src/sampler.o
 .debug_aranges
                0x000006c8       0xe0 ./Core/Src/sign.o
 .debug_aranges
                0x000007a8       0x50 ./Core/Src/stm32f4xx_hal_msp.o
 .debug_aranges
                0x000007f8       0x68 ./Core/Src/stm32f4xx_it.o
 .debug_aranges
                0x00000860       0x50 ./Core/Src/symmetric-shake.o
 .debug_aranges
                0x000008b0       0x20 ./Core/Src/sysmem.o
 .debug_aranges
                0x000008d0       0x28 ./Core/Src/system_stm32f4xx.o
 .debug_aranges
                0x000008f8       0x28 ./Core/Startup/startup_stm32f407vgtx.o
 .debug_aranges
                0x00000920       0xf0 ./Drivers/STM32F4xx_HAL_Driver/Src/stm32f4xx_hal.o
 .debug_aranges
                0x00000a10      0x120 ./Drivers/STM32F4xx_HAL_Driver/Src/stm32f4xx_hal_cortex.o
 .debug_aranges
                0x00000b30       0x58 ./Drivers/STM32F4xx_HAL_Driver/Src/stm32f4xx_hal_gpio.o
 .debug_aranges
                0x00000b88      0x108 ./Drivers/STM32F4xx_HAL_Driver/Src/stm32f4xx_hal_hcd.o
 .debug_aranges
                0x00000c90      0x2a8 ./Drivers/STM32F4xx_HAL_Driver/Src/stm32f4xx_hal_i2c.o
 .debug_aranges
                0x00000f38      0x108 ./Drivers/STM32F4xx_HAL_Driver/Src/stm32f4xx_hal_i2s.o
 .debug_aranges
                0x00001040       0x88 ./Drivers/STM32F4xx_HAL_Driver/Src/stm32f4xx_hal_i2s_ex.o
 .debug_aranges
                0x000010c8       0x88 ./Drivers/STM32F4xx_HAL_Driver/Src/stm32f4xx_hal_rcc.o
 .debug_aranges
                0x00001150       0x48 ./Drivers/STM32F4xx_HAL_Driver/Src/stm32f4xx_hal_rcc_ex.o
 .debug_aranges
                0x00001198      0x1d0 ./Drivers/STM32F4xx_HAL_Driver/Src/stm32f4xx_hal_spi.o
 .debug_aranges
                0x00001368      0x1a0 ./Drivers/STM32F4xx_HAL_Driver/Src/stm32f4xx_ll_usb.o
 .debug_aranges
                0x00001508       0xa8 ./Middlewares/ST/STM32_USB_Host_Library/Class/CDC/Src/usbh_cdc.o
 .debug_aranges
                0x000015b0       0xc0 ./Middlewares/ST/STM32_USB_Host_Library/Core/Src/usbh_core.o
 .debug_aranges
                0x00001670       0xa0 ./Middlewares/ST/STM32_USB_Host_Library/Core/Src/usbh_ctlreq.o
 .debug_aranges
                0x00001710       0x60 ./Middlewares/ST/STM32_USB_Host_Library/Core/Src/usbh_ioreq.o
 .debug_aranges
                0x00001770       0x40 ./Middlewares/ST/STM32_USB_Host_Library/Core/Src/usbh_pipes.o
 .debug_aranges
                0x000017b0       0x30 ./USB_HOST/App/usb_host.o
 .debug_aranges
                0x000017e0       0xd8 ./USB_HOST/Target/usbh_conf.o
 .debug_aranges
                0x000018b8       0x20 ./USB_HOST/Target/usbh_platform.o

.debug_rnglists
                0x00000000     0x12c8
 .debug_rnglists
                0x00000000       0x1f ./Core/Src/decompose.o
 .debug_rnglists
                0x0000001f       0x39 ./Core/Src/fft.o
 .debug_rnglists
                0x00000058      0x14d ./Core/Src/fips202.o
 .debug_rnglists
                0x000001a5       0x21 ./Core/Src/keccakf1600.o
 .debug_rnglists
                0x000001c6       0x3a ./Core/Src/main.o
 .debug_rnglists
                0x00000200       0x35 ./Core/Src/packing.o
 .debug_rnglists
                0x00000235      0x117 ./Core/Src/poly.o
 .debug_rnglists
                0x0000034c       0xe6 ./Core/Src/polyvec.o
 .debug_rnglists
                0x00000432       0x21 ./Core/Src/randombytes.o
 .debug_rnglists
                0x00000453       0x2e ./Core/Src/reduce.o
 .debug_rnglists
                0x00000481       0x87 ./Core/Src/sampler.o
 .debug_rnglists
                0x00000508       0xaf ./Core/Src/sign.o
 .debug_rnglists
                0x000005b7       0x3a ./Core/Src/stm32f4xx_hal_msp.o
 .debug_rnglists
                0x000005f1       0x49 ./Core/Src/stm32f4xx_it.o
 .debug_rnglists
                0x0000063a       0x37 ./Core/Src/symmetric-shake.o
 .debug_rnglists
                0x00000671       0x13 ./Core/Src/sysmem.o
 .debug_rnglists
                0x00000684       0x1a ./Core/Src/system_stm32f4xx.o
 .debug_rnglists
                0x0000069e       0x19 ./Core/Startup/startup_stm32f407vgtx.o
 .debug_rnglists
                0x000006b7       0xaf ./Drivers/STM32F4xx_HAL_Driver/Src/stm32f4xx_hal.o
 .debug_rnglists
                0x00000766       0xd4 ./Drivers/STM32F4xx_HAL_Driver/Src/stm32f4xx_hal_cortex.o
 .debug_rnglists